Archive member included to satisfy reference by file (symbol)

C:/ARM GNU Toolchain/bin/../lib/gcc/arm-none-eabi/13.3.1/thumb/v7e-m+fp/hard\libc_nano.a(libc_a-exit.o)
                              C:/ARM GNU Toolchain/bin/../lib/gcc/arm-none-eabi/13.3.1/thumb/v7e-m+fp/hard/crt0.o (exit)
C:/ARM GNU Toolchain/bin/../lib/gcc/arm-none-eabi/13.3.1/thumb/v7e-m+fp/hard\libc_nano.a(libc_a-findfp.o)
                              C:/ARM GNU Toolchain/bin/../lib/gcc/arm-none-eabi/13.3.1/thumb/v7e-m+fp/hard\libc_nano.a(libc_a-exit.o) (__stdio_exit_handler)
C:/ARM GNU Toolchain/bin/../lib/gcc/arm-none-eabi/13.3.1/thumb/v7e-m+fp/hard\libc_nano.a(libc_a-fwalk.o)
                              C:/ARM GNU Toolchain/bin/../lib/gcc/arm-none-eabi/13.3.1/thumb/v7e-m+fp/hard\libc_nano.a(libc_a-findfp.o) (_fwalk_sglue)
C:/ARM GNU Toolchain/bin/../lib/gcc/arm-none-eabi/13.3.1/thumb/v7e-m+fp/hard\libc_nano.a(libc_a-stdio.o)
                              C:/ARM GNU Toolchain/bin/../lib/gcc/arm-none-eabi/13.3.1/thumb/v7e-m+fp/hard\libc_nano.a(libc_a-findfp.o) (__sread)
C:/ARM GNU Toolchain/bin/../lib/gcc/arm-none-eabi/13.3.1/thumb/v7e-m+fp/hard\libc_nano.a(libc_a-memset.o)
                              C:/ARM GNU Toolchain/bin/../lib/gcc/arm-none-eabi/13.3.1/thumb/v7e-m+fp/hard/crt0.o (memset)
C:/ARM GNU Toolchain/bin/../lib/gcc/arm-none-eabi/13.3.1/thumb/v7e-m+fp/hard\libc_nano.a(libc_a-closer.o)
                              C:/ARM GNU Toolchain/bin/../lib/gcc/arm-none-eabi/13.3.1/thumb/v7e-m+fp/hard\libc_nano.a(libc_a-stdio.o) (_close_r)
C:/ARM GNU Toolchain/bin/../lib/gcc/arm-none-eabi/13.3.1/thumb/v7e-m+fp/hard\libc_nano.a(libc_a-reent.o)
                              C:/ARM GNU Toolchain/bin/../lib/gcc/arm-none-eabi/13.3.1/thumb/v7e-m+fp/hard\libc_nano.a(libc_a-closer.o) (errno)
C:/ARM GNU Toolchain/bin/../lib/gcc/arm-none-eabi/13.3.1/thumb/v7e-m+fp/hard\libc_nano.a(libc_a-impure.o)
                              C:/ARM GNU Toolchain/bin/../lib/gcc/arm-none-eabi/13.3.1/thumb/v7e-m+fp/hard\libc_nano.a(libc_a-reent.o) (_impure_ptr)
C:/ARM GNU Toolchain/bin/../lib/gcc/arm-none-eabi/13.3.1/thumb/v7e-m+fp/hard\libc_nano.a(libc_a-lseekr.o)
                              C:/ARM GNU Toolchain/bin/../lib/gcc/arm-none-eabi/13.3.1/thumb/v7e-m+fp/hard\libc_nano.a(libc_a-stdio.o) (_lseek_r)
C:/ARM GNU Toolchain/bin/../lib/gcc/arm-none-eabi/13.3.1/thumb/v7e-m+fp/hard\libc_nano.a(libc_a-readr.o)
                              C:/ARM GNU Toolchain/bin/../lib/gcc/arm-none-eabi/13.3.1/thumb/v7e-m+fp/hard\libc_nano.a(libc_a-stdio.o) (_read_r)
C:/ARM GNU Toolchain/bin/../lib/gcc/arm-none-eabi/13.3.1/thumb/v7e-m+fp/hard\libc_nano.a(libc_a-writer.o)
                              C:/ARM GNU Toolchain/bin/../lib/gcc/arm-none-eabi/13.3.1/thumb/v7e-m+fp/hard\libc_nano.a(libc_a-stdio.o) (_write_r)
C:/ARM GNU Toolchain/bin/../lib/gcc/arm-none-eabi/13.3.1/thumb/v7e-m+fp/hard\libc_nano.a(libc_a-errno.o)
                              build/syscalls.o (__errno)
C:/ARM GNU Toolchain/bin/../lib/gcc/arm-none-eabi/13.3.1/thumb/v7e-m+fp/hard\libc_nano.a(libc_a-init.o)
                              C:/ARM GNU Toolchain/bin/../lib/gcc/arm-none-eabi/13.3.1/thumb/v7e-m+fp/hard/crt0.o (__libc_init_array)
C:/ARM GNU Toolchain/bin/../lib/gcc/arm-none-eabi/13.3.1/thumb/v7e-m+fp/hard\libc_nano.a(libc_a-lock.o)
                              C:/ARM GNU Toolchain/bin/../lib/gcc/arm-none-eabi/13.3.1/thumb/v7e-m+fp/hard\libc_nano.a(libc_a-findfp.o) (__retarget_lock_init_recursive)
C:/ARM GNU Toolchain/bin/../lib/gcc/arm-none-eabi/13.3.1/thumb/v7e-m+fp/hard\libc_nano.a(libc_a-memcpy-stub.o)
                              build/queue.o (memcpy)
C:/ARM GNU Toolchain/bin/../lib/gcc/arm-none-eabi/13.3.1/thumb/v7e-m+fp/hard\libc_nano.a(libc_a-freer.o)
                              C:/ARM GNU Toolchain/bin/../lib/gcc/arm-none-eabi/13.3.1/thumb/v7e-m+fp/hard\libc_nano.a(libc_a-reent.o) (_free_r)
C:/ARM GNU Toolchain/bin/../lib/gcc/arm-none-eabi/13.3.1/thumb/v7e-m+fp/hard\libc_nano.a(libc_a-mallocr.o)
                              C:/ARM GNU Toolchain/bin/../lib/gcc/arm-none-eabi/13.3.1/thumb/v7e-m+fp/hard\libc_nano.a(libc_a-findfp.o) (_malloc_r)
C:/ARM GNU Toolchain/bin/../lib/gcc/arm-none-eabi/13.3.1/thumb/v7e-m+fp/hard\libc_nano.a(libc_a-mlock.o)
                              C:/ARM GNU Toolchain/bin/../lib/gcc/arm-none-eabi/13.3.1/thumb/v7e-m+fp/hard\libc_nano.a(libc_a-freer.o) (__malloc_lock)
C:/ARM GNU Toolchain/bin/../lib/gcc/arm-none-eabi/13.3.1/thumb/v7e-m+fp/hard\libc_nano.a(libc_a-fflush.o)
                              C:/ARM GNU Toolchain/bin/../lib/gcc/arm-none-eabi/13.3.1/thumb/v7e-m+fp/hard\libc_nano.a(libc_a-findfp.o) (_fflush_r)
C:/ARM GNU Toolchain/bin/../lib/gcc/arm-none-eabi/13.3.1/thumb/v7e-m+fp/hard\libc_nano.a(libc_a-sbrkr.o)
                              C:/ARM GNU Toolchain/bin/../lib/gcc/arm-none-eabi/13.3.1/thumb/v7e-m+fp/hard\libc_nano.a(libc_a-mallocr.o) (_sbrk_r)
[...]
Memory Configuration

Name             Origin             Length             Attributes
RAM              0x20000000         0x00020000         xrw
CCMRAM           0x10000000         0x00010000         xrw
FLASH            0x08000000         0x00100000         xr
*default*        0x00000000         0xffffffff

Linker script and memory map

LOAD C:/ARM GNU Toolchain/bin/../lib/gcc/arm-none-eabi/13.3.1/thumb/v7e-m+fp/hard/crti.o
LOAD C:/ARM GNU Toolchain/bin/../lib/gcc/arm-none-eabi/13.3.1/thumb/v7e-m+fp/hard/crtbegin.o
LOAD C:/ARM GNU Toolchain/bin/../lib/gcc/arm-none-eabi/13.3.1/thumb/v7e-m+fp/hard/crt0.o
LOAD build/main.o
LOAD build/stm32f4xx_hal_msp.o
LOAD build/stm32f4xx_it.o
LOAD build/syscalls.o
LOAD build/sysmem.o
LOAD build/system_stm32f4xx.o
LOAD build/port.o
LOAD build/heap_4.o
LOAD build/croutine.o
LOAD build/event_groups.o
LOAD build/list.o
LOAD build/queue.o
LOAD build/stream_buffer.o
LOAD build/tasks.o
LOAD build/timers.o
LOAD build/stm32f4xx_hal_tim_ex.o
LOAD build/stm32f4xx_hal_rcc.o
LOAD build/stm32f4xx_hal_rcc_ex.o
LOAD build/stm32f4xx_hal_flash.o
LOAD build/stm32f4xx_hal_flash_ex.o
LOAD build/stm32f4xx_hal_flash_ramfunc.o
LOAD build/stm32f4xx_hal_gpio.o
LOAD build/stm32f4xx_hal_dma_ex.o
LOAD build/stm32f4xx_hal_dma.o
LOAD build/stm32f4xx_hal_pwr.o
LOAD build/stm32f4xx_hal_pwr_ex.o
LOAD build/stm32f4xx_hal_cortex.o
LOAD build/stm32f4xx_hal.o
LOAD build/stm32f4xx_hal_exti.o
LOAD build/stm32f4xx_hal_tim.o
LOAD build/Active_Object.o
LOAD build/Blinky.o
LOAD build/Button.o
LOAD build/SysConfig.o
LOAD build/startup_stm32f407xx.o
LOAD C:/ARM GNU Toolchain/bin/../lib/gcc/arm-none-eabi/13.3.1/thumb/v7e-m+fp/hard\libc_nano.a
LOAD C:/ARM GNU Toolchain/bin/../lib/gcc/arm-none-eabi/13.3.1/thumb/v7e-m+fp/hard\libm.a
LOAD C:/ARM GNU Toolchain/bin/../lib/gcc/arm-none-eabi/13.3.1/thumb/v7e-m+fp/hard\libnosys.a
START GROUP
LOAD C:/ARM GNU Toolchain/bin/../lib/gcc/arm-none-eabi/13.3.1/thumb/v7e-m+fp/hard\libgcc.a
LOAD C:/ARM GNU Toolchain/bin/../lib/gcc/arm-none-eabi/13.3.1/thumb/v7e-m+fp/hard\libc_nano.a
END GROUP
START GROUP
LOAD C:/ARM GNU Toolchain/bin/../lib/gcc/arm-none-eabi/13.3.1/thumb/v7e-m+fp/hard\libgcc.a
LOAD C:/ARM GNU Toolchain/bin/../lib/gcc/arm-none-eabi/13.3.1/thumb/v7e-m+fp/hard\libc_nano.a
END GROUP
LOAD C:/ARM GNU Toolchain/bin/../lib/gcc/arm-none-eabi/13.3.1/thumb/v7e-m+fp/hard/crtend.o
LOAD C:/ARM GNU Toolchain/bin/../lib/gcc/arm-none-eabi/13.3.1/thumb/v7e-m+fp/hard/crtn.o
                0x20020000                        _estack = (ORIGIN (RAM) + LENGTH (RAM))
                0x00000200                        _Min_Heap_Size = 0x200
                0x00000400                        _Min_Stack_Size = 0x400

.isr_vector     0x08000000      0x188
                0x08000000                        . = ALIGN (0x4)
 *(.isr_vector)
 .isr_vector    0x08000000      0x188 build/startup_stm32f407xx.o
                0x08000000                g_pfnVectors
                0x08000188                        . = ALIGN (0x4)

.text           0x08000190     0x3264
                0x08000190                        . = ALIGN (0x4)
 *(.text)
 .text          0x08000190       0x30 C:/ARM GNU Toolchain/bin/../lib/gcc/arm-none-eabi/13.3.1/thumb/v7e-m+fp/hard\libgcc.a(_aeabi_uldivmod.o)
                0x08000190                __aeabi_uldivmod
 .text          0x080001c0        0x4 C:/ARM GNU Toolchain/bin/../lib/gcc/arm-none-eabi/13.3.1/thumb/v7e-m+fp/hard\libgcc.a(_dvmd_tls.o)
                0x080001c0                __aeabi_idiv0
                0x080001c0                __aeabi_ldiv0
 *(.text*)
 .text.deregister_tm_clones
                0x080001c4       0x1c C:/ARM GNU Toolchain/bin/../lib/gcc/arm-none-eabi/13.3.1/thumb/v7e-m+fp/hard/crtbegin.o
 .text.register_tm_clones
                0x080001e0       0x24 C:/ARM GNU Toolchain/bin/../lib/gcc/arm-none-eabi/13.3.1/thumb/v7e-m+fp/hard/crtbegin.o
 .text.__do_global_dtors_aux
                0x08000204       0x28 C:/ARM GNU Toolchain/bin/../lib/gcc/arm-none-eabi/13.3.1/thumb/v7e-m+fp/hard/crtbegin.o
 .text.frame_dummy
                0x0800022c       0x24 C:/ARM GNU Toolchain/bin/../lib/gcc/arm-none-eabi/13.3.1/thumb/v7e-m+fp/hard/crtbegin.o
 .text.main     0x08000250       0x58 build/main.o
                0x08000250                main
 .text.HAL_MspInit
                0x080002a8       0x38 build/stm32f4xx_hal_msp.o
                0x080002a8                HAL_MspInit
 .text.NMI_Handler
                0x080002e0        0x2 build/stm32f4xx_it.o
                0x080002e0                NMI_Handler
 .text.HardFault_Handler
                0x080002e2        0x2 build/stm32f4xx_it.o
                0x080002e2                HardFault_Handler
 .text.MemManage_Handler
                0x080002e4        0x2 build/stm32f4xx_it.o
                0x080002e4                MemManage_Handler
 .text.BusFault_Handler
                0x080002e6        0x2 build/stm32f4xx_it.o
                0x080002e6                BusFault_Handler
 .text.UsageFault_Handler
                0x080002e8        0x2 build/stm32f4xx_it.o
                0x080002e8                UsageFault_Handler
 .text.DebugMon_Handler
                0x080002ea        0x2 build/stm32f4xx_it.o
                0x080002ea                DebugMon_Handler
 .text.EXTI0_IRQHandler
                0x080002ec       0x6c build/stm32f4xx_it.o
                0x080002ec                EXTI0_IRQHandler
 .text.HAL_TIM_PeriodElapsedCallback
                0x08000358       0x4c build/stm32f4xx_it.o
                0x08000358                HAL_TIM_PeriodElapsedCallback
 .text.SystemInit
                0x080003a4       0x14 build/system_stm32f4xx.o
                0x080003a4                SystemInit
 .text.prvTaskExitError
                0x080003b8       0x40 build/port.o
 .text.prvPortStartFirstTask
                0x080003f8       0x28 build/port.o
 .text.vPortEnableVFP
                0x08000420       0x14 build/port.o
 .text.pxPortInitialiseStack
                0x08000434       0x2c build/port.o
                0x08000434                pxPortInitialiseStack
 .text.SVC_Handler
                0x08000460       0x24 build/port.o
                0x08000460                SVC_Handler
 .text.vPortEnterCritical
                0x08000484       0x44 build/port.o
                0x08000484                vPortEnterCritical
 .text.vPortExitCritical
                0x080004c8       0x2c build/port.o
                0x080004c8                vPortExitCritical
 *fill*         0x080004f4        0xc 
 .text.PendSV_Handler
                0x08000500       0x64 build/port.o
                0x08000500                PendSV_Handler
 .text.SysTick_Handler
                0x08000564       0x2c build/port.o
                0x08000564                SysTick_Handler
 .text.vPortSetupTimerInterrupt
                0x08000590       0x28 build/port.o
                0x08000590                vPortSetupTimerInterrupt
 .text.xPortStartScheduler
                0x080005b8      0x118 build/port.o
                0x080005b8                xPortStartScheduler
 .text.vPortValidateInterruptPriority
                0x080006d0       0x5c build/port.o
                0x080006d0                vPortValidateInterruptPriority
 .text.prvHeapInit
                0x0800072c       0x58 build/heap_4.o
 .text.prvInsertBlockIntoFreeList
                0x08000784       0x64 build/heap_4.o
 .text.pvPortMalloc
                0x080007e8       0xf4 build/heap_4.o
                0x080007e8                pvPortMalloc
 .text.vPortFree
                0x080008dc       0x74 build/heap_4.o
                0x080008dc                vPortFree
 .text.vListInitialise
                0x08000950       0x16 build/list.o
                0x08000950                vListInitialise
 .text.vListInitialiseItem
                0x08000966        0x6 build/list.o
                0x08000966                vListInitialiseItem
 .text.vListInsert
                0x0800096c       0x32 build/list.o
                0x0800096c                vListInsert
 .text.uxListRemove
                0x0800099e       0x26 build/list.o
                0x0800099e                uxListRemove
 .text.prvIsQueueFull
                0x080009c4       0x1e build/queue.o
 .text.prvIsQueueEmpty
                0x080009e2       0x1a build/queue.o
 .text.prvCopyDataToQueue
                0x080009fc       0x76 build/queue.o
 .text.prvCopyDataFromQueue
                0x08000a72       0x24 build/queue.o
 .text.prvUnlockQueue
                0x08000a96       0x6e build/queue.o
 .text.xQueueGenericReset
                0x08000b04       0xaa build/queue.o
                0x08000b04                xQueueGenericReset
 .text.prvInitialiseNewQueue
                0x08000bae       0x22 build/queue.o
 .text.xQueueGenericCreate
                0x08000bd0       0x56 build/queue.o
                0x08000bd0                xQueueGenericCreate
 .text.xQueueGenericSend
                0x08000c26      0x188 build/queue.o
                0x08000c26                xQueueGenericSend
 .text.xQueueGenericSendFromISR
                0x08000dae       0xf2 build/queue.o
                0x08000dae                xQueueGenericSendFromISR
 .text.xQueueReceive
                0x08000ea0      0x15e build/queue.o
                0x08000ea0                xQueueReceive
 *fill*         0x08000ffe        0x2 
 .text.vQueueAddToRegistry
                0x08001000       0x60 build/queue.o
                0x08001000                vQueueAddToRegistry
 .text.vQueueWaitForMessageRestricted
                0x08001060       0x52 build/queue.o
                0x08001060                vQueueWaitForMessageRestricted
 *fill*         0x080010b2        0x2 
 .text.prvResetNextTaskUnblockTime
                0x080010b4       0x28 build/tasks.o
 .text.prvDeleteTCB
                0x080010dc       0x12 build/tasks.o
 .text.prvInitialiseNewTask
                0x080010ee       0x8e build/tasks.o
 .text.prvInitialiseTaskLists
                0x0800117c       0x68 build/tasks.o
 .text.prvAddNewTaskToReadyList
                0x080011e4       0xc8 build/tasks.o
 .text.prvCheckTasksWaitingTermination
                0x080012ac       0x4c build/tasks.o
 .text.prvIdleTask
                0x080012f8       0x28 build/tasks.o
 .text.prvAddCurrentTaskToDelayedList
                0x08001320       0xb0 build/tasks.o
 .text.xTaskCreate
                0x080013d0       0x68 build/tasks.o
                0x080013d0                xTaskCreate
 .text.vTaskStartScheduler
                0x08001438       0x8c build/tasks.o
                0x08001438                vTaskStartScheduler
 .text.vTaskSuspendAll
                0x080014c4       0x10 build/tasks.o
                0x080014c4                vTaskSuspendAll
 .text.xTaskGetTickCount
                0x080014d4        0xc build/tasks.o
                0x080014d4                xTaskGetTickCount
 .text.uxTaskGetNumberOfTasks
                0x080014e0        0xc build/tasks.o
                0x080014e0                uxTaskGetNumberOfTasks
 .text.xTaskIncrementTick
                0x080014ec      0x178 build/tasks.o
                0x080014ec                xTaskIncrementTick
 .text.xTaskResumeAll
                0x08001664      0x14c build/tasks.o
                0x08001664                xTaskResumeAll
 .text.vTaskSwitchContext
                0x080017b0       0x98 build/tasks.o
                0x080017b0                vTaskSwitchContext
 .text.vTaskPlaceOnEventList
                0x08001848       0x30 build/tasks.o
                0x08001848                vTaskPlaceOnEventList
 .text.vTaskPlaceOnEventListRestricted
                0x08001878       0x54 build/tasks.o
                0x08001878                vTaskPlaceOnEventListRestricted
 .text.xTaskRemoveFromEventList
                0x080018cc       0xf0 build/tasks.o
                0x080018cc                xTaskRemoveFromEventList
 .text.vTaskInternalSetTimeOutState
                0x080019bc       0x18 build/tasks.o
                0x080019bc                vTaskInternalSetTimeOutState
 .text.xTaskCheckForTimeOut
                0x080019d4       0x88 build/tasks.o
                0x080019d4                xTaskCheckForTimeOut
 .text.vTaskMissedYield
                0x08001a5c        0xc build/tasks.o
                0x08001a5c                vTaskMissedYield
 .text.xTaskGetSchedulerState
                0x08001a68       0x20 build/tasks.o
                0x08001a68                xTaskGetSchedulerState
 .text.xTaskPriorityDisinherit
                0x08001a88       0xbc build/tasks.o
                0x08001a88                xTaskPriorityDisinherit
 .text.prvGetNextExpireTime
                0x08001b44       0x20 build/timers.o
 .text.prvInsertTimerInActiveList
                0x08001b64       0x48 build/timers.o
 .text.prvReloadTimer
                0x08001bac       0x28 build/timers.o
 .text.prvProcessExpiredTimer
                0x08001bd4       0x40 build/timers.o
 .text.prvSwitchTimerLists
                0x08001c14       0x30 build/timers.o
 .text.prvSampleTimeNow
                0x08001c44       0x2c build/timers.o
 .text.prvProcessTimerOrBlockTask
                0x08001c70       0x74 build/timers.o
 .text.prvProcessReceivedCommands
                0x08001ce4       0xf0 build/timers.o
 .text.prvTimerTask
                0x08001dd4       0x16 build/timers.o
 *fill*         0x08001dea        0x2 
 .text.prvCheckForValidListAndQueue
                0x08001dec       0x5c build/timers.o
 .text.xTimerCreateTimerTask
                0x08001e48       0x50 build/timers.o
                0x08001e48                xTimerCreateTimerTask
 .text.HAL_TIMEx_MasterConfigSynchronization
                0x08001e98       0x8c build/stm32f4xx_hal_tim_ex.o
                0x08001e98                HAL_TIMEx_MasterConfigSynchronization
 .text.HAL_TIMEx_CommutCallback
                0x08001f24        0x2 build/stm32f4xx_hal_tim_ex.o
                0x08001f24                HAL_TIMEx_CommutCallback
 .text.HAL_TIMEx_BreakCallback
                0x08001f26        0x2 build/stm32f4xx_hal_tim_ex.o
                0x08001f26                HAL_TIMEx_BreakCallback
 .text.HAL_RCC_OscConfig
                0x08001f28      0x3f8 build/stm32f4xx_hal_rcc.o
                0x08001f28                HAL_RCC_OscConfig
 .text.HAL_RCC_GetSysClockFreq
                0x08002320       0xdc build/stm32f4xx_hal_rcc.o
                0x08002320                HAL_RCC_GetSysClockFreq
 .text.HAL_RCC_ClockConfig
                0x080023fc      0x160 build/stm32f4xx_hal_rcc.o
                0x080023fc                HAL_RCC_ClockConfig
 .text.HAL_GPIO_Init
                0x0800255c      0x1ec build/stm32f4xx_hal_gpio.o
                0x0800255c                HAL_GPIO_Init
 .text.HAL_GPIO_ReadPin
                0x08002748        0xe build/stm32f4xx_hal_gpio.o
                0x08002748                HAL_GPIO_ReadPin
 .text.HAL_GPIO_WritePin
                0x08002756        0xc build/stm32f4xx_hal_gpio.o
                0x08002756                HAL_GPIO_WritePin
 .text.HAL_GPIO_TogglePin
                0x08002762       0x12 build/stm32f4xx_hal_gpio.o
                0x08002762                HAL_GPIO_TogglePin
 .text.__NVIC_EnableIRQ
                0x08002774       0x1c build/stm32f4xx_hal_cortex.o
 .text.__NVIC_SetPriority
                0x08002790       0x28 build/stm32f4xx_hal_cortex.o
 .text.NVIC_EncodePriority
                0x080027b8       0x3e build/stm32f4xx_hal_cortex.o
 *fill*         0x080027f6        0x2 
 .text.HAL_NVIC_SetPriorityGrouping
                0x080027f8       0x24 build/stm32f4xx_hal_cortex.o
                0x080027f8                HAL_NVIC_SetPriorityGrouping
 .text.HAL_NVIC_SetPriority
                0x0800281c       0x20 build/stm32f4xx_hal_cortex.o
                0x0800281c                HAL_NVIC_SetPriority
 .text.HAL_NVIC_EnableIRQ
                0x0800283c        0x8 build/stm32f4xx_hal_cortex.o
                0x0800283c                HAL_NVIC_EnableIRQ
 .text.HAL_SYSTICK_Config
                0x08002844       0x28 build/stm32f4xx_hal_cortex.o
                0x08002844                HAL_SYSTICK_Config
 .text.HAL_InitTick
                0x0800286c       0x4c build/stm32f4xx_hal.o
                0x0800286c                HAL_InitTick
 .text.HAL_Init
                0x080028b8       0x34 build/stm32f4xx_hal.o
                0x080028b8                HAL_Init
 .text.HAL_GetTick
                0x080028ec        0xc build/stm32f4xx_hal.o
                0x080028ec                HAL_GetTick
 .text.HAL_TIM_Base_MspInit
                0x080028f8        0x2 build/stm32f4xx_hal_tim.o
                0x080028f8                HAL_TIM_Base_MspInit
 *fill*         0x080028fa        0x2 
 .text.HAL_TIM_Base_Start_IT
                0x080028fc       0x88 build/stm32f4xx_hal_tim.o
                0x080028fc                HAL_TIM_Base_Start_IT
 .text.HAL_TIM_OC_DelayElapsedCallback
                0x08002984        0x2 build/stm32f4xx_hal_tim.o
                0x08002984                HAL_TIM_OC_DelayElapsedCallback
 .text.HAL_TIM_IC_CaptureCallback
                0x08002986        0x2 build/stm32f4xx_hal_tim.o
                0x08002986                HAL_TIM_IC_CaptureCallback
 .text.HAL_TIM_PWM_PulseFinishedCallback
                0x08002988        0x2 build/stm32f4xx_hal_tim.o
                0x08002988                HAL_TIM_PWM_PulseFinishedCallback
 .text.HAL_TIM_TriggerCallback
                0x0800298a        0x2 build/stm32f4xx_hal_tim.o
                0x0800298a                HAL_TIM_TriggerCallback
 .text.HAL_TIM_IRQHandler
                0x0800298c      0x15e build/stm32f4xx_hal_tim.o
                0x0800298c                HAL_TIM_IRQHandler
 *fill*         0x08002aea        0x2 
 .text.TIM_Base_SetConfig
                0x08002aec       0xd8 build/stm32f4xx_hal_tim.o
                0x08002aec                TIM_Base_SetConfig
 .text.HAL_TIM_Base_Init
                0x08002bc4       0x58 build/stm32f4xx_hal_tim.o
                0x08002bc4                HAL_TIM_Base_Init
 .text.initial  0x08002c1c       0x1c build/Active_Object.o
 .text.dispatch
                0x08002c38       0x38 build/Active_Object.o
 .text.postFromISR
                0x08002c70       0x2c build/Active_Object.o
 .text.post     0x08002c9c       0x2e build/Active_Object.o
 *fill*         0x08002cca        0x2 
 .text.start    0x08002ccc       0x48 build/Active_Object.o
 .text.Active_eventloop
                0x08002d14       0x40 build/Active_Object.o
 .text.Active_Constructor
                0x08002d54       0x44 build/Active_Object.o
                0x08002d54                Active_Constructor
 .text.initial  0x08002d98        0xc build/Blinky.o
 .text.constructor
                0x08002da4       0x30 build/Blinky.o
 .text.active   0x08002dd4       0x30 build/Blinky.o
 .text.initial  0x08002e04        0xc build/Button.o
 .text.constructor
                0x08002e10       0x30 build/Button.o
                0x08002e10                constructor
 .text.active   0x08002e40       0x44 build/Button.o
 .text.MX_GPIO_Init
                0x08002e84       0xa8 build/SysConfig.o
 .text.MX_TIM7_Init
                0x08002f2c       0x68 build/SysConfig.o
 .text.MX_Periferal_Init
                0x08002f94        0xc build/SysConfig.o
                0x08002f94                MX_Periferal_Init
 .text.TIM7_IRQHandler
                0x08002fa0       0x10 build/SysConfig.o
                0x08002fa0                TIM7_IRQHandler
 .text.Error_Handler
                0x08002fb0        0x4 build/SysConfig.o
                0x08002fb0                Error_Handler
 .text.SystemClock_Config
                0x08002fb4       0xa4 build/SysConfig.o
                0x08002fb4                SystemClock_Config
 .text.Reset_Handler
                0x08003058       0x50 build/startup_stm32f407xx.o
                0x08003058                Reset_Handler
 .text.Default_Handler
                0x080030a8        0x2 build/startup_stm32f407xx.o
                0x080030a8                RTC_Alarm_IRQHandler
                0x080030a8                HASH_RNG_IRQHandler
                0x080030a8                EXTI2_IRQHandler
                0x080030a8                TIM8_CC_IRQHandler
                0x080030a8                TIM1_CC_IRQHandler
                0x080030a8                DMA2_Stream5_IRQHandler
                0x080030a8                DMA1_Stream5_IRQHandler
                0x080030a8                PVD_IRQHandler
                0x080030a8                SDIO_IRQHandler
                0x080030a8                TAMP_STAMP_IRQHandler
                0x080030a8                CAN2_RX1_IRQHandler
                0x080030a8                EXTI3_IRQHandler
                0x080030a8                TIM8_TRG_COM_TIM14_IRQHandler
                0x080030a8                TIM1_UP_TIM10_IRQHandler
                0x080030a8                TIM8_UP_TIM13_IRQHandler
                0x080030a8                I2C3_ER_IRQHandler
                0x080030a8                I2C2_EV_IRQHandler
                0x080030a8                DMA1_Stream2_IRQHandler
                0x080030a8                CAN1_RX0_IRQHandler
                0x080030a8                FPU_IRQHandler
                0x080030a8                OTG_HS_WKUP_IRQHandler
                0x080030a8                CAN2_SCE_IRQHandler
                0x080030a8                DMA2_Stream2_IRQHandler
                0x080030a8                SPI1_IRQHandler
                0x080030a8                TIM6_DAC_IRQHandler
                0x080030a8                TIM1_BRK_TIM9_IRQHandler
                0x080030a8                DCMI_IRQHandler
                0x080030a8                CAN2_RX0_IRQHandler
                0x080030a8                DMA2_Stream3_IRQHandler
                0x080030a8                USART6_IRQHandler
                0x080030a8                USART3_IRQHandler
                0x080030a8                CAN1_RX1_IRQHandler
                0x080030a8                UART5_IRQHandler
                0x080030a8                DMA2_Stream0_IRQHandler
                0x080030a8                TIM4_IRQHandler
                0x080030a8                I2C1_EV_IRQHandler
                0x080030a8                DMA1_Stream6_IRQHandler
                0x080030a8                DMA1_Stream1_IRQHandler
                0x080030a8                UART4_IRQHandler
                0x080030a8                TIM3_IRQHandler
                0x080030a8                RCC_IRQHandler
                0x080030a8                TIM8_BRK_TIM12_IRQHandler
                0x080030a8                Default_Handler
                0x080030a8                EXTI15_10_IRQHandler
                0x080030a8                ADC_IRQHandler
                0x080030a8                DMA1_Stream7_IRQHandler
                0x080030a8                CAN2_TX_IRQHandler
                0x080030a8                TIM5_IRQHandler
                0x080030a8                DMA2_Stream7_IRQHandler
                0x080030a8                I2C3_EV_IRQHandler
                0x080030a8                EXTI9_5_IRQHandler
                0x080030a8                RTC_WKUP_IRQHandler
                0x080030a8                ETH_WKUP_IRQHandler
                0x080030a8                SPI2_IRQHandler
                0x080030a8                OTG_HS_EP1_IN_IRQHandler
                0x080030a8                DMA1_Stream0_IRQHandler
                0x080030a8                CAN1_TX_IRQHandler
                0x080030a8                EXTI4_IRQHandler
                0x080030a8                FSMC_IRQHandler
                0x080030a8                ETH_IRQHandler
                0x080030a8                OTG_HS_EP1_OUT_IRQHandler
                0x080030a8                WWDG_IRQHandler
                0x080030a8                TIM2_IRQHandler
                0x080030a8                OTG_FS_WKUP_IRQHandler
                0x080030a8                TIM1_TRG_COM_TIM11_IRQHandler
                0x080030a8                OTG_HS_IRQHandler
                0x080030a8                EXTI1_IRQHandler
                0x080030a8                USART2_IRQHandler
                0x080030a8                I2C2_ER_IRQHandler
                0x080030a8                DMA2_Stream1_IRQHandler
                0x080030a8                CAN1_SCE_IRQHandler
                0x080030a8                FLASH_IRQHandler
                0x080030a8                DMA2_Stream4_IRQHandler
                0x080030a8                USART1_IRQHandler
                0x080030a8                OTG_FS_IRQHandler
                0x080030a8                SPI3_IRQHandler
                0x080030a8                DMA1_Stream4_IRQHandler
                0x080030a8                I2C1_ER_IRQHandler
                0x080030a8                DMA2_Stream6_IRQHandler
                0x080030a8                DMA1_Stream3_IRQHandler
 .text.memset   0x080030aa       0x10 C:/ARM GNU Toolchain/bin/../lib/gcc/arm-none-eabi/13.3.1/thumb/v7e-m+fp/hard\libc_nano.a(libc_a-memset.o)
                0x080030aa                memset
 *fill*         0x080030ba        0x2 
 .text.__libc_init_array
                0x080030bc       0x48 C:/ARM GNU Toolchain/bin/../lib/gcc/arm-none-eabi/13.3.1/thumb/v7e-m+fp/hard\libc_nano.a(libc_a-init.o)
                0x080030bc                __libc_init_array
 .text.memcpy   0x08003104       0x1c C:/ARM GNU Toolchain/bin/../lib/gcc/arm-none-eabi/13.3.1/thumb/v7e-m+fp/hard\libc_nano.a(libc_a-memcpy-stub.o)
                0x08003104                memcpy
 .text.__udivmoddi4
                0x08003120      0x2bc C:/ARM GNU Toolchain/bin/../lib/gcc/arm-none-eabi/13.3.1/thumb/v7e-m+fp/hard\libgcc.a(_udivmoddi4.o)
                0x08003120                __udivmoddi4
 *(.glue_7)
 .glue_7        0x080033dc        0x0 linker stubs
 *(.glue_7t)
 .glue_7t       0x080033dc        0x0 linker stubs
 *(.eh_frame)
 .eh_frame      0x080033dc        0x0 C:/ARM GNU Toolchain/bin/../lib/gcc/arm-none-eabi/13.3.1/thumb/v7e-m+fp/hard/crtbegin.o
 *(.init)
 .init          0x080033dc        0x4 C:/ARM GNU Toolchain/bin/../lib/gcc/arm-none-eabi/13.3.1/thumb/v7e-m+fp/hard/crti.o
                0x080033dc                _init
 .init          0x080033e0        0x8 C:/ARM GNU Toolchain/bin/../lib/gcc/arm-none-eabi/13.3.1/thumb/v7e-m+fp/hard/crtn.o
 *(.fini)
 .fini          0x080033e8        0x4 C:/ARM GNU Toolchain/bin/../lib/gcc/arm-none-eabi/13.3.1/thumb/v7e-m+fp/hard/crti.o
                0x080033e8                _fini
 .fini          0x080033ec        0x8 C:/ARM GNU Toolchain/bin/../lib/gcc/arm-none-eabi/13.3.1/thumb/v7e-m+fp/hard/crtn.o
                0x080033f4                        . = ALIGN (0x4)
                0x080033f4                        _etext = .

.vfp11_veneer   0x080033f4        0x0
 .vfp11_veneer  0x080033f4        0x0 linker stubs

.v4_bx          0x080033f4        0x0
 .v4_bx         0x080033f4        0x0 linker stubs

.iplt           0x080033f4        0x0
 .iplt          0x080033f4        0x0 C:/ARM GNU Toolchain/bin/../lib/gcc/arm-none-eabi/13.3.1/thumb/v7e-m+fp/hard/crtbegin.o

.rodata         0x080033f4       0x4c
                0x080033f4                        . = ALIGN (0x4)
 *(.rodata)
 *(.rodata*)
 .rodata.time_evt.0
                0x080033f4        0x2 build/stm32f4xx_it.o
 *fill*         0x080033f6        0x2 
 .rodata.AHBPrescTable
                0x080033f8       0x10 build/system_stm32f4xx.o
                0x080033f8                AHBPrescTable
 .rodata.vTaskStartScheduler.str1.4
                0x08003408       0x1b build/tasks.o
                                  0x5 (size before relaxing)
 *fill*         0x08003423        0x1 
 .rodata.uxTopUsedPriority
                0x08003424        0x4 build/tasks.o
                0x08003424                uxTopUsedPriority
 .rodata.prvCheckForValidListAndQueue.str1.4
                0x08003428        0x5 build/timers.o
 .rodata.xTimerCreateTimerTask.str1.4
                0x08003428        0x8 build/timers.o
 .rodata.start.str1.4
                0x08003428        0x3 build/Active_Object.o
 .rodata.entry_evt.0
                0x08003428        0x2 build/Active_Object.o
 *fill*         0x0800342a        0x2 
 .rodata.entry_evt.1
                0x0800342c        0x2 build/Active_Object.o
 *fill*         0x0800342e        0x2 
 .rodata.entry_evt.2
                0x08003430        0x2 build/Active_Object.o
 *fill*         0x08003432        0x2 
 .rodata.exit_evt.3
                0x08003434        0x2 build/Active_Object.o
 *fill*         0x08003436        0x2 
 .rodata.Blinky
                0x08003438        0x4 build/Blinky.o
                0x08003438                Blinky
 .rodata.Button
                0x0800343c        0x4 build/Button.o
                0x0800343c                Button
                0x08003440                        . = ALIGN (0x4)

.ARM.extab
 *(.ARM.extab* .gnu.linkonce.armextab.*)

.ARM            0x08003440        0x8
                0x08003440                        __exidx_start = .
 *(.ARM.exidx*)
 .ARM.exidx.text.__udivmoddi4
                0x08003440        0x8 C:/ARM GNU Toolchain/bin/../lib/gcc/arm-none-eabi/13.3.1/thumb/v7e-m+fp/hard\libgcc.a(_udivmoddi4.o)
                0x08003448                        __exidx_end = .

.rel.dyn        0x08003448        0x0
 .rel.iplt      0x08003448        0x0 C:/ARM GNU Toolchain/bin/../lib/gcc/arm-none-eabi/13.3.1/thumb/v7e-m+fp/hard/crtbegin.o

.preinit_array  0x08003448        0x0
                0x08003448                        PROVIDE (__preinit_array_start = .)
 *(.preinit_array*)
                0x08003448                        PROVIDE (__preinit_array_end = .)

.init_array     0x08003448        0x4
                0x08003448                        PROVIDE (__init_array_start = .)
 *(SORT_BY_NAME(.init_array.*))
 *(.init_array*)
 .init_array    0x08003448        0x4 C:/ARM GNU Toolchain/bin/../lib/gcc/arm-none-eabi/13.3.1/thumb/v7e-m+fp/hard/crtbegin.o
                0x0800344c                        PROVIDE (__init_array_end = .)

.fini_array     0x0800344c        0x4
                [!provide]                        PROVIDE (__fini_array_start = .)
 *(SORT_BY_NAME(.fini_array.*))
 *(.fini_array*)
 .fini_array    0x0800344c        0x4 C:/ARM GNU Toolchain/bin/../lib/gcc/arm-none-eabi/13.3.1/thumb/v7e-m+fp/hard/crtbegin.o
                [!provide]                        PROVIDE (__fini_array_end = .)
                0x08003450                        _sidata = LOADADDR (.data)

.data           0x20000000       0x10 load address 0x08003450
                0x20000000                        . = ALIGN (0x4)
                0x20000000                        _sdata = .
 *(.data)
 *(.data*)
 .data.SystemCoreClock
                0x20000000        0x4 build/system_stm32f4xx.o
                0x20000000                SystemCoreClock
 .data.uxCriticalNesting
                0x20000004        0x4 build/port.o
 .data.uwTickFreq
                0x20000008        0x1 build/stm32f4xx_hal.o
                0x20000008                uwTickFreq
 *fill*         0x20000009        0x3 
 .data.uwTickPrio
                0x2000000c        0x4 build/stm32f4xx_hal.o
                0x2000000c                uwTickPrio
                0x20000010                        . = ALIGN (0x4)
                0x20000010                        _edata = .
                0x08003460                        _siccmram = LOADADDR (.ccmram)

.tm_clone_table
                0x20000010        0x0 load address 0x08003460
 .tm_clone_table
                0x20000010        0x0 C:/ARM GNU Toolchain/bin/../lib/gcc/arm-none-eabi/13.3.1/thumb/v7e-m+fp/hard/crtbegin.o
 .tm_clone_table
                0x20000010        0x0 C:/ARM GNU Toolchain/bin/../lib/gcc/arm-none-eabi/13.3.1/thumb/v7e-m+fp/hard/crtend.o

.igot.plt       0x20000010        0x0 load address 0x08003460
 .igot.plt      0x20000010        0x0 C:/ARM GNU Toolchain/bin/../lib/gcc/arm-none-eabi/13.3.1/thumb/v7e-m+fp/hard/crtbegin.o

.ccmram         0x10000000        0x0 load address 0x08003460
                0x10000000                        . = ALIGN (0x4)
                0x10000000                        _sccmram = .
 *(.ccmram)
 *(.ccmram*)
                0x10000000                        . = ALIGN (0x4)
                0x10000000                        _eccmram = .
                0x10000000                        . = ALIGN (0x4)

.bss            0x20000010    0x12fc4
                0x20000010                        _sbss = .
                0x20000010                        __bss_start__ = _sbss
 *(.bss)
 *(.bss*)
 .bss.completed.1
                0x20000010        0x1 C:/ARM GNU Toolchain/bin/../lib/gcc/arm-none-eabi/13.3.1/thumb/v7e-m+fp/hard/crtbegin.o
 *fill*         0x20000011        0x3 
 .bss.object.0  0x20000014       0x18 C:/ARM GNU Toolchain/bin/../lib/gcc/arm-none-eabi/13.3.1/thumb/v7e-m+fp/hard/crtbegin.o
 .bss.button    0x2000002c       0xd4 build/main.o
 .bss.blinky    0x20000100       0xd4 build/main.o
 .bss.ulMaxPRIGROUPValue
                0x200001d4        0x4 build/port.o
 .bss.ucMaxSysCallPriority
                0x200001d8        0x1 build/port.o
 *fill*         0x200001d9        0x3 
 .bss.xNumberOfSuccessfulFrees
                0x200001dc        0x4 build/heap_4.o
 .bss.xNumberOfSuccessfulAllocations
                0x200001e0        0x4 build/heap_4.o
 .bss.xMinimumEverFreeBytesRemaining
                0x200001e4        0x4 build/heap_4.o
 .bss.xFreeBytesRemaining
                0x200001e8        0x4 build/heap_4.o
 .bss.pxEnd     0x200001ec        0x4 build/heap_4.o
 .bss.xStart    0x200001f0        0x8 build/heap_4.o
 .bss.ucHeap    0x200001f8    0x12c00 build/heap_4.o
 .bss.xQueueRegistry
                0x20012df8       0x40 build/queue.o
                0x20012df8                xQueueRegistry
 .bss.uxSchedulerSuspended
                0x20012e38        0x4 build/tasks.o
 .bss.xIdleTaskHandle
                0x20012e3c        0x4 build/tasks.o
 .bss.xNextTaskUnblockTime
                0x20012e40        0x4 build/tasks.o
 .bss.uxTaskNumber
                0x20012e44        0x4 build/tasks.o
 .bss.xNumOfOverflows
                0x20012e48        0x4 build/tasks.o
 .bss.xYieldPending
                0x20012e4c        0x4 build/tasks.o
 .bss.xPendedTicks
                0x20012e50        0x4 build/tasks.o
 .bss.xSchedulerRunning
                0x20012e54        0x4 build/tasks.o
 .bss.uxTopReadyPriority
                0x20012e58        0x4 build/tasks.o
 .bss.xTickCount
                0x20012e5c        0x4 build/tasks.o
 .bss.uxCurrentNumberOfTasks
                0x20012e60        0x4 build/tasks.o
 .bss.xSuspendedTaskList
                0x20012e64       0x14 build/tasks.o
 .bss.uxDeletedTasksWaitingCleanUp
                0x20012e78        0x4 build/tasks.o
 .bss.xTasksWaitingTermination
                0x20012e7c       0x14 build/tasks.o
 .bss.xPendingReadyList
                0x20012e90       0x14 build/tasks.o
 .bss.pxOverflowDelayedTaskList
                0x20012ea4        0x4 build/tasks.o
 .bss.pxDelayedTaskList
                0x20012ea8        0x4 build/tasks.o
 .bss.xDelayedTaskList2
                0x20012eac       0x14 build/tasks.o
 .bss.xDelayedTaskList1
                0x20012ec0       0x14 build/tasks.o
 .bss.pxReadyTasksLists
                0x20012ed4       0x64 build/tasks.o
 .bss.pxCurrentTCB
                0x20012f38        0x4 build/tasks.o
                0x20012f38                pxCurrentTCB
 .bss.xLastTime.0
                0x20012f3c        0x4 build/timers.o
 .bss.xTimerTaskHandle
                0x20012f40        0x4 build/timers.o
 .bss.xTimerQueue
                0x20012f44        0x4 build/timers.o
 .bss.pxOverflowTimerList
                0x20012f48        0x4 build/timers.o
 .bss.pxCurrentTimerList
                0x20012f4c        0x4 build/timers.o
 .bss.xActiveTimerList2
                0x20012f50       0x14 build/timers.o
 .bss.xActiveTimerList1
                0x20012f64       0x14 build/timers.o
 .bss.uwTick    0x20012f78        0x4 build/stm32f4xx_hal.o
                0x20012f78                uwTick
 .bss.blinky    0x20012f7c        0x4 build/Blinky.o
                0x20012f7c                blinky
 .bss.AO_blinky
                0x20012f80        0x4 build/Blinky.o
                0x20012f80                AO_blinky
 .bss.button    0x20012f84        0x4 build/Button.o
                0x20012f84                button
 .bss.AO_button
                0x20012f88        0x4 build/Button.o
                0x20012f88                AO_button
 .bss.htim7     0x20012f8c       0x48 build/SysConfig.o
                0x20012f8c                htim7
 *(COMMON)
                0x20012fd4                        . = ALIGN (0x4)
                0x20012fd4                        _ebss = .
                0x20012fd4                        __bss_end__ = _ebss

._user_heap_stack
                0x20012fd4      0x604
                0x20012fd8                        . = ALIGN (0x8)
 *fill*         0x20012fd4        0x4 
                [!provide]                        PROVIDE (end = .)
                0x20012fd8                        PROVIDE (_end = .)
                0x200131d8                        . = (. + _Min_Heap_Size)
 *fill*         0x20012fd8      0x200 
                0x200135d8                        . = (. + _Min_Stack_Size)
 *fill*         0x200131d8      0x400 
                0x200135d8                        . = ALIGN (0x8)

/DISCARD/
 libc.a(*)
 libm.a(*)
 libgcc.a(*)

.ARM.attributes
                0x00000000       0x30
 *(.ARM.attributes)
 .ARM.attributes
                0x00000000       0x22 C:/ARM GNU Toolchain/bin/../lib/gcc/arm-none-eabi/13.3.1/thumb/v7e-m+fp/hard/crti.o
 .ARM.attributes
                0x00000022       0x34 C:/ARM GNU Toolchain/bin/../lib/gcc/arm-none-eabi/13.3.1/thumb/v7e-m+fp/hard/crtbegin.o
 .ARM.attributes
                0x00000056       0x34 build/main.o
 .ARM.attributes
                0x0000008a       0x34 build/stm32f4xx_hal_msp.o
 .ARM.attributes
                0x000000be       0x34 build/stm32f4xx_it.o
 .ARM.attributes
                0x000000f2       0x34 build/system_stm32f4xx.o
 .ARM.attributes
                0x00000126       0x34 build/port.o
 .ARM.attributes
                0x0000015a       0x34 build/heap_4.o
 .ARM.attributes
                0x0000018e       0x34 build/list.o
 .ARM.attributes
                0x000001c2       0x34 build/queue.o
 .ARM.attributes
                0x000001f6       0x34 build/tasks.o
 .ARM.attributes
                0x0000022a       0x34 build/timers.o
 .ARM.attributes
                0x0000025e       0x34 build/stm32f4xx_hal_tim_ex.o
 .ARM.attributes
                0x00000292       0x34 build/stm32f4xx_hal_rcc.o
 .ARM.attributes
                0x000002c6       0x34 build/stm32f4xx_hal_gpio.o
 .ARM.attributes
                0x000002fa       0x34 build/stm32f4xx_hal_cortex.o
 .ARM.attributes
                0x0000032e       0x34 build/stm32f4xx_hal.o
 .ARM.attributes
                0x00000362       0x34 build/stm32f4xx_hal_tim.o
 .ARM.attributes
                0x00000396       0x34 build/Active_Object.o
 .ARM.attributes
                0x000003ca       0x34 build/Blinky.o
 .ARM.attributes
                0x000003fe       0x34 build/Button.o
 .ARM.attributes
                0x00000432       0x34 build/SysConfig.o
 .ARM.attributes
                0x00000466       0x21 build/startup_stm32f407xx.o
 .ARM.attributes
                0x00000487       0x34 C:/ARM GNU Toolchain/bin/../lib/gcc/arm-none-eabi/13.3.1/thumb/v7e-m+fp/hard\libc_nano.a(libc_a-memset.o)
 .ARM.attributes
                0x000004bb       0x34 C:/ARM GNU Toolchain/bin/../lib/gcc/arm-none-eabi/13.3.1/thumb/v7e-m+fp/hard\libc_nano.a(libc_a-init.o)
 .ARM.attributes
                0x000004ef       0x34 C:/ARM GNU Toolchain/bin/../lib/gcc/arm-none-eabi/13.3.1/thumb/v7e-m+fp/hard\libc_nano.a(libc_a-memcpy-stub.o)
 .ARM.attributes
                0x00000523       0x22 C:/ARM GNU Toolchain/bin/../lib/gcc/arm-none-eabi/13.3.1/thumb/v7e-m+fp/hard\libgcc.a(_aeabi_uldivmod.o)
 .ARM.attributes
                0x00000545       0x34 C:/ARM GNU Toolchain/bin/../lib/gcc/arm-none-eabi/13.3.1/thumb/v7e-m+fp/hard\libgcc.a(_udivmoddi4.o)
 .ARM.attributes
                0x00000579       0x22 C:/ARM GNU Toolchain/bin/../lib/gcc/arm-none-eabi/13.3.1/thumb/v7e-m+fp/hard\libgcc.a(_dvmd_tls.o)
 .ARM.attributes
                0x0000059b       0x34 C:/ARM GNU Toolchain/bin/../lib/gcc/arm-none-eabi/13.3.1/thumb/v7e-m+fp/hard/crtend.o
 .ARM.attributes
                0x000005cf       0x22 C:/ARM GNU Toolchain/bin/../lib/gcc/arm-none-eabi/13.3.1/thumb/v7e-m+fp/hard/crtn.o
OUTPUT(build/BlinkLed_StateMachine.elf elf32-littlearm)
LOAD linker stubs
LOAD C:/ARM GNU Toolchain/bin/../lib/gcc/arm-none-eabi/13.3.1/thumb/v7e-m+fp/hard\libc.a
LOAD C:/ARM GNU Toolchain/bin/../lib/gcc/arm-none-eabi/13.3.1/thumb/v7e-m+fp/hard\libm.a
LOAD C:/ARM GNU Toolchain/bin/../lib/gcc/arm-none-eabi/13.3.1/thumb/v7e-m+fp/hard\libgcc.a

.debug_info     0x00000000    0x168b2
 .debug_info    0x00000000      0x862 build/main.o
 .debug_info    0x00000862      0x2f2 build/stm32f4xx_hal_msp.o
 .debug_info    0x00000b54      0xf54 build/stm32f4xx_it.o
 .debug_info    0x00001aa8      0x5b3 build/system_stm32f4xx.o
 .debug_info    0x0000205b      0x5c2 build/port.o
 .debug_info    0x0000261d      0x6e0 build/heap_4.o
 .debug_info    0x00002cfd      0x30f build/list.o
 .debug_info    0x0000300c     0x25ff build/queue.o
 .debug_info    0x0000560b     0x3398 build/tasks.o
 .debug_info    0x000089a3     0x14fb build/timers.o
 .debug_info    0x00009e9e     0x1da5 build/stm32f4xx_hal_tim_ex.o
 .debug_info    0x0000bc43      0xc0a build/stm32f4xx_hal_rcc.o
 .debug_info    0x0000c84d      0x848 build/stm32f4xx_hal_gpio.o
 .debug_info    0x0000d095     0x11e0 build/stm32f4xx_hal_cortex.o
 .debug_info    0x0000e275      0xafa build/stm32f4xx_hal.o
 .debug_info    0x0000ed6f     0x41a0 build/stm32f4xx_hal_tim.o
 .debug_info    0x00012f0f      0xbc8 build/Active_Object.o
 .debug_info    0x00013ad7      0xf74 build/Blinky.o
 .debug_info    0x00014a4b      0xb77 build/Button.o
 .debug_info    0x000155c2     0x12c0 build/SysConfig.o
 .debug_info    0x00016882       0x30 build/startup_stm32f407xx.o

.debug_abbrev   0x00000000     0x31ec
 .debug_abbrev  0x00000000      0x1ef build/main.o
 .debug_abbrev  0x000001ef       0xd3 build/stm32f4xx_hal_msp.o
 .debug_abbrev  0x000002c2      0x232 build/stm32f4xx_it.o
 .debug_abbrev  0x000004f4      0x11b build/system_stm32f4xx.o
 .debug_abbrev  0x0000060f      0x2af build/port.o
 .debug_abbrev  0x000008be      0x2d5 build/heap_4.o
 .debug_abbrev  0x00000b93      0x124 build/list.o
 .debug_abbrev  0x00000cb7      0x39f build/queue.o
 .debug_abbrev  0x00001056      0x403 build/tasks.o
 .debug_abbrev  0x00001459      0x33d build/timers.o
 .debug_abbrev  0x00001796      0x2b7 build/stm32f4xx_hal_tim_ex.o
 .debug_abbrev  0x00001a4d      0x2de build/stm32f4xx_hal_rcc.o
 .debug_abbrev  0x00001d2b      0x22b build/stm32f4xx_hal_gpio.o
 .debug_abbrev  0x00001f56      0x3ca build/stm32f4xx_hal_cortex.o
 .debug_abbrev  0x00002320      0x244 build/stm32f4xx_hal.o
 .debug_abbrev  0x00002564      0x2bd build/stm32f4xx_hal_tim.o
 .debug_abbrev  0x00002821      0x261 build/Active_Object.o
 .debug_abbrev  0x00002a82      0x27b build/Blinky.o
 .debug_abbrev  0x00002cfd      0x273 build/Button.o
 .debug_abbrev  0x00002f70      0x25f build/SysConfig.o
 .debug_abbrev  0x000031cf       0x1d build/startup_stm32f407xx.o

.debug_loc      0x00000000    0x110c7
 .debug_loc     0x00000000       0x20 build/main.o
 .debug_loc     0x00000020       0x2c build/stm32f4xx_hal_msp.o
 .debug_loc     0x0000004c       0xf8 build/stm32f4xx_it.o
 .debug_loc     0x00000144      0x181 build/system_stm32f4xx.o
 .debug_loc     0x000002c5      0x1c6 build/port.o
 .debug_loc     0x0000048b      0x576 build/heap_4.o
 .debug_loc     0x00000a01       0xeb build/list.o
 .debug_loc     0x00000aec     0x1dd6 build/queue.o
 .debug_loc     0x000028c2     0x3155 build/tasks.o
 .debug_loc     0x00005a17     0x12b1 build/timers.o
 .debug_loc     0x00006cc8     0x22d2 build/stm32f4xx_hal_tim_ex.o
 .debug_loc     0x00008f9a      0x720 build/stm32f4xx_hal_rcc.o
 .debug_loc     0x000096ba      0x60b build/stm32f4xx_hal_gpio.o
 .debug_loc     0x00009cc5      0x8ff build/stm32f4xx_hal_cortex.o
 .debug_loc     0x0000a5c4      0x1f9 build/stm32f4xx_hal.o
 .debug_loc     0x0000a7bd     0x6097 build/stm32f4xx_hal_tim.o
 .debug_loc     0x00010854      0x400 build/Active_Object.o
 .debug_loc     0x00010c54      0x18e build/Blinky.o
 .debug_loc     0x00010de2      0x1ef build/Button.o
 .debug_loc     0x00010fd1       0xf6 build/SysConfig.o

.debug_aranges  0x00000000      0xf10
 .debug_aranges
                0x00000000       0x20 build/main.o
 .debug_aranges
                0x00000020       0x20 build/stm32f4xx_hal_msp.o
 .debug_aranges
                0x00000040       0x58 build/stm32f4xx_it.o
 .debug_aranges
                0x00000098       0x28 build/system_stm32f4xx.o
 .debug_aranges
                0x000000c0       0x80 build/port.o
 .debug_aranges
                0x00000140       0x60 build/heap_4.o
 .debug_aranges
                0x000001a0       0x40 build/list.o
 .debug_aranges
                0x000001e0      0x130 build/queue.o
 .debug_aranges
                0x00000310      0x1f8 build/tasks.o
 .debug_aranges
                0x00000508       0xe8 build/timers.o
 .debug_aranges
                0x000005f0      0x168 build/stm32f4xx_hal_tim_ex.o
 .debug_aranges
                0x00000758       0x88 build/stm32f4xx_hal_rcc.o
 .debug_aranges
                0x000007e0       0x58 build/stm32f4xx_hal_gpio.o
 .debug_aranges
                0x00000838       0xf8 build/stm32f4xx_hal_cortex.o
 .debug_aranges
                0x00000930       0xf0 build/stm32f4xx_hal.o
 .debug_aranges
                0x00000a20      0x3d0 build/stm32f4xx_hal_tim.o
 .debug_aranges
                0x00000df0       0x50 build/Active_Object.o
 .debug_aranges
                0x00000e40       0x30 build/Blinky.o
 .debug_aranges
                0x00000e70       0x30 build/Button.o
 .debug_aranges
                0x00000ea0       0x48 build/SysConfig.o
 .debug_aranges
                0x00000ee8       0x28 build/startup_stm32f407xx.o

.debug_ranges   0x00000000     0x1150
 .debug_ranges  0x00000000       0x10 build/main.o
 .debug_ranges  0x00000010       0x10 build/stm32f4xx_hal_msp.o
 .debug_ranges  0x00000020       0x60 build/stm32f4xx_it.o
 .debug_ranges  0x00000080       0x18 build/system_stm32f4xx.o
 .debug_ranges  0x00000098       0x88 build/port.o
 .debug_ranges  0x00000120       0x50 build/heap_4.o
 .debug_ranges  0x00000170       0x30 build/list.o
 .debug_ranges  0x000001a0      0x220 build/queue.o
 .debug_ranges  0x000003c0      0x428 build/tasks.o
 .debug_ranges  0x000007e8       0xd8 build/timers.o
 .debug_ranges  0x000008c0      0x158 build/stm32f4xx_hal_tim_ex.o
 .debug_ranges  0x00000a18       0x90 build/stm32f4xx_hal_rcc.o
 .debug_ranges  0x00000aa8       0x48 build/stm32f4xx_hal_gpio.o
 .debug_ranges  0x00000af0       0xe8 build/stm32f4xx_hal_cortex.o
 .debug_ranges  0x00000bd8       0xe0 build/stm32f4xx_hal.o
 .debug_ranges  0x00000cb8      0x3c0 build/stm32f4xx_hal_tim.o
 .debug_ranges  0x00001078       0x40 build/Active_Object.o
 .debug_ranges  0x000010b8       0x20 build/Blinky.o
 .debug_ranges  0x000010d8       0x20 build/Button.o
 .debug_ranges  0x000010f8       0x38 build/SysConfig.o
 .debug_ranges  0x00001130       0x20 build/startup_stm32f407xx.o

.debug_line     0x00000000     0xf515
 .debug_line    0x00000000      0x21e build/main.o
 .debug_line    0x0000021e      0x11f build/stm32f4xx_hal_msp.o
 .debug_line    0x0000033d      0x39f build/stm32f4xx_it.o
 .debug_line    0x000006dc      0x216 build/system_stm32f4xx.o
 .debug_line    0x000008f2      0x5bc build/port.o
 .debug_line    0x00000eae      0x6f0 build/heap_4.o
 .debug_line    0x0000159e      0x2ed build/list.o
 .debug_line    0x0000188b     0x1a92 build/queue.o
 .debug_line    0x0000331d     0x282a build/tasks.o
 .debug_line    0x00005b47      0xb1e build/timers.o
 .debug_line    0x00006665     0x1a7f build/stm32f4xx_hal_tim_ex.o
 .debug_line    0x000080e4      0xb86 build/stm32f4xx_hal_rcc.o
 .debug_line    0x00008c6a      0x6bd build/stm32f4xx_hal_gpio.o
 .debug_line    0x00009327      0x7f2 build/stm32f4xx_hal_cortex.o
 .debug_line    0x00009b19      0x52f build/stm32f4xx_hal.o
 .debug_line    0x0000a048     0x4736 build/stm32f4xx_hal_tim.o
 .debug_line    0x0000e77e      0x389 build/Active_Object.o
 .debug_line    0x0000eb07      0x2d5 build/Blinky.o
 .debug_line    0x0000eddc      0x2be build/Button.o
 .debug_line    0x0000f09a      0x408 build/SysConfig.o
 .debug_line    0x0000f4a2       0x73 build/startup_stm32f407xx.o

.debug_str      0x00000000     0x5253
 .debug_str     0x00000000     0x5253 build/main.o
                                0x516 (size before relaxing)
 .debug_str     0x00005253      0x2a4 build/stm32f4xx_hal_msp.o
 .debug_str     0x00005253      0xade build/stm32f4xx_it.o
 .debug_str     0x00005253      0x359 build/system_stm32f4xx.o
 .debug_str     0x00005253      0x44e build/port.o
 .debug_str     0x00005253      0x520 build/heap_4.o
 .debug_str     0x00005253      0x2d2 build/list.o
 .debug_str     0x00005253      0xb8d build/queue.o
 .debug_str     0x00005253     0x11e8 build/tasks.o
 .debug_str     0x00005253      0x91c build/timers.o
 .debug_str     0x00005253      0xeef build/stm32f4xx_hal_tim_ex.o
 .debug_str     0x00005253      0x6ea build/stm32f4xx_hal_rcc.o
 .debug_str     0x00005253      0x4c4 build/stm32f4xx_hal_gpio.o
 .debug_str     0x00005253      0xc59 build/stm32f4xx_hal_cortex.o
 .debug_str     0x00005253      0xb48 build/stm32f4xx_hal.o
 .debug_str     0x00005253     0x16e3 build/stm32f4xx_hal_tim.o
 .debug_str     0x00005253      0x57a build/Active_Object.o
 .debug_str     0x00005253      0xa72 build/Blinky.o
 .debug_str     0x00005253      0xa4b build/Button.o
 .debug_str     0x00005253     0x1046 build/SysConfig.o
 .debug_str     0x00005253       0x66 build/startup_stm32f407xx.o

.comment        0x00000000       0x45
 .comment       0x00000000       0x45 build/main.o
                                 0x46 (size before relaxing)
 .comment       0x00000045       0x46 build/stm32f4xx_hal_msp.o
 .comment       0x00000045       0x46 build/stm32f4xx_it.o
 .comment       0x00000045       0x46 build/system_stm32f4xx.o
 .comment       0x00000045       0x46 build/port.o
 .comment       0x00000045       0x46 build/heap_4.o
 .comment       0x00000045       0x46 build/list.o
 .comment       0x00000045       0x46 build/queue.o
 .comment       0x00000045       0x46 build/tasks.o
 .comment       0x00000045       0x46 build/timers.o
 .comment       0x00000045       0x46 build/stm32f4xx_hal_tim_ex.o
 .comment       0x00000045       0x46 build/stm32f4xx_hal_rcc.o
 .comment       0x00000045       0x46 build/stm32f4xx_hal_gpio.o
 .comment       0x00000045       0x46 build/stm32f4xx_hal_cortex.o
 .comment       0x00000045       0x46 build/stm32f4xx_hal.o
 .comment       0x00000045       0x46 build/stm32f4xx_hal_tim.o
 .comment       0x00000045       0x46 build/Active_Object.o
 .comment       0x00000045       0x46 build/Blinky.o
 .comment       0x00000045       0x46 build/Button.o
 .comment       0x00000045       0x46 build/SysConfig.o

.debug_frame    0x00000000     0x28d0
 .debug_frame   0x00000000       0x2c build/main.o
 .debug_frame   0x0000002c       0x28 build/stm32f4xx_hal_msp.o
 .debug_frame   0x00000054       0xb0 build/stm32f4xx_it.o
 .debug_frame   0x00000104       0x30 build/system_stm32f4xx.o
 .debug_frame   0x00000134      0x110 build/port.o
 .debug_frame   0x00000244       0xec build/heap_4.o
 .debug_frame   0x00000330       0x70 build/list.o
 .debug_frame   0x000003a0      0x3cc build/queue.o
 .debug_frame   0x0000076c      0x644 build/tasks.o
 .debug_frame   0x00000db0      0x2bc build/timers.o
 .debug_frame   0x0000106c      0x418 build/stm32f4xx_hal_tim_ex.o
 .debug_frame   0x00001484      0x16c build/stm32f4xx_hal_rcc.o
 .debug_frame   0x000015f0       0xd8 build/stm32f4xx_hal_gpio.o
 .debug_frame   0x000016c8      0x214 build/stm32f4xx_hal_cortex.o
 .debug_frame   0x000018dc      0x1ec build/stm32f4xx_hal.o
 .debug_frame   0x00001ac8      0xb10 build/stm32f4xx_hal_tim.o
 .debug_frame   0x000025d8       0xd0 build/Active_Object.o
 .debug_frame   0x000026a8       0x50 build/Blinky.o
 .debug_frame   0x000026f8       0x50 build/Button.o
 .debug_frame   0x00002748       0xb4 build/SysConfig.o
 .debug_frame   0x000027fc       0x20 C:/ARM GNU Toolchain/bin/../lib/gcc/arm-none-eabi/13.3.1/thumb/v7e-m+fp/hard\libc_nano.a(libc_a-memset.o)
 .debug_frame   0x0000281c       0x2c C:/ARM GNU Toolchain/bin/../lib/gcc/arm-none-eabi/13.3.1/thumb/v7e-m+fp/hard\libc_nano.a(libc_a-init.o)
 .debug_frame   0x00002848       0x28 C:/ARM GNU Toolchain/bin/../lib/gcc/arm-none-eabi/13.3.1/thumb/v7e-m+fp/hard\libc_nano.a(libc_a-memcpy-stub.o)
 .debug_frame   0x00002870       0x2c C:/ARM GNU Toolchain/bin/../lib/gcc/arm-none-eabi/13.3.1/thumb/v7e-m+fp/hard\libgcc.a(_aeabi_uldivmod.o)
 .debug_frame   0x0000289c       0x34 C:/ARM GNU Toolchain/bin/../lib/gcc/arm-none-eabi/13.3.1/thumb/v7e-m+fp/hard\libgcc.a(_udivmoddi4.o)

.debug_line_str
                0x00000000       0xd5
 .debug_line_str
                0x00000000       0xd5 C:/ARM GNU Toolchain/bin/../lib/gcc/arm-none-eabi/13.3.1/thumb/v7e-m+fp/hard\libgcc.a(_aeabi_uldivmod.o)
                                 0xc9 (size before relaxing)
 .debug_line_str
                0x000000d5       0xcd C:/ARM GNU Toolchain/bin/../lib/gcc/arm-none-eabi/13.3.1/thumb/v7e-m+fp/hard\libgcc.a(_dvmd_tls.o)

Cross Reference Table

Symbol                                            File
ADC_IRQHandler                                    build/startup_stm32f407xx.o
AHBPrescTable                                     build/system_stm32f4xx.o
                                                  build/stm32f4xx_hal_rcc.o
AO_blinky                                         build/Blinky.o
                                                  build/stm32f4xx_it.o
AO_button                                         build/Button.o
                                                  build/stm32f4xx_it.o
APBPrescTable                                     build/system_stm32f4xx.o
                                                  build/stm32f4xx_hal_rcc.o
Active_Constructor                                build/Active_Object.o
                                                  build/Button.o
                                                  build/Blinky.o
Blinky                                            build/Blinky.o
                                                  build/main.o
BusFault_Handler                                  build/stm32f4xx_it.o
Button                                            build/Button.o
                                                  build/main.o
CAN1_RX0_IRQHandler                               build/startup_stm32f407xx.o
CAN1_RX1_IRQHandler                               build/startup_stm32f407xx.o
CAN1_SCE_IRQHandler                               build/startup_stm32f407xx.o
CAN1_TX_IRQHandler                                build/startup_stm32f407xx.o
CAN2_RX0_IRQHandler                               build/startup_stm32f407xx.o
CAN2_RX1_IRQHandler                               build/startup_stm32f407xx.o
CAN2_SCE_IRQHandler                               build/startup_stm32f407xx.o
CAN2_TX_IRQHandler                                build/startup_stm32f407xx.o
DCMI_IRQHandler                                   build/startup_stm32f407xx.o
DMA1_Stream0_IRQHandler                           build/startup_stm32f407xx.o
DMA1_Stream1_IRQHandler                           build/startup_stm32f407xx.o
DMA1_Stream2_IRQHandler                           build/startup_stm32f407xx.o
DMA1_Stream3_IRQHandler                           build/startup_stm32f407xx.o
DMA1_Stream4_IRQHandler                           build/startup_stm32f407xx.o
DMA1_Stream5_IRQHandler                           build/startup_stm32f407xx.o
DMA1_Stream6_IRQHandler                           build/startup_stm32f407xx.o
DMA1_Stream7_IRQHandler                           build/startup_stm32f407xx.o
DMA2_Stream0_IRQHandler                           build/startup_stm32f407xx.o
DMA2_Stream1_IRQHandler                           build/startup_stm32f407xx.o
DMA2_Stream2_IRQHandler                           build/startup_stm32f407xx.o
DMA2_Stream3_IRQHandler                           build/startup_stm32f407xx.o
DMA2_Stream4_IRQHandler                           build/startup_stm32f407xx.o
DMA2_Stream5_IRQHandler                           build/startup_stm32f407xx.o
DMA2_Stream6_IRQHandler                           build/startup_stm32f407xx.o
DMA2_Stream7_IRQHandler                           build/startup_stm32f407xx.o
DebugMon_Handler                                  build/stm32f4xx_it.o
Default_Handler                                   build/startup_stm32f407xx.o
ETH_IRQHandler                                    build/startup_stm32f407xx.o
ETH_WKUP_IRQHandler                               build/startup_stm32f407xx.o
EXTI0_IRQHandler                                  build/stm32f4xx_it.o
EXTI15_10_IRQHandler                              build/startup_stm32f407xx.o
EXTI1_IRQHandler                                  build/startup_stm32f407xx.o
EXTI2_IRQHandler                                  build/startup_stm32f407xx.o
EXTI3_IRQHandler                                  build/startup_stm32f407xx.o
EXTI4_IRQHandler                                  build/startup_stm32f407xx.o
EXTI9_5_IRQHandler                                build/startup_stm32f407xx.o
Error_Handler                                     build/SysConfig.o
FLASH_Erase_Sector                                build/stm32f4xx_hal_flash_ex.o
                                                  build/stm32f4xx_hal_flash.o
FLASH_FlushCaches                                 build/stm32f4xx_hal_flash_ex.o
                                                  build/stm32f4xx_hal_flash.o
FLASH_IRQHandler                                  build/startup_stm32f407xx.o
FLASH_WaitForLastOperation                        build/stm32f4xx_hal_flash.o
                                                  build/stm32f4xx_hal_flash_ex.o
FPU_IRQHandler                                    build/startup_stm32f407xx.o
FSMC_IRQHandler                                   build/startup_stm32f407xx.o
HAL_CORTEX_ClearEvent                             build/stm32f4xx_hal_cortex.o
HAL_DBGMCU_DisableDBGSleepMode                    build/stm32f4xx_hal.o
HAL_DBGMCU_DisableDBGStandbyMode                  build/stm32f4xx_hal.o
HAL_DBGMCU_DisableDBGStopMode                     build/stm32f4xx_hal.o
HAL_DBGMCU_EnableDBGSleepMode                     build/stm32f4xx_hal.o
HAL_DBGMCU_EnableDBGStandbyMode                   build/stm32f4xx_hal.o
HAL_DBGMCU_EnableDBGStopMode                      build/stm32f4xx_hal.o
HAL_DMAEx_ChangeMemory                            build/stm32f4xx_hal_dma_ex.o
HAL_DMAEx_MultiBufferStart                        build/stm32f4xx_hal_dma_ex.o
HAL_DMAEx_MultiBufferStart_IT                     build/stm32f4xx_hal_dma_ex.o
HAL_DMA_Abort                                     build/stm32f4xx_hal_dma.o
HAL_DMA_Abort_IT                                  build/stm32f4xx_hal_dma.o
                                                  build/stm32f4xx_hal_tim.o
                                                  build/stm32f4xx_hal_tim_ex.o
HAL_DMA_DeInit                                    build/stm32f4xx_hal_dma.o
HAL_DMA_GetError                                  build/stm32f4xx_hal_dma.o
HAL_DMA_GetState                                  build/stm32f4xx_hal_dma.o
HAL_DMA_IRQHandler                                build/stm32f4xx_hal_dma.o
HAL_DMA_Init                                      build/stm32f4xx_hal_dma.o
HAL_DMA_PollForTransfer                           build/stm32f4xx_hal_dma.o
HAL_DMA_RegisterCallback                          build/stm32f4xx_hal_dma.o
HAL_DMA_Start                                     build/stm32f4xx_hal_dma.o
HAL_DMA_Start_IT                                  build/stm32f4xx_hal_dma.o
                                                  build/stm32f4xx_hal_tim.o
                                                  build/stm32f4xx_hal_tim_ex.o
HAL_DMA_UnRegisterCallback                        build/stm32f4xx_hal_dma.o
HAL_DeInit                                        build/stm32f4xx_hal.o
HAL_Delay                                         build/stm32f4xx_hal.o
HAL_DisableCompensationCell                       build/stm32f4xx_hal.o
HAL_EXTI_ClearConfigLine                          build/stm32f4xx_hal_exti.o
HAL_EXTI_ClearPending                             build/stm32f4xx_hal_exti.o
HAL_EXTI_GenerateSWI                              build/stm32f4xx_hal_exti.o
HAL_EXTI_GetConfigLine                            build/stm32f4xx_hal_exti.o
HAL_EXTI_GetHandle                                build/stm32f4xx_hal_exti.o
HAL_EXTI_GetPending                               build/stm32f4xx_hal_exti.o
HAL_EXTI_IRQHandler                               build/stm32f4xx_hal_exti.o
HAL_EXTI_RegisterCallback                         build/stm32f4xx_hal_exti.o
HAL_EXTI_SetConfigLine                            build/stm32f4xx_hal_exti.o
HAL_EnableCompensationCell                        build/stm32f4xx_hal.o
HAL_FLASHEx_Erase                                 build/stm32f4xx_hal_flash_ex.o
HAL_FLASHEx_Erase_IT                              build/stm32f4xx_hal_flash_ex.o
HAL_FLASHEx_OBGetConfig                           build/stm32f4xx_hal_flash_ex.o
HAL_FLASHEx_OBProgram                             build/stm32f4xx_hal_flash_ex.o
HAL_FLASH_EndOfOperationCallback                  build/stm32f4xx_hal_flash.o
HAL_FLASH_GetError                                build/stm32f4xx_hal_flash.o
HAL_FLASH_IRQHandler                              build/stm32f4xx_hal_flash.o
HAL_FLASH_Lock                                    build/stm32f4xx_hal_flash.o
HAL_FLASH_OB_Launch                               build/stm32f4xx_hal_flash.o
HAL_FLASH_OB_Lock                                 build/stm32f4xx_hal_flash.o
HAL_FLASH_OB_Unlock                               build/stm32f4xx_hal_flash.o
HAL_FLASH_OperationErrorCallback                  build/stm32f4xx_hal_flash.o
HAL_FLASH_Program                                 build/stm32f4xx_hal_flash.o
HAL_FLASH_Program_IT                              build/stm32f4xx_hal_flash.o
HAL_FLASH_Unlock                                  build/stm32f4xx_hal_flash.o
HAL_GPIO_DeInit                                   build/stm32f4xx_hal_gpio.o
HAL_GPIO_EXTI_Callback                            build/stm32f4xx_hal_gpio.o
HAL_GPIO_EXTI_IRQHandler                          build/stm32f4xx_hal_gpio.o
HAL_GPIO_Init                                     build/stm32f4xx_hal_gpio.o
                                                  build/SysConfig.o
                                                  build/stm32f4xx_hal_rcc.o
HAL_GPIO_LockPin                                  build/stm32f4xx_hal_gpio.o
HAL_GPIO_ReadPin                                  build/stm32f4xx_hal_gpio.o
                                                  build/stm32f4xx_it.o
HAL_GPIO_TogglePin                                build/stm32f4xx_hal_gpio.o
                                                  build/Blinky.o
HAL_GPIO_WritePin                                 build/stm32f4xx_hal_gpio.o
                                                  build/SysConfig.o
                                                  build/Button.o
HAL_GetDEVID                                      build/stm32f4xx_hal.o
HAL_GetHalVersion                                 build/stm32f4xx_hal.o
HAL_GetREVID                                      build/stm32f4xx_hal.o
HAL_GetTick                                       build/stm32f4xx_hal.o
                                                  build/stm32f4xx_hal_pwr_ex.o
                                                  build/stm32f4xx_hal_dma.o
                                                  build/stm32f4xx_hal_flash.o
                                                  build/stm32f4xx_hal_rcc_ex.o
                                                  build/stm32f4xx_hal_rcc.o
HAL_GetTickFreq                                   build/stm32f4xx_hal.o
HAL_GetTickPrio                                   build/stm32f4xx_hal.o
HAL_GetUIDw0                                      build/stm32f4xx_hal.o
HAL_GetUIDw1                                      build/stm32f4xx_hal.o
HAL_GetUIDw2                                      build/stm32f4xx_hal.o
HAL_IncTick                                       build/stm32f4xx_hal.o
HAL_Init                                          build/stm32f4xx_hal.o
                                                  build/main.o
HAL_InitTick                                      build/stm32f4xx_hal.o
                                                  build/stm32f4xx_hal_rcc_ex.o
                                                  build/stm32f4xx_hal_rcc.o
HAL_MPU_ConfigRegion                              build/stm32f4xx_hal_cortex.o
HAL_MPU_Disable                                   build/stm32f4xx_hal_cortex.o
HAL_MPU_DisableRegion                             build/stm32f4xx_hal_cortex.o
HAL_MPU_Enable                                    build/stm32f4xx_hal_cortex.o
HAL_MPU_EnableRegion                              build/stm32f4xx_hal_cortex.o
HAL_MspDeInit                                     build/stm32f4xx_hal.o
HAL_MspInit                                       build/stm32f4xx_hal_msp.o
HAL_NVIC_ClearPendingIRQ                          build/stm32f4xx_hal_cortex.o
HAL_NVIC_DisableIRQ                               build/stm32f4xx_hal_cortex.o
HAL_NVIC_EnableIRQ                                build/stm32f4xx_hal_cortex.o
                                                  build/SysConfig.o
                                                  build/Button.o
HAL_NVIC_GetActive                                build/stm32f4xx_hal_cortex.o
HAL_NVIC_GetPendingIRQ                            build/stm32f4xx_hal_cortex.o
HAL_NVIC_GetPriority                              build/stm32f4xx_hal_cortex.o
HAL_NVIC_GetPriorityGrouping                      build/stm32f4xx_hal_cortex.o
HAL_NVIC_SetPendingIRQ                            build/stm32f4xx_hal_cortex.o
HAL_NVIC_SetPriority                              build/stm32f4xx_hal_cortex.o
                                                  build/SysConfig.o
                                                  build/stm32f4xx_hal.o
HAL_NVIC_SetPriorityGrouping                      build/stm32f4xx_hal_cortex.o
                                                  build/stm32f4xx_hal.o
HAL_NVIC_SystemReset                              build/stm32f4xx_hal_cortex.o
HAL_PWREx_ControlVoltageScaling                   build/stm32f4xx_hal_pwr_ex.o
HAL_PWREx_DisableBkUpReg                          build/stm32f4xx_hal_pwr_ex.o
HAL_PWREx_DisableFlashPowerDown                   build/stm32f4xx_hal_pwr_ex.o
HAL_PWREx_EnableBkUpReg                           build/stm32f4xx_hal_pwr_ex.o
HAL_PWREx_EnableFlashPowerDown                    build/stm32f4xx_hal_pwr_ex.o
HAL_PWREx_GetVoltageRange                         build/stm32f4xx_hal_pwr_ex.o
HAL_PWR_ConfigPVD                                 build/stm32f4xx_hal_pwr.o
HAL_PWR_DeInit                                    build/stm32f4xx_hal_pwr.o
HAL_PWR_DisableBkUpAccess                         build/stm32f4xx_hal_pwr.o
HAL_PWR_DisablePVD                                build/stm32f4xx_hal_pwr.o
HAL_PWR_DisableSEVOnPend                          build/stm32f4xx_hal_pwr.o
HAL_PWR_DisableSleepOnExit                        build/stm32f4xx_hal_pwr.o
HAL_PWR_DisableWakeUpPin                          build/stm32f4xx_hal_pwr.o
HAL_PWR_EnableBkUpAccess                          build/stm32f4xx_hal_pwr.o
HAL_PWR_EnablePVD                                 build/stm32f4xx_hal_pwr.o
HAL_PWR_EnableSEVOnPend                           build/stm32f4xx_hal_pwr.o
HAL_PWR_EnableSleepOnExit                         build/stm32f4xx_hal_pwr.o
HAL_PWR_EnableWakeUpPin                           build/stm32f4xx_hal_pwr.o
HAL_PWR_EnterSLEEPMode                            build/stm32f4xx_hal_pwr.o
HAL_PWR_EnterSTANDBYMode                          build/stm32f4xx_hal_pwr.o
HAL_PWR_EnterSTOPMode                             build/stm32f4xx_hal_pwr.o
HAL_PWR_PVDCallback                               build/stm32f4xx_hal_pwr.o
HAL_PWR_PVD_IRQHandler                            build/stm32f4xx_hal_pwr.o
HAL_RCCEx_DisablePLLI2S                           build/stm32f4xx_hal_rcc_ex.o
HAL_RCCEx_EnablePLLI2S                            build/stm32f4xx_hal_rcc_ex.o
HAL_RCCEx_GetPeriphCLKConfig                      build/stm32f4xx_hal_rcc_ex.o
HAL_RCCEx_GetPeriphCLKFreq                        build/stm32f4xx_hal_rcc_ex.o
HAL_RCCEx_PeriphCLKConfig                         build/stm32f4xx_hal_rcc_ex.o
HAL_RCC_CSSCallback                               build/stm32f4xx_hal_rcc.o
HAL_RCC_ClockConfig                               build/stm32f4xx_hal_rcc.o
                                                  build/SysConfig.o
HAL_RCC_DeInit                                    build/stm32f4xx_hal_rcc_ex.o
                                                  build/stm32f4xx_hal_rcc.o
HAL_RCC_DisableCSS                                build/stm32f4xx_hal_rcc.o
HAL_RCC_EnableCSS                                 build/stm32f4xx_hal_rcc.o
HAL_RCC_GetClockConfig                            build/stm32f4xx_hal_rcc.o
HAL_RCC_GetHCLKFreq                               build/stm32f4xx_hal_rcc.o
HAL_RCC_GetOscConfig                              build/stm32f4xx_hal_rcc.o
HAL_RCC_GetPCLK1Freq                              build/stm32f4xx_hal_rcc.o
HAL_RCC_GetPCLK2Freq                              build/stm32f4xx_hal_rcc.o
HAL_RCC_GetSysClockFreq                           build/stm32f4xx_hal_rcc.o
HAL_RCC_MCOConfig                                 build/stm32f4xx_hal_rcc.o
HAL_RCC_NMI_IRQHandler                            build/stm32f4xx_hal_rcc.o
HAL_RCC_OscConfig                                 build/stm32f4xx_hal_rcc.o
                                                  build/SysConfig.o
HAL_ResumeTick                                    build/stm32f4xx_hal.o
HAL_SYSTICK_CLKSourceConfig                       build/stm32f4xx_hal_cortex.o
HAL_SYSTICK_Callback                              build/stm32f4xx_hal_cortex.o
HAL_SYSTICK_Config                                build/stm32f4xx_hal_cortex.o
                                                  build/stm32f4xx_hal.o
HAL_SYSTICK_IRQHandler                            build/stm32f4xx_hal_cortex.o
HAL_SetTickFreq                                   build/stm32f4xx_hal.o
HAL_SuspendTick                                   build/stm32f4xx_hal.o
HAL_TIMEx_BreakCallback                           build/stm32f4xx_hal_tim_ex.o
                                                  build/stm32f4xx_hal_tim.o
HAL_TIMEx_CommutCallback                          build/stm32f4xx_hal_tim_ex.o
                                                  build/stm32f4xx_hal_tim.o
HAL_TIMEx_CommutHalfCpltCallback                  build/stm32f4xx_hal_tim_ex.o
HAL_TIMEx_ConfigBreakDeadTime                     build/stm32f4xx_hal_tim_ex.o
HAL_TIMEx_ConfigCommutEvent                       build/stm32f4xx_hal_tim_ex.o
HAL_TIMEx_ConfigCommutEvent_DMA                   build/stm32f4xx_hal_tim_ex.o
HAL_TIMEx_ConfigCommutEvent_IT                    build/stm32f4xx_hal_tim_ex.o
HAL_TIMEx_GetChannelNState                        build/stm32f4xx_hal_tim_ex.o
HAL_TIMEx_HallSensor_DeInit                       build/stm32f4xx_hal_tim_ex.o
HAL_TIMEx_HallSensor_GetState                     build/stm32f4xx_hal_tim_ex.o
HAL_TIMEx_HallSensor_Init                         build/stm32f4xx_hal_tim_ex.o
HAL_TIMEx_HallSensor_MspDeInit                    build/stm32f4xx_hal_tim_ex.o
HAL_TIMEx_HallSensor_MspInit                      build/stm32f4xx_hal_tim_ex.o
HAL_TIMEx_HallSensor_Start                        build/stm32f4xx_hal_tim_ex.o
HAL_TIMEx_HallSensor_Start_DMA                    build/stm32f4xx_hal_tim_ex.o
HAL_TIMEx_HallSensor_Start_IT                     build/stm32f4xx_hal_tim_ex.o
HAL_TIMEx_HallSensor_Stop                         build/stm32f4xx_hal_tim_ex.o
HAL_TIMEx_HallSensor_Stop_DMA                     build/stm32f4xx_hal_tim_ex.o
HAL_TIMEx_HallSensor_Stop_IT                      build/stm32f4xx_hal_tim_ex.o
HAL_TIMEx_MasterConfigSynchronization             build/stm32f4xx_hal_tim_ex.o
                                                  build/SysConfig.o
HAL_TIMEx_OCN_Start                               build/stm32f4xx_hal_tim_ex.o
HAL_TIMEx_OCN_Start_DMA                           build/stm32f4xx_hal_tim_ex.o
HAL_TIMEx_OCN_Start_IT                            build/stm32f4xx_hal_tim_ex.o
HAL_TIMEx_OCN_Stop                                build/stm32f4xx_hal_tim_ex.o
HAL_TIMEx_OCN_Stop_DMA                            build/stm32f4xx_hal_tim_ex.o
HAL_TIMEx_OCN_Stop_IT                             build/stm32f4xx_hal_tim_ex.o
HAL_TIMEx_OnePulseN_Start                         build/stm32f4xx_hal_tim_ex.o
HAL_TIMEx_OnePulseN_Start_IT                      build/stm32f4xx_hal_tim_ex.o
HAL_TIMEx_OnePulseN_Stop                          build/stm32f4xx_hal_tim_ex.o
HAL_TIMEx_OnePulseN_Stop_IT                       build/stm32f4xx_hal_tim_ex.o
HAL_TIMEx_PWMN_Start                              build/stm32f4xx_hal_tim_ex.o
HAL_TIMEx_PWMN_Start_DMA                          build/stm32f4xx_hal_tim_ex.o
HAL_TIMEx_PWMN_Start_IT                           build/stm32f4xx_hal_tim_ex.o
HAL_TIMEx_PWMN_Stop                               build/stm32f4xx_hal_tim_ex.o
HAL_TIMEx_PWMN_Stop_DMA                           build/stm32f4xx_hal_tim_ex.o
HAL_TIMEx_PWMN_Stop_IT                            build/stm32f4xx_hal_tim_ex.o
HAL_TIMEx_RemapConfig                             build/stm32f4xx_hal_tim_ex.o
HAL_TIM_Base_DeInit                               build/stm32f4xx_hal_tim.o
HAL_TIM_Base_GetState                             build/stm32f4xx_hal_tim.o
HAL_TIM_Base_Init                                 build/stm32f4xx_hal_tim.o
                                                  build/SysConfig.o
HAL_TIM_Base_MspDeInit                            build/stm32f4xx_hal_tim.o
HAL_TIM_Base_MspInit                              build/stm32f4xx_hal_tim.o
HAL_TIM_Base_Start                                build/stm32f4xx_hal_tim.o
HAL_TIM_Base_Start_DMA                            build/stm32f4xx_hal_tim.o
HAL_TIM_Base_Start_IT                             build/stm32f4xx_hal_tim.o
                                                  build/Blinky.o
HAL_TIM_Base_Stop                                 build/stm32f4xx_hal_tim.o
HAL_TIM_Base_Stop_DMA                             build/stm32f4xx_hal_tim.o
HAL_TIM_Base_Stop_IT                              build/stm32f4xx_hal_tim.o
HAL_TIM_ConfigClockSource                         build/stm32f4xx_hal_tim.o
HAL_TIM_ConfigOCrefClear                          build/stm32f4xx_hal_tim.o
HAL_TIM_ConfigTI1Input                            build/stm32f4xx_hal_tim.o
HAL_TIM_DMABurstState                             build/stm32f4xx_hal_tim.o
HAL_TIM_DMABurst_MultiReadStart                   build/stm32f4xx_hal_tim.o
HAL_TIM_DMABurst_MultiWriteStart                  build/stm32f4xx_hal_tim.o
HAL_TIM_DMABurst_ReadStart                        build/stm32f4xx_hal_tim.o
HAL_TIM_DMABurst_ReadStop                         build/stm32f4xx_hal_tim.o
HAL_TIM_DMABurst_WriteStart                       build/stm32f4xx_hal_tim.o
HAL_TIM_DMABurst_WriteStop                        build/stm32f4xx_hal_tim.o
HAL_TIM_Encoder_DeInit                            build/stm32f4xx_hal_tim.o
HAL_TIM_Encoder_GetState                          build/stm32f4xx_hal_tim.o
HAL_TIM_Encoder_Init                              build/stm32f4xx_hal_tim.o
HAL_TIM_Encoder_MspDeInit                         build/stm32f4xx_hal_tim.o
HAL_TIM_Encoder_MspInit                           build/stm32f4xx_hal_tim.o
HAL_TIM_Encoder_Start                             build/stm32f4xx_hal_tim.o
HAL_TIM_Encoder_Start_DMA                         build/stm32f4xx_hal_tim.o
HAL_TIM_Encoder_Start_IT                          build/stm32f4xx_hal_tim.o
HAL_TIM_Encoder_Stop                              build/stm32f4xx_hal_tim.o
HAL_TIM_Encoder_Stop_DMA                          build/stm32f4xx_hal_tim.o
HAL_TIM_Encoder_Stop_IT                           build/stm32f4xx_hal_tim.o
HAL_TIM_ErrorCallback                             build/stm32f4xx_hal_tim.o
                                                  build/stm32f4xx_hal_tim_ex.o
HAL_TIM_GenerateEvent                             build/stm32f4xx_hal_tim.o
HAL_TIM_GetActiveChannel                          build/stm32f4xx_hal_tim.o
HAL_TIM_GetChannelState                           build/stm32f4xx_hal_tim.o
HAL_TIM_IC_CaptureCallback                        build/stm32f4xx_hal_tim.o
HAL_TIM_IC_CaptureHalfCpltCallback                build/stm32f4xx_hal_tim.o
HAL_TIM_IC_ConfigChannel                          build/stm32f4xx_hal_tim.o
HAL_TIM_IC_DeInit                                 build/stm32f4xx_hal_tim.o
HAL_TIM_IC_GetState                               build/stm32f4xx_hal_tim.o
HAL_TIM_IC_Init                                   build/stm32f4xx_hal_tim.o
HAL_TIM_IC_MspDeInit                              build/stm32f4xx_hal_tim.o
HAL_TIM_IC_MspInit                                build/stm32f4xx_hal_tim.o
HAL_TIM_IC_Start                                  build/stm32f4xx_hal_tim.o
HAL_TIM_IC_Start_DMA                              build/stm32f4xx_hal_tim.o
HAL_TIM_IC_Start_IT                               build/stm32f4xx_hal_tim.o
HAL_TIM_IC_Stop                                   build/stm32f4xx_hal_tim.o
HAL_TIM_IC_Stop_DMA                               build/stm32f4xx_hal_tim.o
HAL_TIM_IC_Stop_IT                                build/stm32f4xx_hal_tim.o
HAL_TIM_IRQHandler                                build/stm32f4xx_hal_tim.o
                                                  build/SysConfig.o
HAL_TIM_OC_ConfigChannel                          build/stm32f4xx_hal_tim.o
HAL_TIM_OC_DeInit                                 build/stm32f4xx_hal_tim.o
HAL_TIM_OC_DelayElapsedCallback                   build/stm32f4xx_hal_tim.o
HAL_TIM_OC_GetState                               build/stm32f4xx_hal_tim.o
HAL_TIM_OC_Init                                   build/stm32f4xx_hal_tim.o
HAL_TIM_OC_MspDeInit                              build/stm32f4xx_hal_tim.o
HAL_TIM_OC_MspInit                                build/stm32f4xx_hal_tim.o
HAL_TIM_OC_Start                                  build/stm32f4xx_hal_tim.o
HAL_TIM_OC_Start_DMA                              build/stm32f4xx_hal_tim.o
HAL_TIM_OC_Start_IT                               build/stm32f4xx_hal_tim.o
HAL_TIM_OC_Stop                                   build/stm32f4xx_hal_tim.o
HAL_TIM_OC_Stop_DMA                               build/stm32f4xx_hal_tim.o
HAL_TIM_OC_Stop_IT                                build/stm32f4xx_hal_tim.o
HAL_TIM_OnePulse_ConfigChannel                    build/stm32f4xx_hal_tim.o
HAL_TIM_OnePulse_DeInit                           build/stm32f4xx_hal_tim.o
HAL_TIM_OnePulse_GetState                         build/stm32f4xx_hal_tim.o
HAL_TIM_OnePulse_Init                             build/stm32f4xx_hal_tim.o
HAL_TIM_OnePulse_MspDeInit                        build/stm32f4xx_hal_tim.o
HAL_TIM_OnePulse_MspInit                          build/stm32f4xx_hal_tim.o
HAL_TIM_OnePulse_Start                            build/stm32f4xx_hal_tim.o
HAL_TIM_OnePulse_Start_IT                         build/stm32f4xx_hal_tim.o
HAL_TIM_OnePulse_Stop                             build/stm32f4xx_hal_tim.o
HAL_TIM_OnePulse_Stop_IT                          build/stm32f4xx_hal_tim.o
HAL_TIM_PWM_ConfigChannel                         build/stm32f4xx_hal_tim.o
HAL_TIM_PWM_DeInit                                build/stm32f4xx_hal_tim.o
HAL_TIM_PWM_GetState                              build/stm32f4xx_hal_tim.o
HAL_TIM_PWM_Init                                  build/stm32f4xx_hal_tim.o
HAL_TIM_PWM_MspDeInit                             build/stm32f4xx_hal_tim.o
HAL_TIM_PWM_MspInit                               build/stm32f4xx_hal_tim.o
HAL_TIM_PWM_PulseFinishedCallback                 build/stm32f4xx_hal_tim.o
                                                  build/stm32f4xx_hal_tim_ex.o
HAL_TIM_PWM_PulseFinishedHalfCpltCallback         build/stm32f4xx_hal_tim.o
HAL_TIM_PWM_Start                                 build/stm32f4xx_hal_tim.o
HAL_TIM_PWM_Start_DMA                             build/stm32f4xx_hal_tim.o
HAL_TIM_PWM_Start_IT                              build/stm32f4xx_hal_tim.o
HAL_TIM_PWM_Stop                                  build/stm32f4xx_hal_tim.o
HAL_TIM_PWM_Stop_DMA                              build/stm32f4xx_hal_tim.o
HAL_TIM_PWM_Stop_IT                               build/stm32f4xx_hal_tim.o
HAL_TIM_PeriodElapsedCallback                     build/stm32f4xx_it.o
HAL_TIM_PeriodElapsedHalfCpltCallback             build/stm32f4xx_hal_tim.o
HAL_TIM_ReadCapturedValue                         build/stm32f4xx_hal_tim.o
HAL_TIM_SlaveConfigSynchro                        build/stm32f4xx_hal_tim.o
HAL_TIM_SlaveConfigSynchro_IT                     build/stm32f4xx_hal_tim.o
HAL_TIM_TriggerCallback                           build/stm32f4xx_hal_tim.o
HAL_TIM_TriggerHalfCpltCallback                   build/stm32f4xx_hal_tim.o
HASH_RNG_IRQHandler                               build/startup_stm32f407xx.o
HardFault_Handler                                 build/stm32f4xx_it.o
I2C1_ER_IRQHandler                                build/startup_stm32f407xx.o
I2C1_EV_IRQHandler                                build/startup_stm32f407xx.o
I2C2_ER_IRQHandler                                build/startup_stm32f407xx.o
I2C2_EV_IRQHandler                                build/startup_stm32f407xx.o
I2C3_ER_IRQHandler                                build/startup_stm32f407xx.o
I2C3_EV_IRQHandler                                build/startup_stm32f407xx.o
MX_Periferal_Init                                 build/SysConfig.o
                                                  build/main.o
MemManage_Handler                                 build/stm32f4xx_it.o
NMI_Handler                                       build/stm32f4xx_it.o
OTG_FS_IRQHandler                                 build/startup_stm32f407xx.o
OTG_FS_WKUP_IRQHandler                            build/startup_stm32f407xx.o
OTG_HS_EP1_IN_IRQHandler                          build/startup_stm32f407xx.o
OTG_HS_EP1_OUT_IRQHandler                         build/startup_stm32f407xx.o
OTG_HS_IRQHandler                                 build/startup_stm32f407xx.o
OTG_HS_WKUP_IRQHandler                            build/startup_stm32f407xx.o
PVD_IRQHandler                                    build/startup_stm32f407xx.o
PendSV_Handler                                    build/port.o
RCC_IRQHandler                                    build/startup_stm32f407xx.o
RTC_Alarm_IRQHandler                              build/startup_stm32f407xx.o
RTC_WKUP_IRQHandler                               build/startup_stm32f407xx.o
Reset_Handler                                     build/startup_stm32f407xx.o
SDIO_IRQHandler                                   build/startup_stm32f407xx.o
SPI1_IRQHandler                                   build/startup_stm32f407xx.o
SPI2_IRQHandler                                   build/startup_stm32f407xx.o
SPI3_IRQHandler                                   build/startup_stm32f407xx.o
SVC_Handler                                       build/port.o
SysTick_Handler                                   build/port.o
SystemClock_Config                                build/SysConfig.o
                                                  build/main.o
SystemCoreClock                                   build/system_stm32f4xx.o
                                                  build/stm32f4xx_hal.o
                                                  build/stm32f4xx_hal_dma.o
                                                  build/stm32f4xx_hal_rcc_ex.o
                                                  build/stm32f4xx_hal_rcc.o
                                                  build/port.o
SystemCoreClockUpdate                             build/system_stm32f4xx.o
SystemInit                                        build/system_stm32f4xx.o
                                                  build/startup_stm32f407xx.o
TAMP_STAMP_IRQHandler                             build/startup_stm32f407xx.o
TIM1_BRK_TIM9_IRQHandler                          build/startup_stm32f407xx.o
TIM1_CC_IRQHandler                                build/startup_stm32f407xx.o
TIM1_TRG_COM_TIM11_IRQHandler                     build/startup_stm32f407xx.o
TIM1_UP_TIM10_IRQHandler                          build/startup_stm32f407xx.o
TIM2_IRQHandler                                   build/startup_stm32f407xx.o
TIM3_IRQHandler                                   build/startup_stm32f407xx.o
TIM4_IRQHandler                                   build/startup_stm32f407xx.o
TIM5_IRQHandler                                   build/startup_stm32f407xx.o
TIM6_DAC_IRQHandler                               build/startup_stm32f407xx.o
TIM7_IRQHandler                                   build/SysConfig.o
TIM8_BRK_TIM12_IRQHandler                         build/startup_stm32f407xx.o
TIM8_CC_IRQHandler                                build/startup_stm32f407xx.o
TIM8_TRG_COM_TIM14_IRQHandler                     build/startup_stm32f407xx.o
TIM8_UP_TIM13_IRQHandler                          build/startup_stm32f407xx.o
TIMEx_DMACommutationCplt                          build/stm32f4xx_hal_tim_ex.o
                                                  build/stm32f4xx_hal_tim.o
TIMEx_DMACommutationHalfCplt                      build/stm32f4xx_hal_tim_ex.o
                                                  build/stm32f4xx_hal_tim.o
TIM_Base_SetConfig                                build/stm32f4xx_hal_tim.o
                                                  build/stm32f4xx_hal_tim_ex.o
TIM_CCxChannelCmd                                 build/stm32f4xx_hal_tim.o
                                                  build/stm32f4xx_hal_tim_ex.o
TIM_DMACaptureCplt                                build/stm32f4xx_hal_tim.o
                                                  build/stm32f4xx_hal_tim_ex.o
TIM_DMACaptureHalfCplt                            build/stm32f4xx_hal_tim.o
                                                  build/stm32f4xx_hal_tim_ex.o
TIM_DMADelayPulseHalfCplt                         build/stm32f4xx_hal_tim.o
                                                  build/stm32f4xx_hal_tim_ex.o
TIM_DMAError                                      build/stm32f4xx_hal_tim.o
                                                  build/stm32f4xx_hal_tim_ex.o
TIM_ETR_SetConfig                                 build/stm32f4xx_hal_tim.o
TIM_OC2_SetConfig                                 build/stm32f4xx_hal_tim.o
                                                  build/stm32f4xx_hal_tim_ex.o
TIM_TI1_SetConfig                                 build/stm32f4xx_hal_tim.o
                                                  build/stm32f4xx_hal_tim_ex.o
UART4_IRQHandler                                  build/startup_stm32f407xx.o
UART5_IRQHandler                                  build/startup_stm32f407xx.o
USART1_IRQHandler                                 build/startup_stm32f407xx.o
USART2_IRQHandler                                 build/startup_stm32f407xx.o
USART3_IRQHandler                                 build/startup_stm32f407xx.o
USART6_IRQHandler                                 build/startup_stm32f407xx.o
UsageFault_Handler                                build/stm32f4xx_it.o
WWDG_IRQHandler                                   build/startup_stm32f407xx.o
_ITM_deregisterTMCloneTable                       C:/ARM GNU Toolchain/bin/../lib/gcc/arm-none-eabi/13.3.1/thumb/v7e-m+fp/hard/crtbegin.o
_ITM_registerTMCloneTable                         C:/ARM GNU Toolchain/bin/../lib/gcc/arm-none-eabi/13.3.1/thumb/v7e-m+fp/hard/crtbegin.o
_Min_Stack_Size                                   build/sysmem.o
__TMC_END__                                       C:/ARM GNU Toolchain/bin/../lib/gcc/arm-none-eabi/13.3.1/thumb/v7e-m+fp/hard/crtend.o
                                                  C:/ARM GNU Toolchain/bin/../lib/gcc/arm-none-eabi/13.3.1/thumb/v7e-m+fp/hard/crtbegin.o
__aeabi_idiv0                                     C:/ARM GNU Toolchain/bin/../lib/gcc/arm-none-eabi/13.3.1/thumb/v7e-m+fp/hard\libgcc.a(_dvmd_tls.o)
__aeabi_ldiv0                                     C:/ARM GNU Toolchain/bin/../lib/gcc/arm-none-eabi/13.3.1/thumb/v7e-m+fp/hard\libgcc.a(_dvmd_tls.o)
                                                  C:/ARM GNU Toolchain/bin/../lib/gcc/arm-none-eabi/13.3.1/thumb/v7e-m+fp/hard\libgcc.a(_aeabi_uldivmod.o)
__aeabi_uldivmod                                  C:/ARM GNU Toolchain/bin/../lib/gcc/arm-none-eabi/13.3.1/thumb/v7e-m+fp/hard\libgcc.a(_aeabi_uldivmod.o)
                                                  build/stm32f4xx_hal_rcc.o
__bss_end__                                       C:/ARM GNU Toolchain/bin/../lib/gcc/arm-none-eabi/13.3.1/thumb/v7e-m+fp/hard/crt0.o
__bss_start__                                     C:/ARM GNU Toolchain/bin/../lib/gcc/arm-none-eabi/13.3.1/thumb/v7e-m+fp/hard/crt0.o
__call_exitprocs                                  C:/ARM GNU Toolchain/bin/../lib/gcc/arm-none-eabi/13.3.1/thumb/v7e-m+fp/hard\libc_nano.a(libc_a-exit.o)
__deregister_frame_info                           C:/ARM GNU Toolchain/bin/../lib/gcc/arm-none-eabi/13.3.1/thumb/v7e-m+fp/hard/crtbegin.o
__dso_handle                                      C:/ARM GNU Toolchain/bin/../lib/gcc/arm-none-eabi/13.3.1/thumb/v7e-m+fp/hard/crtbegin.o
__env                                             build/syscalls.o
__errno                                           C:/ARM GNU Toolchain/bin/../lib/gcc/arm-none-eabi/13.3.1/thumb/v7e-m+fp/hard\libc_nano.a(libc_a-errno.o)
                                                  build/sysmem.o
                                                  build/syscalls.o
__fp_lock_all                                     C:/ARM GNU Toolchain/bin/../lib/gcc/arm-none-eabi/13.3.1/thumb/v7e-m+fp/hard\libc_nano.a(libc_a-findfp.o)
__fp_unlock_all                                   C:/ARM GNU Toolchain/bin/../lib/gcc/arm-none-eabi/13.3.1/thumb/v7e-m+fp/hard\libc_nano.a(libc_a-findfp.o)
__init_array_end                                  C:/ARM GNU Toolchain/bin/../lib/gcc/arm-none-eabi/13.3.1/thumb/v7e-m+fp/hard\libc_nano.a(libc_a-init.o)
__init_array_start                                C:/ARM GNU Toolchain/bin/../lib/gcc/arm-none-eabi/13.3.1/thumb/v7e-m+fp/hard\libc_nano.a(libc_a-init.o)
__io_getchar                                      build/syscalls.o
__io_putchar                                      build/syscalls.o
__libc_fini_array                                 C:/ARM GNU Toolchain/bin/../lib/gcc/arm-none-eabi/13.3.1/thumb/v7e-m+fp/hard/crt0.o
__libc_init_array                                 C:/ARM GNU Toolchain/bin/../lib/gcc/arm-none-eabi/13.3.1/thumb/v7e-m+fp/hard\libc_nano.a(libc_a-init.o)
                                                  build/startup_stm32f407xx.o
                                                  C:/ARM GNU Toolchain/bin/../lib/gcc/arm-none-eabi/13.3.1/thumb/v7e-m+fp/hard/crt0.o
__lock___arc4random_mutex                         C:/ARM GNU Toolchain/bin/../lib/gcc/arm-none-eabi/13.3.1/thumb/v7e-m+fp/hard\libc_nano.a(libc_a-lock.o)
__lock___at_quick_exit_mutex                      C:/ARM GNU Toolchain/bin/../lib/gcc/arm-none-eabi/13.3.1/thumb/v7e-m+fp/hard\libc_nano.a(libc_a-lock.o)
__lock___atexit_recursive_mutex                   C:/ARM GNU Toolchain/bin/../lib/gcc/arm-none-eabi/13.3.1/thumb/v7e-m+fp/hard\libc_nano.a(libc_a-lock.o)
__lock___dd_hash_mutex                            C:/ARM GNU Toolchain/bin/../lib/gcc/arm-none-eabi/13.3.1/thumb/v7e-m+fp/hard\libc_nano.a(libc_a-lock.o)
__lock___env_recursive_mutex                      C:/ARM GNU Toolchain/bin/../lib/gcc/arm-none-eabi/13.3.1/thumb/v7e-m+fp/hard\libc_nano.a(libc_a-lock.o)
__lock___malloc_recursive_mutex                   C:/ARM GNU Toolchain/bin/../lib/gcc/arm-none-eabi/13.3.1/thumb/v7e-m+fp/hard\libc_nano.a(libc_a-lock.o)
                                                  C:/ARM GNU Toolchain/bin/../lib/gcc/arm-none-eabi/13.3.1/thumb/v7e-m+fp/hard\libc_nano.a(libc_a-mlock.o)
__lock___sfp_recursive_mutex                      C:/ARM GNU Toolchain/bin/../lib/gcc/arm-none-eabi/13.3.1/thumb/v7e-m+fp/hard\libc_nano.a(libc_a-lock.o)
                                                  C:/ARM GNU Toolchain/bin/../lib/gcc/arm-none-eabi/13.3.1/thumb/v7e-m+fp/hard\libc_nano.a(libc_a-findfp.o)
__lock___tz_mutex                                 C:/ARM GNU Toolchain/bin/../lib/gcc/arm-none-eabi/13.3.1/thumb/v7e-m+fp/hard\libc_nano.a(libc_a-lock.o)
__malloc_free_list                                C:/ARM GNU Toolchain/bin/../lib/gcc/arm-none-eabi/13.3.1/thumb/v7e-m+fp/hard\libc_nano.a(libc_a-mallocr.o)
                                                  C:/ARM GNU Toolchain/bin/../lib/gcc/arm-none-eabi/13.3.1/thumb/v7e-m+fp/hard\libc_nano.a(libc_a-freer.o)
__malloc_lock                                     C:/ARM GNU Toolchain/bin/../lib/gcc/arm-none-eabi/13.3.1/thumb/v7e-m+fp/hard\libc_nano.a(libc_a-mlock.o)
                                                  C:/ARM GNU Toolchain/bin/../lib/gcc/arm-none-eabi/13.3.1/thumb/v7e-m+fp/hard\libc_nano.a(libc_a-mallocr.o)
                                                  C:/ARM GNU Toolchain/bin/../lib/gcc/arm-none-eabi/13.3.1/thumb/v7e-m+fp/hard\libc_nano.a(libc_a-freer.o)
__malloc_sbrk_start                               C:/ARM GNU Toolchain/bin/../lib/gcc/arm-none-eabi/13.3.1/thumb/v7e-m+fp/hard\libc_nano.a(libc_a-mallocr.o)
__malloc_unlock                                   C:/ARM GNU Toolchain/bin/../lib/gcc/arm-none-eabi/13.3.1/thumb/v7e-m+fp/hard\libc_nano.a(libc_a-mlock.o)
                                                  C:/ARM GNU Toolchain/bin/../lib/gcc/arm-none-eabi/13.3.1/thumb/v7e-m+fp/hard\libc_nano.a(libc_a-mallocr.o)
                                                  C:/ARM GNU Toolchain/bin/../lib/gcc/arm-none-eabi/13.3.1/thumb/v7e-m+fp/hard\libc_nano.a(libc_a-freer.o)