Archive member included to satisfy reference by file (symbol)

C:/ARM GNU Toolchain/bin/../lib/gcc/arm-none-eabi/13.3.1/thumb/v7e-m+fp/hard\libc_nano.a(libc_a-exit.o)
                              C:/ARM GNU Toolchain/bin/../lib/gcc/arm-none-eabi/13.3.1/thumb/v7e-m+fp/hard/crt0.o (exit)
C:/ARM GNU Toolchain/bin/../lib/gcc/arm-none-eabi/13.3.1/thumb/v7e-m+fp/hard\libc_nano.a(libc_a-findfp.o)
                              C:/ARM GNU Toolchain/bin/../lib/gcc/arm-none-eabi/13.3.1/thumb/v7e-m+fp/hard\libc_nano.a(libc_a-exit.o) (__stdio_exit_handler)
C:/ARM GNU Toolchain/bin/../lib/gcc/arm-none-eabi/13.3.1/thumb/v7e-m+fp/hard\libc_nano.a(libc_a-fwalk.o)
                              C:/ARM GNU Toolchain/bin/../lib/gcc/arm-none-eabi/13.3.1/thumb/v7e-m+fp/hard\libc_nano.a(libc_a-findfp.o) (_fwalk_sglue)
C:/ARM GNU Toolchain/bin/../lib/gcc/arm-none-eabi/13.3.1/thumb/v7e-m+fp/hard\libc_nano.a(libc_a-stdio.o)
                              C:/ARM GNU Toolchain/bin/../lib/gcc/arm-none-eabi/13.3.1/thumb/v7e-m+fp/hard\libc_nano.a(libc_a-findfp.o) (__sread)
C:/ARM GNU Toolchain/bin/../lib/gcc/arm-none-eabi/13.3.1/thumb/v7e-m+fp/hard\libc_nano.a(libc_a-memset.o)
                              C:/ARM GNU Toolchain/bin/../lib/gcc/arm-none-eabi/13.3.1/thumb/v7e-m+fp/hard/crt0.o (memset)
C:/ARM GNU Toolchain/bin/../lib/gcc/arm-none-eabi/13.3.1/thumb/v7e-m+fp/hard\libc_nano.a(libc_a-closer.o)
                              C:/ARM GNU Toolchain/bin/../lib/gcc/arm-none-eabi/13.3.1/thumb/v7e-m+fp/hard\libc_nano.a(libc_a-stdio.o) (_close_r)
C:/ARM GNU Toolchain/bin/../lib/gcc/arm-none-eabi/13.3.1/thumb/v7e-m+fp/hard\libc_nano.a(libc_a-reent.o)
                              C:/ARM GNU Toolchain/bin/../lib/gcc/arm-none-eabi/13.3.1/thumb/v7e-m+fp/hard\libc_nano.a(libc_a-closer.o) (errno)
C:/ARM GNU Toolchain/bin/../lib/gcc/arm-none-eabi/13.3.1/thumb/v7e-m+fp/hard\libc_nano.a(libc_a-impure.o)
                              C:/ARM GNU Toolchain/bin/../lib/gcc/arm-none-eabi/13.3.1/thumb/v7e-m+fp/hard\libc_nano.a(libc_a-reent.o) (_impure_ptr)
C:/ARM GNU Toolchain/bin/../lib/gcc/arm-none-eabi/13.3.1/thumb/v7e-m+fp/hard\libc_nano.a(libc_a-lseekr.o)
                              C:/ARM GNU Toolchain/bin/../lib/gcc/arm-none-eabi/13.3.1/thumb/v7e-m+fp/hard\libc_nano.a(libc_a-stdio.o) (_lseek_r)
C:/ARM GNU Toolchain/bin/../lib/gcc/arm-none-eabi/13.3.1/thumb/v7e-m+fp/hard\libc_nano.a(libc_a-readr.o)
                              C:/ARM GNU Toolchain/bin/../lib/gcc/arm-none-eabi/13.3.1/thumb/v7e-m+fp/hard\libc_nano.a(libc_a-stdio.o) (_read_r)
C:/ARM GNU Toolchain/bin/../lib/gcc/arm-none-eabi/13.3.1/thumb/v7e-m+fp/hard\libc_nano.a(libc_a-writer.o)
                              C:/ARM GNU Toolchain/bin/../lib/gcc/arm-none-eabi/13.3.1/thumb/v7e-m+fp/hard\libc_nano.a(libc_a-stdio.o) (_write_r)
C:/ARM GNU Toolchain/bin/../lib/gcc/arm-none-eabi/13.3.1/thumb/v7e-m+fp/hard\libc_nano.a(libc_a-errno.o)
                              build/syscalls.o (__errno)
C:/ARM GNU Toolchain/bin/../lib/gcc/arm-none-eabi/13.3.1/thumb/v7e-m+fp/hard\libc_nano.a(libc_a-init.o)
                              C:/ARM GNU Toolchain/bin/../lib/gcc/arm-none-eabi/13.3.1/thumb/v7e-m+fp/hard/crt0.o (__libc_init_array)
C:/ARM GNU Toolchain/bin/../lib/gcc/arm-none-eabi/13.3.1/thumb/v7e-m+fp/hard\libc_nano.a(libc_a-lock.o)
                              C:/ARM GNU Toolchain/bin/../lib/gcc/arm-none-eabi/13.3.1/thumb/v7e-m+fp/hard\libc_nano.a(libc_a-findfp.o) (__retarget_lock_init_recursive)
C:/ARM GNU Toolchain/bin/../lib/gcc/arm-none-eabi/13.3.1/thumb/v7e-m+fp/hard\libc_nano.a(libc_a-memcpy-stub.o)
                              build/queue.o (memcpy)
C:/ARM GNU Toolchain/bin/../lib/gcc/arm-none-eabi/13.3.1/thumb/v7e-m+fp/hard\libc_nano.a(libc_a-freer.o)
                              C:/ARM GNU Toolchain/bin/../lib/gcc/arm-none-eabi/13.3.1/thumb/v7e-m+fp/hard\libc_nano.a(libc_a-reent.o) (_free_r)
C:/ARM GNU Toolchain/bin/../lib/gcc/arm-none-eabi/13.3.1/thumb/v7e-m+fp/hard\libc_nano.a(libc_a-mallocr.o)
                              C:/ARM GNU Toolchain/bin/../lib/gcc/arm-none-eabi/13.3.1/thumb/v7e-m+fp/hard\libc_nano.a(libc_a-findfp.o) (_malloc_r)
C:/ARM GNU Toolchain/bin/../lib/gcc/arm-none-eabi/13.3.1/thumb/v7e-m+fp/hard\libc_nano.a(libc_a-mlock.o)
                              C:/ARM GNU Toolchain/bin/../lib/gcc/arm-none-eabi/13.3.1/thumb/v7e-m+fp/hard\libc_nano.a(libc_a-freer.o) (__malloc_lock)
C:/ARM GNU Toolchain/bin/../lib/gcc/arm-none-eabi/13.3.1/thumb/v7e-m+fp/hard\libc_nano.a(libc_a-fflush.o)
                              C:/ARM GNU Toolchain/bin/../lib/gcc/arm-none-eabi/13.3.1/thumb/v7e-m+fp/hard\libc_nano.a(libc_a-findfp.o) (_fflush_r)
C:/ARM GNU Toolchain/bin/../lib/gcc/arm-none-eabi/13.3.1/thumb/v7e-m+fp/hard\libc_nano.a(libc_a-sbrkr.o)
                              C:/ARM GNU Toolchain/bin/../lib/gcc/arm-none-eabi/13.3.1/thumb/v7e-m+fp/hard\libc_nano.a(libc_a-mallocr.o) (_sbrk_r)
[...]
Memory Configuration

Name             Origin             Length             Attributes
RAM              0x20000000         0x00020000         xrw
CCMRAM           0x10000000         0x00010000         xrw
FLASH            0x08000000         0x00100000         xr
*default*        0x00000000         0xffffffff

Linker script and memory map

LOAD C:/ARM GNU Toolchain/bin/../lib/gcc/arm-none-eabi/13.3.1/thumb/v7e-m+fp/hard/crti.o
LOAD C:/ARM GNU Toolchain/bin/../lib/gcc/arm-none-eabi/13.3.1/thumb/v7e-m+fp/hard/crtbegin.o
LOAD C:/ARM GNU Toolchain/bin/../lib/gcc/arm-none-eabi/13.3.1/thumb/v7e-m+fp/hard/crt0.o
LOAD build/main.o
LOAD build/stm32f4xx_hal_msp.o
LOAD build/stm32f4xx_it.o
LOAD build/syscalls.o
LOAD build/sysmem.o
LOAD build/system_stm32f4xx.o
LOAD build/port.o
LOAD build/heap_4.o
LOAD build/croutine.o
LOAD build/event_groups.o
LOAD build/list.o
LOAD build/queue.o
LOAD build/stream_buffer.o
LOAD build/tasks.o
LOAD build/timers.o
LOAD build/stm32f4xx_hal_tim_ex.o
LOAD build/stm32f4xx_hal_rcc.o
LOAD build/stm32f4xx_hal_rcc_ex.o
LOAD build/stm32f4xx_hal_flash.o
LOAD build/stm32f4xx_hal_flash_ex.o
LOAD build/stm32f4xx_hal_flash_ramfunc.o
LOAD build/stm32f4xx_hal_gpio.o
LOAD build/stm32f4xx_hal_dma_ex.o
LOAD build/stm32f4xx_hal_dma.o
LOAD build/stm32f4xx_hal_pwr.o
LOAD build/stm32f4xx_hal_pwr_ex.o
LOAD build/stm32f4xx_hal_cortex.o
LOAD build/stm32f4xx_hal.o
LOAD build/stm32f4xx_hal_exti.o
LOAD build/stm32f4xx_hal_tim.o
LOAD build/Active_Object.o
LOAD build/startup_stm32f407xx.o
LOAD C:/ARM GNU Toolchain/bin/../lib/gcc/arm-none-eabi/13.3.1/thumb/v7e-m+fp/hard\libc_nano.a
LOAD C:/ARM GNU Toolchain/bin/../lib/gcc/arm-none-eabi/13.3.1/thumb/v7e-m+fp/hard\libm.a
LOAD C:/ARM GNU Toolchain/bin/../lib/gcc/arm-none-eabi/13.3.1/thumb/v7e-m+fp/hard\libnosys.a
START GROUP
LOAD C:/ARM GNU Toolchain/bin/../lib/gcc/arm-none-eabi/13.3.1/thumb/v7e-m+fp/hard\libgcc.a
LOAD C:/ARM GNU Toolchain/bin/../lib/gcc/arm-none-eabi/13.3.1/thumb/v7e-m+fp/hard\libc_nano.a
END GROUP
START GROUP
LOAD C:/ARM GNU Toolchain/bin/../lib/gcc/arm-none-eabi/13.3.1/thumb/v7e-m+fp/hard\libgcc.a
LOAD C:/ARM GNU Toolchain/bin/../lib/gcc/arm-none-eabi/13.3.1/thumb/v7e-m+fp/hard\libc_nano.a
END GROUP
LOAD C:/ARM GNU Toolchain/bin/../lib/gcc/arm-none-eabi/13.3.1/thumb/v7e-m+fp/hard/crtend.o
LOAD C:/ARM GNU Toolchain/bin/../lib/gcc/arm-none-eabi/13.3.1/thumb/v7e-m+fp/hard/crtn.o
                0x20020000                        _estack = (ORIGIN (RAM) + LENGTH (RAM))
                0x00000200                        _Min_Heap_Size = 0x200
                0x00000400                        _Min_Stack_Size = 0x400

.isr_vector     0x08000000      0x188
                0x08000000                        . = ALIGN (0x4)
 *(.isr_vector)
 .isr_vector    0x08000000      0x188 build/startup_stm32f407xx.o
                0x08000000                g_pfnVectors
                0x08000188                        . = ALIGN (0x4)

.text           0x08000190     0x2f7c
                0x08000190                        . = ALIGN (0x4)
 *(.text)
 .text          0x08000190       0x30 C:/ARM GNU Toolchain/bin/../lib/gcc/arm-none-eabi/13.3.1/thumb/v7e-m+fp/hard\libgcc.a(_aeabi_uldivmod.o)
                0x08000190                __aeabi_uldivmod
 .text          0x080001c0        0x4 C:/ARM GNU Toolchain/bin/../lib/gcc/arm-none-eabi/13.3.1/thumb/v7e-m+fp/hard\libgcc.a(_dvmd_tls.o)
                0x080001c0                __aeabi_idiv0
                0x080001c0                __aeabi_ldiv0
 *(.text*)
 .text.deregister_tm_clones
                0x080001c4       0x1c C:/ARM GNU Toolchain/bin/../lib/gcc/arm-none-eabi/13.3.1/thumb/v7e-m+fp/hard/crtbegin.o
 .text.register_tm_clones
                0x080001e0       0x24 C:/ARM GNU Toolchain/bin/../lib/gcc/arm-none-eabi/13.3.1/thumb/v7e-m+fp/hard/crtbegin.o
 .text.__do_global_dtors_aux
                0x08000204       0x28 C:/ARM GNU Toolchain/bin/../lib/gcc/arm-none-eabi/13.3.1/thumb/v7e-m+fp/hard/crtbegin.o
 .text.frame_dummy
                0x0800022c       0x24 C:/ARM GNU Toolchain/bin/../lib/gcc/arm-none-eabi/13.3.1/thumb/v7e-m+fp/hard/crtbegin.o
 .text.Blinky_dispatch
                0x08000250       0x28 build/main.o
 .text.Button_dispatch
                0x08000278       0x2c build/main.o
 .text.MX_GPIO_Init
                0x080002a4       0xb0 build/main.o
 .text.Blinky_ctor
                0x08000354       0x10 build/main.o
                0x08000354                Blinky_ctor
 .text.HAL_TIM_PeriodElapsedCallback
                0x08000364       0x48 build/main.o
                0x08000364                HAL_TIM_PeriodElapsedCallback
 .text.Button_ctor
                0x080003ac       0x10 build/main.o
                0x080003ac                Button_ctor
 .text.EXTI0_IRQHandler
                0x080003bc       0x68 build/main.o
                0x080003bc                EXTI0_IRQHandler
 .text.MX_TIM7_Init
                0x08000424       0x68 build/main.o
                0x08000424                MX_TIM7_Init
 .text.TIM7_IRQHandler
                0x0800048c       0x10 build/main.o
                0x0800048c                TIM7_IRQHandler
 .text.Error_Handler
                0x0800049c        0x4 build/main.o
                0x0800049c                Error_Handler
 .text.SystemClock_Config
                0x080004a0       0xa4 build/main.o
                0x080004a0                SystemClock_Config
 .text.main     0x08000544       0x50 build/main.o
                0x08000544                main
 .text.HAL_MspInit
                0x08000594       0x38 build/stm32f4xx_hal_msp.o
                0x08000594                HAL_MspInit
 .text.NMI_Handler
                0x080005cc        0x2 build/stm32f4xx_it.o
                0x080005cc                NMI_Handler
 .text.HardFault_Handler
                0x080005ce        0x2 build/stm32f4xx_it.o
                0x080005ce                HardFault_Handler
 .text.MemManage_Handler
                0x080005d0        0x2 build/stm32f4xx_it.o
                0x080005d0                MemManage_Handler
 .text.BusFault_Handler
                0x080005d2        0x2 build/stm32f4xx_it.o
                0x080005d2                BusFault_Handler
 .text.UsageFault_Handler
                0x080005d4        0x2 build/stm32f4xx_it.o
                0x080005d4                UsageFault_Handler
 .text.DebugMon_Handler
                0x080005d6        0x2 build/stm32f4xx_it.o
                0x080005d6                DebugMon_Handler
 .text.SystemInit
                0x080005d8       0x14 build/system_stm32f4xx.o
                0x080005d8                SystemInit
 .text.prvTaskExitError
                0x080005ec       0x40 build/port.o
 .text.prvPortStartFirstTask
                0x0800062c       0x28 build/port.o
 .text.vPortEnableVFP
                0x08000654       0x14 build/port.o
 .text.pxPortInitialiseStack
                0x08000668       0x2c build/port.o
                0x08000668                pxPortInitialiseStack
 *fill*         0x08000694        0xc 
 .text.SVC_Handler
                0x080006a0       0x24 build/port.o
                0x080006a0                SVC_Handler
 .text.vPortEnterCritical
                0x080006c4       0x44 build/port.o
                0x080006c4                vPortEnterCritical
 .text.vPortExitCritical
                0x08000708       0x2c build/port.o
                0x08000708                vPortExitCritical
 *fill*         0x08000734        0xc 
 .text.PendSV_Handler
                0x08000740       0x64 build/port.o
                0x08000740                PendSV_Handler
 .text.SysTick_Handler
                0x080007a4       0x2c build/port.o
                0x080007a4                SysTick_Handler
 .text.vPortSetupTimerInterrupt
                0x080007d0       0x28 build/port.o
                0x080007d0                vPortSetupTimerInterrupt
 .text.xPortStartScheduler
                0x080007f8      0x118 build/port.o
                0x080007f8                xPortStartScheduler
 .text.vPortValidateInterruptPriority
                0x08000910       0x5c build/port.o
                0x08000910                vPortValidateInterruptPriority
 .text.prvHeapInit
                0x0800096c       0x58 build/heap_4.o
 .text.prvInsertBlockIntoFreeList
                0x080009c4       0x64 build/heap_4.o
 .text.pvPortMalloc
                0x08000a28       0xf4 build/heap_4.o
                0x08000a28                pvPortMalloc
 .text.vPortFree
                0x08000b1c       0x74 build/heap_4.o
                0x08000b1c                vPortFree
 .text.vListInitialise
                0x08000b90       0x16 build/list.o
                0x08000b90                vListInitialise
 .text.vListInitialiseItem
                0x08000ba6        0x6 build/list.o
                0x08000ba6                vListInitialiseItem
 .text.vListInsert
                0x08000bac       0x32 build/list.o
                0x08000bac                vListInsert
 .text.uxListRemove
                0x08000bde       0x26 build/list.o
                0x08000bde                uxListRemove
 .text.prvIsQueueEmpty
                0x08000c04       0x1a build/queue.o
 .text.prvCopyDataToQueue
                0x08000c1e       0x76 build/queue.o
 .text.prvCopyDataFromQueue
                0x08000c94       0x24 build/queue.o
 .text.prvUnlockQueue
                0x08000cb8       0x6e build/queue.o
 .text.xQueueGenericReset
                0x08000d26       0xaa build/queue.o
                0x08000d26                xQueueGenericReset
 .text.prvInitialiseNewQueue
                0x08000dd0       0x22 build/queue.o
 .text.xQueueGenericCreate
                0x08000df2       0x56 build/queue.o
                0x08000df2                xQueueGenericCreate
 .text.xQueueGenericSendFromISR
                0x08000e48       0xf2 build/queue.o
                0x08000e48                xQueueGenericSendFromISR
 .text.xQueueReceive
                0x08000f3a      0x15e build/queue.o
                0x08000f3a                xQueueReceive
 .text.vQueueAddToRegistry
                0x08001098       0x60 build/queue.o
                0x08001098                vQueueAddToRegistry
 .text.vQueueWaitForMessageRestricted
                0x080010f8       0x52 build/queue.o
                0x080010f8                vQueueWaitForMessageRestricted
 *fill*         0x0800114a        0x2 
 .text.prvResetNextTaskUnblockTime
                0x0800114c       0x28 build/tasks.o
 .text.prvDeleteTCB
                0x08001174       0x12 build/tasks.o
 .text.prvInitialiseNewTask
                0x08001186       0x8e build/tasks.o
 .text.prvInitialiseTaskLists
                0x08001214       0x68 build/tasks.o
 .text.prvAddNewTaskToReadyList
                0x0800127c       0xc8 build/tasks.o
 .text.prvCheckTasksWaitingTermination
                0x08001344       0x4c build/tasks.o
 .text.prvIdleTask
                0x08001390       0x28 build/tasks.o
 .text.prvAddCurrentTaskToDelayedList
                0x080013b8       0xb0 build/tasks.o
 .text.xTaskCreate
                0x08001468       0x68 build/tasks.o
                0x08001468                xTaskCreate
 .text.vTaskStartScheduler
                0x080014d0       0x8c build/tasks.o
                0x080014d0                vTaskStartScheduler
 .text.vTaskSuspendAll
                0x0800155c       0x10 build/tasks.o
                0x0800155c                vTaskSuspendAll
 .text.xTaskGetTickCount
                0x0800156c        0xc build/tasks.o
                0x0800156c                xTaskGetTickCount
 .text.uxTaskGetNumberOfTasks
                0x08001578        0xc build/tasks.o
                0x08001578                uxTaskGetNumberOfTasks
 .text.xTaskIncrementTick
                0x08001584      0x178 build/tasks.o
                0x08001584                xTaskIncrementTick
 .text.xTaskResumeAll
                0x080016fc      0x14c build/tasks.o
                0x080016fc                xTaskResumeAll
 .text.vTaskSwitchContext
                0x08001848       0x98 build/tasks.o
                0x08001848                vTaskSwitchContext
 .text.vTaskPlaceOnEventList
                0x080018e0       0x30 build/tasks.o
                0x080018e0                vTaskPlaceOnEventList
 .text.vTaskPlaceOnEventListRestricted
                0x08001910       0x54 build/tasks.o
                0x08001910                vTaskPlaceOnEventListRestricted
 .text.xTaskRemoveFromEventList
                0x08001964       0xf0 build/tasks.o
                0x08001964                xTaskRemoveFromEventList
 .text.vTaskInternalSetTimeOutState
                0x08001a54       0x18 build/tasks.o
                0x08001a54                vTaskInternalSetTimeOutState
 .text.xTaskCheckForTimeOut
                0x08001a6c       0x88 build/tasks.o
                0x08001a6c                xTaskCheckForTimeOut
 .text.vTaskMissedYield
                0x08001af4        0xc build/tasks.o
                0x08001af4                vTaskMissedYield
 .text.xTaskGetSchedulerState
                0x08001b00       0x20 build/tasks.o
                0x08001b00                xTaskGetSchedulerState
 .text.xTaskPriorityDisinherit
                0x08001b20       0xbc build/tasks.o
                0x08001b20                xTaskPriorityDisinherit
 .text.prvGetNextExpireTime
                0x08001bdc       0x20 build/timers.o
 .text.prvInsertTimerInActiveList
                0x08001bfc       0x48 build/timers.o
 .text.prvReloadTimer
                0x08001c44       0x28 build/timers.o
 .text.prvProcessExpiredTimer
                0x08001c6c       0x40 build/timers.o
 .text.prvSwitchTimerLists
                0x08001cac       0x30 build/timers.o
 .text.prvSampleTimeNow
                0x08001cdc       0x2c build/timers.o
 .text.prvProcessTimerOrBlockTask
                0x08001d08       0x74 build/timers.o
 .text.prvProcessReceivedCommands
                0x08001d7c       0xf0 build/timers.o
 .text.prvTimerTask
                0x08001e6c       0x16 build/timers.o
 *fill*         0x08001e82        0x2 
 .text.prvCheckForValidListAndQueue
                0x08001e84       0x5c build/timers.o
 .text.xTimerCreateTimerTask
                0x08001ee0       0x50 build/timers.o
                0x08001ee0                xTimerCreateTimerTask
 .text.HAL_TIMEx_MasterConfigSynchronization
                0x08001f30       0x8c build/stm32f4xx_hal_tim_ex.o
                0x08001f30                HAL_TIMEx_MasterConfigSynchronization
 .text.HAL_TIMEx_CommutCallback
                0x08001fbc        0x2 build/stm32f4xx_hal_tim_ex.o
                0x08001fbc                HAL_TIMEx_CommutCallback
 .text.HAL_TIMEx_BreakCallback
                0x08001fbe        0x2 build/stm32f4xx_hal_tim_ex.o
                0x08001fbe                HAL_TIMEx_BreakCallback
 .text.HAL_RCC_OscConfig
                0x08001fc0      0x3f8 build/stm32f4xx_hal_rcc.o
                0x08001fc0                HAL_RCC_OscConfig
 .text.HAL_RCC_GetSysClockFreq
                0x080023b8       0xdc build/stm32f4xx_hal_rcc.o
                0x080023b8                HAL_RCC_GetSysClockFreq
 .text.HAL_RCC_ClockConfig
                0x08002494      0x160 build/stm32f4xx_hal_rcc.o
                0x08002494                HAL_RCC_ClockConfig
 .text.HAL_GPIO_Init
                0x080025f4      0x1ec build/stm32f4xx_hal_gpio.o
                0x080025f4                HAL_GPIO_Init
 .text.HAL_GPIO_ReadPin
                0x080027e0        0xe build/stm32f4xx_hal_gpio.o
                0x080027e0                HAL_GPIO_ReadPin
 .text.HAL_GPIO_WritePin
                0x080027ee        0xc build/stm32f4xx_hal_gpio.o
                0x080027ee                HAL_GPIO_WritePin
 .text.HAL_GPIO_TogglePin
                0x080027fa       0x12 build/stm32f4xx_hal_gpio.o
                0x080027fa                HAL_GPIO_TogglePin
 .text.__NVIC_EnableIRQ
                0x0800280c       0x1c build/stm32f4xx_hal_cortex.o
 .text.__NVIC_SetPriority
                0x08002828       0x28 build/stm32f4xx_hal_cortex.o
 .text.NVIC_EncodePriority
                0x08002850       0x3e build/stm32f4xx_hal_cortex.o
 *fill*         0x0800288e        0x2 
 .text.HAL_NVIC_SetPriorityGrouping
                0x08002890       0x24 build/stm32f4xx_hal_cortex.o
                0x08002890                HAL_NVIC_SetPriorityGrouping
 .text.HAL_NVIC_SetPriority
                0x080028b4       0x20 build/stm32f4xx_hal_cortex.o
                0x080028b4                HAL_NVIC_SetPriority
 .text.HAL_NVIC_EnableIRQ
                0x080028d4        0x8 build/stm32f4xx_hal_cortex.o
                0x080028d4                HAL_NVIC_EnableIRQ
 .text.HAL_SYSTICK_Config
                0x080028dc       0x28 build/stm32f4xx_hal_cortex.o
                0x080028dc                HAL_SYSTICK_Config
 .text.HAL_InitTick
                0x08002904       0x4c build/stm32f4xx_hal.o
                0x08002904                HAL_InitTick
 .text.HAL_Init
                0x08002950       0x34 build/stm32f4xx_hal.o
                0x08002950                HAL_Init
 .text.HAL_GetTick
                0x08002984        0xc build/stm32f4xx_hal.o
                0x08002984                HAL_GetTick
 .text.HAL_TIM_Base_MspInit
                0x08002990        0x2 build/stm32f4xx_hal_tim.o
                0x08002990                HAL_TIM_Base_MspInit
 *fill*         0x08002992        0x2 
 .text.HAL_TIM_Base_Start_IT
                0x08002994       0x88 build/stm32f4xx_hal_tim.o
                0x08002994                HAL_TIM_Base_Start_IT
 .text.HAL_TIM_OC_DelayElapsedCallback
                0x08002a1c        0x2 build/stm32f4xx_hal_tim.o
                0x08002a1c                HAL_TIM_OC_DelayElapsedCallback
 .text.HAL_TIM_IC_CaptureCallback
                0x08002a1e        0x2 build/stm32f4xx_hal_tim.o
                0x08002a1e                HAL_TIM_IC_CaptureCallback
 .text.HAL_TIM_PWM_PulseFinishedCallback
                0x08002a20        0x2 build/stm32f4xx_hal_tim.o
                0x08002a20                HAL_TIM_PWM_PulseFinishedCallback
 .text.HAL_TIM_TriggerCallback
                0x08002a22        0x2 build/stm32f4xx_hal_tim.o
                0x08002a22                HAL_TIM_TriggerCallback
 .text.HAL_TIM_IRQHandler
                0x08002a24      0x15e build/stm32f4xx_hal_tim.o
                0x08002a24                HAL_TIM_IRQHandler
 *fill*         0x08002b82        0x2 
 .text.TIM_Base_SetConfig
                0x08002b84       0xd8 build/stm32f4xx_hal_tim.o
                0x08002b84                TIM_Base_SetConfig
 .text.HAL_TIM_Base_Init
                0x08002c5c       0x58 build/stm32f4xx_hal_tim.o
                0x08002c5c                HAL_TIM_Base_Init
 .text.Active_eventloop
                0x08002cb4       0x40 build/Active_Object.o
 .text.Active_ctor
                0x08002cf4        0x6 build/Active_Object.o
                0x08002cf4                Active_ctor
 *fill*         0x08002cfa        0x2 
 .text.Active_start
                0x08002cfc       0x48 build/Active_Object.o
                0x08002cfc                Active_start
 .text.Active_postFromISR
                0x08002d44       0x2c build/Active_Object.o
                0x08002d44                Active_postFromISR
 .text.Reset_Handler
                0x08002d70       0x50 build/startup_stm32f407xx.o
                0x08002d70                Reset_Handler
 .text.Default_Handler
                0x08002dc0        0x2 build/startup_stm32f407xx.o
                0x08002dc0                RTC_Alarm_IRQHandler
                0x08002dc0                HASH_RNG_IRQHandler
                0x08002dc0                EXTI2_IRQHandler
                0x08002dc0                TIM8_CC_IRQHandler
                0x08002dc0                TIM1_CC_IRQHandler
                0x08002dc0                DMA2_Stream5_IRQHandler
                0x08002dc0                DMA1_Stream5_IRQHandler
                0x08002dc0                PVD_IRQHandler
                0x08002dc0                SDIO_IRQHandler
                0x08002dc0                TAMP_STAMP_IRQHandler
                0x08002dc0                CAN2_RX1_IRQHandler
                0x08002dc0                EXTI3_IRQHandler
                0x08002dc0                TIM8_TRG_COM_TIM14_IRQHandler
                0x08002dc0                TIM1_UP_TIM10_IRQHandler
                0x08002dc0                TIM8_UP_TIM13_IRQHandler
                0x08002dc0                I2C3_ER_IRQHandler
                0x08002dc0                I2C2_EV_IRQHandler
                0x08002dc0                DMA1_Stream2_IRQHandler
                0x08002dc0                CAN1_RX0_IRQHandler
                0x08002dc0                FPU_IRQHandler
                0x08002dc0                OTG_HS_WKUP_IRQHandler
                0x08002dc0                CAN2_SCE_IRQHandler
                0x08002dc0                DMA2_Stream2_IRQHandler
                0x08002dc0                SPI1_IRQHandler
                0x08002dc0                TIM6_DAC_IRQHandler
                0x08002dc0                TIM1_BRK_TIM9_IRQHandler
                0x08002dc0                DCMI_IRQHandler
                0x08002dc0                CAN2_RX0_IRQHandler
                0x08002dc0                DMA2_Stream3_IRQHandler
                0x08002dc0                USART6_IRQHandler
                0x08002dc0                USART3_IRQHandler
                0x08002dc0                CAN1_RX1_IRQHandler
                0x08002dc0                UART5_IRQHandler
                0x08002dc0                DMA2_Stream0_IRQHandler
                0x08002dc0                TIM4_IRQHandler
                0x08002dc0                I2C1_EV_IRQHandler
                0x08002dc0                DMA1_Stream6_IRQHandler
                0x08002dc0                DMA1_Stream1_IRQHandler
                0x08002dc0                UART4_IRQHandler
                0x08002dc0                TIM3_IRQHandler
                0x08002dc0                RCC_IRQHandler
                0x08002dc0                TIM8_BRK_TIM12_IRQHandler
                0x08002dc0                Default_Handler
                0x08002dc0                EXTI15_10_IRQHandler
                0x08002dc0                ADC_IRQHandler
                0x08002dc0                DMA1_Stream7_IRQHandler
                0x08002dc0                CAN2_TX_IRQHandler
                0x08002dc0                TIM5_IRQHandler
                0x08002dc0                DMA2_Stream7_IRQHandler
                0x08002dc0                I2C3_EV_IRQHandler
                0x08002dc0                EXTI9_5_IRQHandler
                0x08002dc0                RTC_WKUP_IRQHandler
                0x08002dc0                ETH_WKUP_IRQHandler
                0x08002dc0                SPI2_IRQHandler
                0x08002dc0                OTG_HS_EP1_IN_IRQHandler
                0x08002dc0                DMA1_Stream0_IRQHandler
                0x08002dc0                CAN1_TX_IRQHandler
                0x08002dc0                EXTI4_IRQHandler
                0x08002dc0                FSMC_IRQHandler
                0x08002dc0                ETH_IRQHandler
                0x08002dc0                OTG_HS_EP1_OUT_IRQHandler
                0x08002dc0                WWDG_IRQHandler
                0x08002dc0                TIM2_IRQHandler
                0x08002dc0                OTG_FS_WKUP_IRQHandler
                0x08002dc0                TIM1_TRG_COM_TIM11_IRQHandler
                0x08002dc0                OTG_HS_IRQHandler
                0x08002dc0                EXTI1_IRQHandler
                0x08002dc0                USART2_IRQHandler
                0x08002dc0                I2C2_ER_IRQHandler
                0x08002dc0                DMA2_Stream1_IRQHandler
                0x08002dc0                CAN1_SCE_IRQHandler
                0x08002dc0                FLASH_IRQHandler
                0x08002dc0                DMA2_Stream4_IRQHandler
                0x08002dc0                USART1_IRQHandler
                0x08002dc0                OTG_FS_IRQHandler
                0x08002dc0                SPI3_IRQHandler
                0x08002dc0                DMA1_Stream4_IRQHandler
                0x08002dc0                I2C1_ER_IRQHandler
                0x08002dc0                DMA2_Stream6_IRQHandler
                0x08002dc0                DMA1_Stream3_IRQHandler
 .text.memset   0x08002dc2       0x10 C:/ARM GNU Toolchain/bin/../lib/gcc/arm-none-eabi/13.3.1/thumb/v7e-m+fp/hard\libc_nano.a(libc_a-memset.o)
                0x08002dc2                memset
 *fill*         0x08002dd2        0x2 
 .text.__libc_init_array
                0x08002dd4       0x48 C:/ARM GNU Toolchain/bin/../lib/gcc/arm-none-eabi/13.3.1/thumb/v7e-m+fp/hard\libc_nano.a(libc_a-init.o)
                0x08002dd4                __libc_init_array
 .text.memcpy   0x08002e1c       0x1c C:/ARM GNU Toolchain/bin/../lib/gcc/arm-none-eabi/13.3.1/thumb/v7e-m+fp/hard\libc_nano.a(libc_a-memcpy-stub.o)
                0x08002e1c                memcpy
 .text.__udivmoddi4
                0x08002e38      0x2bc C:/ARM GNU Toolchain/bin/../lib/gcc/arm-none-eabi/13.3.1/thumb/v7e-m+fp/hard\libgcc.a(_udivmoddi4.o)
                0x08002e38                __udivmoddi4
 *(.glue_7)
 .glue_7        0x080030f4        0x0 linker stubs
 *(.glue_7t)
 .glue_7t       0x080030f4        0x0 linker stubs
 *(.eh_frame)
 .eh_frame      0x080030f4        0x0 C:/ARM GNU Toolchain/bin/../lib/gcc/arm-none-eabi/13.3.1/thumb/v7e-m+fp/hard/crtbegin.o
 *(.init)
 .init          0x080030f4        0x4 C:/ARM GNU Toolchain/bin/../lib/gcc/arm-none-eabi/13.3.1/thumb/v7e-m+fp/hard/crti.o
                0x080030f4                _init
 .init          0x080030f8        0x8 C:/ARM GNU Toolchain/bin/../lib/gcc/arm-none-eabi/13.3.1/thumb/v7e-m+fp/hard/crtn.o
 *(.fini)
 .fini          0x08003100        0x4 C:/ARM GNU Toolchain/bin/../lib/gcc/arm-none-eabi/13.3.1/thumb/v7e-m+fp/hard/crti.o
                0x08003100                _fini
 .fini          0x08003104        0x8 C:/ARM GNU Toolchain/bin/../lib/gcc/arm-none-eabi/13.3.1/thumb/v7e-m+fp/hard/crtn.o
                0x0800310c                        . = ALIGN (0x4)
                0x0800310c                        _etext = .

.vfp11_veneer   0x0800310c        0x0
 .vfp11_veneer  0x0800310c        0x0 linker stubs

.v4_bx          0x0800310c        0x0
 .v4_bx         0x0800310c        0x0 linker stubs

.iplt           0x0800310c        0x0
 .iplt          0x0800310c        0x0 C:/ARM GNU Toolchain/bin/../lib/gcc/arm-none-eabi/13.3.1/thumb/v7e-m+fp/hard/crtbegin.o

.rodata         0x0800310c       0x38
                0x0800310c                        . = ALIGN (0x4)
 *(.rodata)
 *(.rodata*)
 .rodata.time_evt.0
                0x0800310c        0x2 build/main.o
 *fill*         0x0800310e        0x2 
 .rodata.AHBPrescTable
                0x08003110       0x10 build/system_stm32f4xx.o
                0x08003110                AHBPrescTable
 .rodata.vTaskStartScheduler.str1.4
                0x08003120       0x1b build/tasks.o
                                  0x5 (size before relaxing)
 *fill*         0x0800313b        0x1 
 .rodata.uxTopUsedPriority
                0x0800313c        0x4 build/tasks.o
                0x0800313c                uxTopUsedPriority
 .rodata.prvCheckForValidListAndQueue.str1.4
                0x08003140        0x5 build/timers.o
 .rodata.xTimerCreateTimerTask.str1.4
                0x08003140        0x8 build/timers.o
 .rodata.Active_start.str1.4
                0x08003140        0x3 build/Active_Object.o
 .rodata.initEvt.0
                0x08003140        0x2 build/Active_Object.o
                0x08003148                        . = ALIGN (0x4)
 *fill*         0x08003142        0x2 

.ARM.extab
 *(.ARM.extab* .gnu.linkonce.armextab.*)

.ARM            0x08003144        0x8
                0x08003144                        __exidx_start = .
 *(.ARM.exidx*)
 .ARM.exidx.text.__udivmoddi4
                0x08003144        0x8 C:/ARM GNU Toolchain/bin/../lib/gcc/arm-none-eabi/13.3.1/thumb/v7e-m+fp/hard\libgcc.a(_udivmoddi4.o)
                0x0800314c                        __exidx_end = .

.rel.dyn        0x0800314c        0x0
 .rel.iplt      0x0800314c        0x0 C:/ARM GNU Toolchain/bin/../lib/gcc/arm-none-eabi/13.3.1/thumb/v7e-m+fp/hard/crtbegin.o

.preinit_array  0x0800314c        0x0
                0x0800314c                        PROVIDE (__preinit_array_start = .)
 *(.preinit_array*)
                0x0800314c                        PROVIDE (__preinit_array_end = .)

.init_array     0x0800314c        0x4
                0x0800314c                        PROVIDE (__init_array_start = .)
 *(SORT_BY_NAME(.init_array.*))
 *(.init_array*)
 .init_array    0x0800314c        0x4 C:/ARM GNU Toolchain/bin/../lib/gcc/arm-none-eabi/13.3.1/thumb/v7e-m+fp/hard/crtbegin.o
                0x08003150                        PROVIDE (__init_array_end = .)

.fini_array     0x08003150        0x4
                [!provide]                        PROVIDE (__fini_array_start = .)
 *(SORT_BY_NAME(.fini_array.*))
 *(.fini_array*)
 .fini_array    0x08003150        0x4 C:/ARM GNU Toolchain/bin/../lib/gcc/arm-none-eabi/13.3.1/thumb/v7e-m+fp/hard/crtbegin.o
                [!provide]                        PROVIDE (__fini_array_end = .)
                0x08003154                        _sidata = LOADADDR (.data)

.data           0x20000000       0x18 load address 0x08003154
                0x20000000                        . = ALIGN (0x4)
                0x20000000                        _sdata = .
 *(.data)
 *(.data*)
 .data.AO_button
                0x20000000        0x4 build/main.o
                0x20000000                AO_button
 .data.AO_blinky
                0x20000004        0x4 build/main.o
                0x20000004                AO_blinky
 .data.SystemCoreClock
                0x20000008        0x4 build/system_stm32f4xx.o
                0x20000008                SystemCoreClock
 .data.uxCriticalNesting
                0x2000000c        0x4 build/port.o
 .data.uwTickFreq
                0x20000010        0x1 build/stm32f4xx_hal.o
                0x20000010                uwTickFreq
 *fill*         0x20000011        0x3 
 .data.uwTickPrio
                0x20000014        0x4 build/stm32f4xx_hal.o
                0x20000014                uwTickPrio
                0x20000018                        . = ALIGN (0x4)
                0x20000018                        _edata = .
                0x0800316c                        _siccmram = LOADADDR (.ccmram)

.tm_clone_table
                0x20000018        0x0 load address 0x0800316c
 .tm_clone_table
                0x20000018        0x0 C:/ARM GNU Toolchain/bin/../lib/gcc/arm-none-eabi/13.3.1/thumb/v7e-m+fp/hard/crtbegin.o
 .tm_clone_table
                0x20000018        0x0 C:/ARM GNU Toolchain/bin/../lib/gcc/arm-none-eabi/13.3.1/thumb/v7e-m+fp/hard/crtend.o

.igot.plt       0x20000018        0x0 load address 0x0800316c
 .igot.plt      0x20000018        0x0 C:/ARM GNU Toolchain/bin/../lib/gcc/arm-none-eabi/13.3.1/thumb/v7e-m+fp/hard/crtbegin.o

.ccmram         0x10000000        0x0 load address 0x0800316c
                0x10000000                        . = ALIGN (0x4)
                0x10000000                        _sccmram = .
 *(.ccmram)
 *(.ccmram*)
                0x10000000                        . = ALIGN (0x4)
                0x10000000                        _eccmram = .
                0x10000000                        . = ALIGN (0x4)

.bss            0x20000018    0x12f74
                0x20000018                        _sbss = .
                0x20000018                        __bss_start__ = _sbss
 *(.bss)
 *(.bss*)
 .bss.completed.1
                0x20000018        0x1 C:/ARM GNU Toolchain/bin/../lib/gcc/arm-none-eabi/13.3.1/thumb/v7e-m+fp/hard/crtbegin.o
 *fill*         0x20000019        0x3 
 .bss.object.0  0x2000001c       0x18 C:/ARM GNU Toolchain/bin/../lib/gcc/arm-none-eabi/13.3.1/thumb/v7e-m+fp/hard/crtbegin.o
 .bss.button    0x20000034       0xb4 build/main.o
 .bss.blinky    0x200000e8       0xb4 build/main.o
 .bss.htim7     0x2000019c       0x48 build/main.o
                0x2000019c                htim7
 .bss.ulMaxPRIGROUPValue
                0x200001e4        0x4 build/port.o
 .bss.ucMaxSysCallPriority
                0x200001e8        0x1 build/port.o
 *fill*         0x200001e9        0x3 
 .bss.xNumberOfSuccessfulFrees
                0x200001ec        0x4 build/heap_4.o
 .bss.xNumberOfSuccessfulAllocations
                0x200001f0        0x4 build/heap_4.o
 .bss.xMinimumEverFreeBytesRemaining
                0x200001f4        0x4 build/heap_4.o
 .bss.xFreeBytesRemaining
                0x200001f8        0x4 build/heap_4.o
 .bss.pxEnd     0x200001fc        0x4 build/heap_4.o
 .bss.xStart    0x20000200        0x8 build/heap_4.o
 .bss.ucHeap    0x20000208    0x12c00 build/heap_4.o
 .bss.xQueueRegistry
                0x20012e08       0x40 build/queue.o
                0x20012e08                xQueueRegistry
 .bss.uxSchedulerSuspended
                0x20012e48        0x4 build/tasks.o
 .bss.xIdleTaskHandle
                0x20012e4c        0x4 build/tasks.o
 .bss.xNextTaskUnblockTime
                0x20012e50        0x4 build/tasks.o
 .bss.uxTaskNumber
                0x20012e54        0x4 build/tasks.o
 .bss.xNumOfOverflows
                0x20012e58        0x4 build/tasks.o
 .bss.xYieldPending
                0x20012e5c        0x4 build/tasks.o
 .bss.xPendedTicks
                0x20012e60        0x4 build/tasks.o
 .bss.xSchedulerRunning
                0x20012e64        0x4 build/tasks.o
 .bss.uxTopReadyPriority
                0x20012e68        0x4 build/tasks.o
 .bss.xTickCount
                0x20012e6c        0x4 build/tasks.o
 .bss.uxCurrentNumberOfTasks
                0x20012e70        0x4 build/tasks.o
 .bss.xSuspendedTaskList
                0x20012e74       0x14 build/tasks.o
 .bss.uxDeletedTasksWaitingCleanUp
                0x20012e88        0x4 build/tasks.o
 .bss.xTasksWaitingTermination
                0x20012e8c       0x14 build/tasks.o
 .bss.xPendingReadyList
                0x20012ea0       0x14 build/tasks.o
 .bss.pxOverflowDelayedTaskList
                0x20012eb4        0x4 build/tasks.o
 .bss.pxDelayedTaskList
                0x20012eb8        0x4 build/tasks.o
 .bss.xDelayedTaskList2
                0x20012ebc       0x14 build/tasks.o
 .bss.xDelayedTaskList1
                0x20012ed0       0x14 build/tasks.o
 .bss.pxReadyTasksLists
                0x20012ee4       0x64 build/tasks.o
 .bss.pxCurrentTCB
                0x20012f48        0x4 build/tasks.o
                0x20012f48                pxCurrentTCB
 .bss.xLastTime.0
                0x20012f4c        0x4 build/timers.o
 .bss.xTimerTaskHandle
                0x20012f50        0x4 build/timers.o
 .bss.xTimerQueue
                0x20012f54        0x4 build/timers.o
 .bss.pxOverflowTimerList
                0x20012f58        0x4 build/timers.o
 .bss.pxCurrentTimerList
                0x20012f5c        0x4 build/timers.o
 .bss.xActiveTimerList2
                0x20012f60       0x14 build/timers.o
 .bss.xActiveTimerList1
                0x20012f74       0x14 build/timers.o
 .bss.uwTick    0x20012f88        0x4 build/stm32f4xx_hal.o
                0x20012f88                uwTick
 *(COMMON)
                0x20012f8c                        . = ALIGN (0x4)
                0x20012f8c                        _ebss = .
                0x20012f8c                        __bss_end__ = _ebss

._user_heap_stack
                0x20012f8c      0x604
                0x20012f90                        . = ALIGN (0x8)
 *fill*         0x20012f8c        0x4 
                [!provide]                        PROVIDE (end = .)
                0x20012f90                        PROVIDE (_end = .)
                0x20013190                        . = (. + _Min_Heap_Size)
 *fill*         0x20012f90      0x200 
                0x20013590                        . = (. + _Min_Stack_Size)
 *fill*         0x20013190      0x400 
                0x20013590                        . = ALIGN (0x8)

/DISCARD/
 libc.a(*)
 libm.a(*)
 libgcc.a(*)

.ARM.attributes
                0x00000000       0x30
 *(.ARM.attributes)
 .ARM.attributes
                0x00000000       0x22 C:/ARM GNU Toolchain/bin/../lib/gcc/arm-none-eabi/13.3.1/thumb/v7e-m+fp/hard/crti.o
 .ARM.attributes
                0x00000022       0x34 C:/ARM GNU Toolchain/bin/../lib/gcc/arm-none-eabi/13.3.1/thumb/v7e-m+fp/hard/crtbegin.o
 .ARM.attributes
                0x00000056       0x34 build/main.o
 .ARM.attributes
                0x0000008a       0x34 build/stm32f4xx_hal_msp.o
 .ARM.attributes
                0x000000be       0x34 build/stm32f4xx_it.o
 .ARM.attributes
                0x000000f2       0x34 build/system_stm32f4xx.o
 .ARM.attributes
                0x00000126       0x34 build/port.o
 .ARM.attributes
                0x0000015a       0x34 build/heap_4.o
 .ARM.attributes
                0x0000018e       0x34 build/list.o
 .ARM.attributes
                0x000001c2       0x34 build/queue.o
 .ARM.attributes
                0x000001f6       0x34 build/tasks.o
 .ARM.attributes
                0x0000022a       0x34 build/timers.o
 .ARM.attributes
                0x0000025e       0x34 build/stm32f4xx_hal_tim_ex.o
 .ARM.attributes
                0x00000292       0x34 build/stm32f4xx_hal_rcc.o
 .ARM.attributes
                0x000002c6       0x34 build/stm32f4xx_hal_gpio.o
 .ARM.attributes
                0x000002fa       0x34 build/stm32f4xx_hal_cortex.o
 .ARM.attributes
                0x0000032e       0x34 build/stm32f4xx_hal.o
 .ARM.attributes
                0x00000362       0x34 build/stm32f4xx_hal_tim.o
 .ARM.attributes
                0x00000396       0x34 build/Active_Object.o
 .ARM.attributes
                0x000003ca       0x21 build/startup_stm32f407xx.o
 .ARM.attributes
                0x000003eb       0x34 C:/ARM GNU Toolchain/bin/../lib/gcc/arm-none-eabi/13.3.1/thumb/v7e-m+fp/hard\libc_nano.a(libc_a-memset.o)
 .ARM.attributes
                0x0000041f       0x34 C:/ARM GNU Toolchain/bin/../lib/gcc/arm-none-eabi/13.3.1/thumb/v7e-m+fp/hard\libc_nano.a(libc_a-init.o)
 .ARM.attributes
                0x00000453       0x34 C:/ARM GNU Toolchain/bin/../lib/gcc/arm-none-eabi/13.3.1/thumb/v7e-m+fp/hard\libc_nano.a(libc_a-memcpy-stub.o)
 .ARM.attributes
                0x00000487       0x22 C:/ARM GNU Toolchain/bin/../lib/gcc/arm-none-eabi/13.3.1/thumb/v7e-m+fp/hard\libgcc.a(_aeabi_uldivmod.o)
 .ARM.attributes
                0x000004a9       0x34 C:/ARM GNU Toolchain/bin/../lib/gcc/arm-none-eabi/13.3.1/thumb/v7e-m+fp/hard\libgcc.a(_udivmoddi4.o)
 .ARM.attributes
                0x000004dd       0x22 C:/ARM GNU Toolchain/bin/../lib/gcc/arm-none-eabi/13.3.1/thumb/v7e-m+fp/hard\libgcc.a(_dvmd_tls.o)
 .ARM.attributes
                0x000004ff       0x34 C:/ARM GNU Toolchain/bin/../lib/gcc/arm-none-eabi/13.3.1/thumb/v7e-m+fp/hard/crtend.o
 .ARM.attributes
                0x00000533       0x22 C:/ARM GNU Toolchain/bin/../lib/gcc/arm-none-eabi/13.3.1/thumb/v7e-m+fp/hard/crtn.o
OUTPUT(build/BlinkLed_StateMachine.elf elf32-littlearm)
LOAD linker stubs
LOAD C:/ARM GNU Toolchain/bin/../lib/gcc/arm-none-eabi/13.3.1/thumb/v7e-m+fp/hard\libc.a
LOAD C:/ARM GNU Toolchain/bin/../lib/gcc/arm-none-eabi/13.3.1/thumb/v7e-m+fp/hard\libm.a
LOAD C:/ARM GNU Toolchain/bin/../lib/gcc/arm-none-eabi/13.3.1/thumb/v7e-m+fp/hard\libgcc.a

.debug_info     0x00000000    0x13dfc
 .debug_info    0x00000000     0x1c36 build/main.o
 .debug_info    0x00001c36      0x2eb build/stm32f4xx_hal_msp.o
 .debug_info    0x00001f21       0xfb build/stm32f4xx_it.o
 .debug_info    0x0000201c      0x5b3 build/system_stm32f4xx.o
 .debug_info    0x000025cf      0x5c2 build/port.o
 .debug_info    0x00002b91      0x6e0 build/heap_4.o
 .debug_info    0x00003271      0x30f build/list.o
 .debug_info    0x00003580     0x25ff build/queue.o
 .debug_info    0x00005b7f     0x3398 build/tasks.o
 .debug_info    0x00008f17     0x14fb build/timers.o
 .debug_info    0x0000a412     0x1da5 build/stm32f4xx_hal_tim_ex.o
 .debug_info    0x0000c1b7      0xc0a build/stm32f4xx_hal_rcc.o
 .debug_info    0x0000cdc1      0x848 build/stm32f4xx_hal_gpio.o
 .debug_info    0x0000d609     0x11e0 build/stm32f4xx_hal_cortex.o
 .debug_info    0x0000e7e9      0xafa build/stm32f4xx_hal.o
 .debug_info    0x0000f2e3     0x41a0 build/stm32f4xx_hal_tim.o
 .debug_info    0x00013483      0x949 build/Active_Object.o
 .debug_info    0x00013dcc       0x30 build/startup_stm32f407xx.o

.debug_abbrev   0x00000000     0x2a38
 .debug_abbrev  0x00000000      0x37c build/main.o
 .debug_abbrev  0x0000037c       0xd3 build/stm32f4xx_hal_msp.o
 .debug_abbrev  0x0000044f       0x46 build/stm32f4xx_it.o
 .debug_abbrev  0x00000495      0x11b build/system_stm32f4xx.o
 .debug_abbrev  0x000005b0      0x2af build/port.o
 .debug_abbrev  0x0000085f      0x2d5 build/heap_4.o
 .debug_abbrev  0x00000b34      0x124 build/list.o
 .debug_abbrev  0x00000c58      0x39f build/queue.o
 .debug_abbrev  0x00000ff7      0x403 build/tasks.o
 .debug_abbrev  0x000013fa      0x33d build/timers.o
 .debug_abbrev  0x00001737      0x2b7 build/stm32f4xx_hal_tim_ex.o
 .debug_abbrev  0x000019ee      0x2de build/stm32f4xx_hal_rcc.o
 .debug_abbrev  0x00001ccc      0x22b build/stm32f4xx_hal_gpio.o
 .debug_abbrev  0x00001ef7      0x3ca build/stm32f4xx_hal_cortex.o
 .debug_abbrev  0x000022c1      0x244 build/stm32f4xx_hal.o
 .debug_abbrev  0x00002505      0x2bd build/stm32f4xx_hal_tim.o
 .debug_abbrev  0x000027c2      0x259 build/Active_Object.o
 .debug_abbrev  0x00002a1b       0x1d build/startup_stm32f407xx.o

.debug_loc      0x00000000    0x10e11
 .debug_loc     0x00000000      0x3fc build/main.o
 .debug_loc     0x000003fc       0x2c build/stm32f4xx_hal_msp.o
 .debug_loc     0x00000428      0x181 build/system_stm32f4xx.o
 .debug_loc     0x000005a9      0x1c6 build/port.o
 .debug_loc     0x0000076f      0x576 build/heap_4.o
 .debug_loc     0x00000ce5       0xeb build/list.o
 .debug_loc     0x00000dd0     0x1dd6 build/queue.o
 .debug_loc     0x00002ba6     0x3155 build/tasks.o
 .debug_loc     0x00005cfb     0x12b1 build/timers.o
 .debug_loc     0x00006fac     0x22d2 build/stm32f4xx_hal_tim_ex.o
 .debug_loc     0x0000927e      0x720 build/stm32f4xx_hal_rcc.o
 .debug_loc     0x0000999e      0x60b build/stm32f4xx_hal_gpio.o
 .debug_loc     0x00009fa9      0x8ff build/stm32f4xx_hal_cortex.o
 .debug_loc     0x0000a8a8      0x1f9 build/stm32f4xx_hal.o
 .debug_loc     0x0000aaa1     0x6097 build/stm32f4xx_hal_tim.o
 .debug_loc     0x00010b38      0x2d9 build/Active_Object.o

.debug_aranges  0x00000000      0xea0
 .debug_aranges
                0x00000000       0x78 build/main.o
 .debug_aranges
                0x00000078       0x20 build/stm32f4xx_hal_msp.o
 .debug_aranges
                0x00000098       0x48 build/stm32f4xx_it.o
 .debug_aranges
                0x000000e0       0x28 build/system_stm32f4xx.o
 .debug_aranges
                0x00000108       0x80 build/port.o
 .debug_aranges
                0x00000188       0x60 build/heap_4.o
 .debug_aranges
                0x000001e8       0x40 build/list.o
 .debug_aranges
                0x00000228      0x130 build/queue.o
 .debug_aranges
                0x00000358      0x1f8 build/tasks.o
 .debug_aranges
                0x00000550       0xe8 build/timers.o
 .debug_aranges
                0x00000638      0x168 build/stm32f4xx_hal_tim_ex.o
 .debug_aranges
                0x000007a0       0x88 build/stm32f4xx_hal_rcc.o
 .debug_aranges
                0x00000828       0x58 build/stm32f4xx_hal_gpio.o
 .debug_aranges
                0x00000880       0xf8 build/stm32f4xx_hal_cortex.o
 .debug_aranges
                0x00000978       0xf0 build/stm32f4xx_hal.o
 .debug_aranges
                0x00000a68      0x3d0 build/stm32f4xx_hal_tim.o
 .debug_aranges
                0x00000e38       0x40 build/Active_Object.o
 .debug_aranges
                0x00000e78       0x28 build/startup_stm32f407xx.o

.debug_ranges   0x00000000     0x1110
 .debug_ranges  0x00000000       0x80 build/main.o
 .debug_ranges  0x00000080       0x10 build/stm32f4xx_hal_msp.o
 .debug_ranges  0x00000090       0x38 build/stm32f4xx_it.o
 .debug_ranges  0x000000c8       0x18 build/system_stm32f4xx.o
 .debug_ranges  0x000000e0       0x88 build/port.o
 .debug_ranges  0x00000168       0x50 build/heap_4.o
 .debug_ranges  0x000001b8       0x30 build/list.o
 .debug_ranges  0x000001e8      0x220 build/queue.o
 .debug_ranges  0x00000408      0x428 build/tasks.o
 .debug_ranges  0x00000830       0xd8 build/timers.o
 .debug_ranges  0x00000908      0x158 build/stm32f4xx_hal_tim_ex.o
 .debug_ranges  0x00000a60       0x90 build/stm32f4xx_hal_rcc.o
 .debug_ranges  0x00000af0       0x48 build/stm32f4xx_hal_gpio.o
 .debug_ranges  0x00000b38       0xe8 build/stm32f4xx_hal_cortex.o
 .debug_ranges  0x00000c20       0xe0 build/stm32f4xx_hal.o
 .debug_ranges  0x00000d00      0x3c0 build/stm32f4xx_hal_tim.o
 .debug_ranges  0x000010c0       0x30 build/Active_Object.o
 .debug_ranges  0x000010f0       0x20 build/startup_stm32f407xx.o

.debug_line     0x00000000     0xec1f
 .debug_line    0x00000000      0x64d build/main.o
 .debug_line    0x0000064d      0x11f build/stm32f4xx_hal_msp.o
 .debug_line    0x0000076c       0xca build/stm32f4xx_it.o
 .debug_line    0x00000836      0x216 build/system_stm32f4xx.o
 .debug_line    0x00000a4c      0x5bc build/port.o
 .debug_line    0x00001008      0x6f0 build/heap_4.o
 .debug_line    0x000016f8      0x2ed build/list.o
 .debug_line    0x000019e5     0x1a92 build/queue.o
 .debug_line    0x00003477     0x282a build/tasks.o
 .debug_line    0x00005ca1      0xb1e build/timers.o
 .debug_line    0x000067bf     0x1a7f build/stm32f4xx_hal_tim_ex.o
 .debug_line    0x0000823e      0xb86 build/stm32f4xx_hal_rcc.o
 .debug_line    0x00008dc4      0x6bd build/stm32f4xx_hal_gpio.o
 .debug_line    0x00009481      0x7f2 build/stm32f4xx_hal_cortex.o
 .debug_line    0x00009c73      0x52f build/stm32f4xx_hal.o
 .debug_line    0x0000a1a2     0x4736 build/stm32f4xx_hal_tim.o
 .debug_line    0x0000e8d8      0x2d4 build/Active_Object.o
 .debug_line    0x0000ebac       0x73 build/startup_stm32f407xx.o

.debug_str      0x00000000     0x516a
 .debug_str     0x00000000     0x516a build/main.o
                               0x13f1 (size before relaxing)
 .debug_str     0x0000516a      0x29f build/stm32f4xx_hal_msp.o
 .debug_str     0x0000516a      0x1dc build/stm32f4xx_it.o
 .debug_str     0x0000516a      0x359 build/system_stm32f4xx.o
 .debug_str     0x0000516a      0x44e build/port.o
 .debug_str     0x0000516a      0x520 build/heap_4.o
 .debug_str     0x0000516a      0x2d2 build/list.o
 .debug_str     0x0000516a      0xb8d build/queue.o
 .debug_str     0x0000516a     0x11e8 build/tasks.o
 .debug_str     0x0000516a      0x91c build/timers.o
 .debug_str     0x0000516a      0xeef build/stm32f4xx_hal_tim_ex.o
 .debug_str     0x0000516a      0x6ea build/stm32f4xx_hal_rcc.o
 .debug_str     0x0000516a      0x4c4 build/stm32f4xx_hal_gpio.o
 .debug_str     0x0000516a      0xc59 build/stm32f4xx_hal_cortex.o
 .debug_str     0x0000516a      0xb48 build/stm32f4xx_hal.o
 .debug_str     0x0000516a     0x16e3 build/stm32f4xx_hal_tim.o
 .debug_str     0x0000516a      0x505 build/Active_Object.o
 .debug_str     0x0000516a       0x66 build/startup_stm32f407xx.o

.comment        0x00000000       0x45
 .comment       0x00000000       0x45 build/main.o
                                 0x46 (size before relaxing)
 .comment       0x00000045       0x46 build/stm32f4xx_hal_msp.o
 .comment       0x00000045       0x46 build/stm32f4xx_it.o
 .comment       0x00000045       0x46 build/system_stm32f4xx.o
 .comment       0x00000045       0x46 build/port.o
 .comment       0x00000045       0x46 build/heap_4.o
 .comment       0x00000045       0x46 build/list.o
 .comment       0x00000045       0x46 build/queue.o
 .comment       0x00000045       0x46 build/tasks.o
 .comment       0x00000045       0x46 build/timers.o
 .comment       0x00000045       0x46 build/stm32f4xx_hal_tim_ex.o
 .comment       0x00000045       0x46 build/stm32f4xx_hal_rcc.o
 .comment       0x00000045       0x46 build/stm32f4xx_hal_gpio.o
 .comment       0x00000045       0x46 build/stm32f4xx_hal_cortex.o
 .comment       0x00000045       0x46 build/stm32f4xx_hal.o
 .comment       0x00000045       0x46 build/stm32f4xx_hal_tim.o
 .comment       0x00000045       0x46 build/Active_Object.o

.debug_frame    0x00000000     0x2830
 .debug_frame   0x00000000      0x154 build/main.o
 .debug_frame   0x00000154       0x28 build/stm32f4xx_hal_msp.o
 .debug_frame   0x0000017c       0x70 build/stm32f4xx_it.o
 .debug_frame   0x000001ec       0x30 build/system_stm32f4xx.o
 .debug_frame   0x0000021c      0x110 build/port.o
 .debug_frame   0x0000032c       0xec build/heap_4.o
 .debug_frame   0x00000418       0x70 build/list.o
 .debug_frame   0x00000488      0x3cc build/queue.o
 .debug_frame   0x00000854      0x644 build/tasks.o
 .debug_frame   0x00000e98      0x2bc build/timers.o
 .debug_frame   0x00001154      0x418 build/stm32f4xx_hal_tim_ex.o
 .debug_frame   0x0000156c      0x16c build/stm32f4xx_hal_rcc.o
 .debug_frame   0x000016d8       0xd8 build/stm32f4xx_hal_gpio.o
 .debug_frame   0x000017b0      0x214 build/stm32f4xx_hal_cortex.o
 .debug_frame   0x000019c4      0x1ec build/stm32f4xx_hal.o
 .debug_frame   0x00001bb0      0xb10 build/stm32f4xx_hal_tim.o
 .debug_frame   0x000026c0       0x9c build/Active_Object.o
 .debug_frame   0x0000275c       0x20 C:/ARM GNU Toolchain/bin/../lib/gcc/arm-none-eabi/13.3.1/thumb/v7e-m+fp/hard\libc_nano.a(libc_a-memset.o)
 .debug_frame   0x0000277c       0x2c C:/ARM GNU Toolchain/bin/../lib/gcc/arm-none-eabi/13.3.1/thumb/v7e-m+fp/hard\libc_nano.a(libc_a-init.o)
 .debug_frame   0x000027a8       0x28 C:/ARM GNU Toolchain/bin/../lib/gcc/arm-none-eabi/13.3.1/thumb/v7e-m+fp/hard\libc_nano.a(libc_a-memcpy-stub.o)
 .debug_frame   0x000027d0       0x2c C:/ARM GNU Toolchain/bin/../lib/gcc/arm-none-eabi/13.3.1/thumb/v7e-m+fp/hard\libgcc.a(_aeabi_uldivmod.o)
 .debug_frame   0x000027fc       0x34 C:/ARM GNU Toolchain/bin/../lib/gcc/arm-none-eabi/13.3.1/thumb/v7e-m+fp/hard\libgcc.a(_udivmoddi4.o)

.debug_line_str
                0x00000000       0xd5
 .debug_line_str
                0x00000000       0xd5 C:/ARM GNU Toolchain/bin/../lib/gcc/arm-none-eabi/13.3.1/thumb/v7e-m+fp/hard\libgcc.a(_aeabi_uldivmod.o)
                                 0xc9 (size before relaxing)
 .debug_line_str
                0x000000d5       0xcd C:/ARM GNU Toolchain/bin/../lib/gcc/arm-none-eabi/13.3.1/thumb/v7e-m+fp/hard\libgcc.a(_dvmd_tls.o)

Cross Reference Table

Symbol                                            File
ADC_IRQHandler                                    build/startup_stm32f407xx.o
AHBPrescTable                                     build/system_stm32f4xx.o
                                                  build/stm32f4xx_hal_rcc.o
AO_blinky                                         build/main.o
AO_button                                         build/main.o
APBPrescTable                                     build/system_stm32f4xx.o
                                                  build/stm32f4xx_hal_rcc.o
Active_ctor                                       build/Active_Object.o
                                                  build/main.o
Active_post                                       build/Active_Object.o
Active_postFromISR                                build/Active_Object.o
                                                  build/main.o
Active_start                                      build/Active_Object.o
                                                  build/main.o
Blinky_ctor                                       build/main.o
BusFault_Handler                                  build/stm32f4xx_it.o
Button_ctor                                       build/main.o
CAN1_RX0_IRQHandler                               build/startup_stm32f407xx.o
CAN1_RX1_IRQHandler                               build/startup_stm32f407xx.o
CAN1_SCE_IRQHandler                               build/startup_stm32f407xx.o
CAN1_TX_IRQHandler                                build/startup_stm32f407xx.o
CAN2_RX0_IRQHandler                               build/startup_stm32f407xx.o
CAN2_RX1_IRQHandler                               build/startup_stm32f407xx.o
CAN2_SCE_IRQHandler                               build/startup_stm32f407xx.o
CAN2_TX_IRQHandler                                build/startup_stm32f407xx.o
DCMI_IRQHandler                                   build/startup_stm32f407xx.o
DMA1_Stream0_IRQHandler                           build/startup_stm32f407xx.o
DMA1_Stream1_IRQHandler                           build/startup_stm32f407xx.o
DMA1_Stream2_IRQHandler                           build/startup_stm32f407xx.o
DMA1_Stream3_IRQHandler                           build/startup_stm32f407xx.o
DMA1_Stream4_IRQHandler                           build/startup_stm32f407xx.o
DMA1_Stream5_IRQHandler                           build/startup_stm32f407xx.o
DMA1_Stream6_IRQHandler                           build/startup_stm32f407xx.o
DMA1_Stream7_IRQHandler                           build/startup_stm32f407xx.o
DMA2_Stream0_IRQHandler                           build/startup_stm32f407xx.o
DMA2_Stream1_IRQHandler                           build/startup_stm32f407xx.o
DMA2_Stream2_IRQHandler                           build/startup_stm32f407xx.o
DMA2_Stream3_IRQHandler                           build/startup_stm32f407xx.o
DMA2_Stream4_IRQHandler                           build/startup_stm32f407xx.o
DMA2_Stream5_IRQHandler                           build/startup_stm32f407xx.o
DMA2_Stream6_IRQHandler                           build/startup_stm32f407xx.o
DMA2_Stream7_IRQHandler                           build/startup_stm32f407xx.o
DebugMon_Handler                                  build/stm32f4xx_it.o
Default_Handler                                   build/startup_stm32f407xx.o
ETH_IRQHandler                                    build/startup_stm32f407xx.o
ETH_WKUP_IRQHandler                               build/startup_stm32f407xx.o
EXTI0_IRQHandler                                  build/main.o
EXTI15_10_IRQHandler                              build/startup_stm32f407xx.o
EXTI1_IRQHandler                                  build/startup_stm32f407xx.o
EXTI2_IRQHandler                                  build/startup_stm32f407xx.o
EXTI3_IRQHandler                                  build/startup_stm32f407xx.o
EXTI4_IRQHandler                                  build/startup_stm32f407xx.o
EXTI9_5_IRQHandler                                build/startup_stm32f407xx.o
Error_Handler                                     build/main.o
FLASH_Erase_Sector                                build/stm32f4xx_hal_flash_ex.o
                                                  build/stm32f4xx_hal_flash.o
FLASH_FlushCaches                                 build/stm32f4xx_hal_flash_ex.o
                                                  build/stm32f4xx_hal_flash.o
FLASH_IRQHandler                                  build/startup_stm32f407xx.o
FLASH_WaitForLastOperation                        build/stm32f4xx_hal_flash.o
                                                  build/stm32f4xx_hal_flash_ex.o
FPU_IRQHandler                                    build/startup_stm32f407xx.o
FSMC_IRQHandler                                   build/startup_stm32f407xx.o
HAL_CORTEX_ClearEvent                             build/stm32f4xx_hal_cortex.o
HAL_DBGMCU_DisableDBGSleepMode                    build/stm32f4xx_hal.o
HAL_DBGMCU_DisableDBGStandbyMode                  build/stm32f4xx_hal.o
HAL_DBGMCU_DisableDBGStopMode                     build/stm32f4xx_hal.o
HAL_DBGMCU_EnableDBGSleepMode                     build/stm32f4xx_hal.o
HAL_DBGMCU_EnableDBGStandbyMode                   build/stm32f4xx_hal.o
HAL_DBGMCU_EnableDBGStopMode                      build/stm32f4xx_hal.o
HAL_DMAEx_ChangeMemory                            build/stm32f4xx_hal_dma_ex.o
HAL_DMAEx_MultiBufferStart                        build/stm32f4xx_hal_dma_ex.o
HAL_DMAEx_MultiBufferStart_IT                     build/stm32f4xx_hal_dma_ex.o
HAL_DMA_Abort                                     build/stm32f4xx_hal_dma.o
HAL_DMA_Abort_IT                                  build/stm32f4xx_hal_dma.o
                                                  build/stm32f4xx_hal_tim.o
                                                  build/stm32f4xx_hal_tim_ex.o
HAL_DMA_DeInit                                    build/stm32f4xx_hal_dma.o
HAL_DMA_GetError                                  build/stm32f4xx_hal_dma.o
HAL_DMA_GetState                                  build/stm32f4xx_hal_dma.o
HAL_DMA_IRQHandler                                build/stm32f4xx_hal_dma.o
HAL_DMA_Init                                      build/stm32f4xx_hal_dma.o
HAL_DMA_PollForTransfer                           build/stm32f4xx_hal_dma.o
HAL_DMA_RegisterCallback                          build/stm32f4xx_hal_dma.o
HAL_DMA_Start                                     build/stm32f4xx_hal_dma.o
HAL_DMA_Start_IT                                  build/stm32f4xx_hal_dma.o
                                                  build/stm32f4xx_hal_tim.o
                                                  build/stm32f4xx_hal_tim_ex.o
HAL_DMA_UnRegisterCallback                        build/stm32f4xx_hal_dma.o
HAL_DeInit                                        build/stm32f4xx_hal.o
HAL_Delay                                         build/stm32f4xx_hal.o
HAL_DisableCompensationCell                       build/stm32f4xx_hal.o
HAL_EXTI_ClearConfigLine                          build/stm32f4xx_hal_exti.o
HAL_EXTI_ClearPending                             build/stm32f4xx_hal_exti.o
HAL_EXTI_GenerateSWI                              build/stm32f4xx_hal_exti.o
HAL_EXTI_GetConfigLine                            build/stm32f4xx_hal_exti.o
HAL_EXTI_GetHandle                                build/stm32f4xx_hal_exti.o
HAL_EXTI_GetPending                               build/stm32f4xx_hal_exti.o
HAL_EXTI_IRQHandler                               build/stm32f4xx_hal_exti.o
HAL_EXTI_RegisterCallback                         build/stm32f4xx_hal_exti.o
HAL_EXTI_SetConfigLine                            build/stm32f4xx_hal_exti.o
HAL_EnableCompensationCell                        build/stm32f4xx_hal.o
HAL_FLASHEx_Erase                                 build/stm32f4xx_hal_flash_ex.o
HAL_FLASHEx_Erase_IT                              build/stm32f4xx_hal_flash_ex.o
HAL_FLASHEx_OBGetConfig                           build/stm32f4xx_hal_flash_ex.o
HAL_FLASHEx_OBProgram                             build/stm32f4xx_hal_flash_ex.o
HAL_FLASH_EndOfOperationCallback                  build/stm32f4xx_hal_flash.o
HAL_FLASH_GetError                                build/stm32f4xx_hal_flash.o
HAL_FLASH_IRQHandler                              build/stm32f4xx_hal_flash.o
HAL_FLASH_Lock                                    build/stm32f4xx_hal_flash.o
HAL_FLASH_OB_Launch                               build/stm32f4xx_hal_flash.o
HAL_FLASH_OB_Lock                                 build/stm32f4xx_hal_flash.o
HAL_FLASH_OB_Unlock                               build/stm32f4xx_hal_flash.o
HAL_FLASH_OperationErrorCallback                  build/stm32f4xx_hal_flash.o
HAL_FLASH_Program                                 build/stm32f4xx_hal_flash.o
HAL_FLASH_Program_IT                              build/stm32f4xx_hal_flash.o
HAL_FLASH_Unlock                                  build/stm32f4xx_hal_flash.o
HAL_GPIO_DeInit                                   build/stm32f4xx_hal_gpio.o
HAL_GPIO_EXTI_Callback                            build/stm32f4xx_hal_gpio.o
HAL_GPIO_EXTI_IRQHandler                          build/stm32f4xx_hal_gpio.o
HAL_GPIO_Init                                     build/stm32f4xx_hal_gpio.o
                                                  build/stm32f4xx_hal_rcc.o
                                                  build/main.o
HAL_GPIO_LockPin                                  build/stm32f4xx_hal_gpio.o
HAL_GPIO_ReadPin                                  build/stm32f4xx_hal_gpio.o
                                                  build/main.o
HAL_GPIO_TogglePin                                build/stm32f4xx_hal_gpio.o
                                                  build/main.o
HAL_GPIO_WritePin                                 build/stm32f4xx_hal_gpio.o
                                                  build/main.o
HAL_GetDEVID                                      build/stm32f4xx_hal.o
HAL_GetHalVersion                                 build/stm32f4xx_hal.o
HAL_GetREVID                                      build/stm32f4xx_hal.o
HAL_GetTick                                       build/stm32f4xx_hal.o
                                                  build/stm32f4xx_hal_pwr_ex.o
                                                  build/stm32f4xx_hal_dma.o
                                                  build/stm32f4xx_hal_flash.o
                                                  build/stm32f4xx_hal_rcc_ex.o
                                                  build/stm32f4xx_hal_rcc.o
HAL_GetTickFreq                                   build/stm32f4xx_hal.o
HAL_GetTickPrio                                   build/stm32f4xx_hal.o
HAL_GetUIDw0                                      build/stm32f4xx_hal.o
HAL_GetUIDw1                                      build/stm32f4xx_hal.o
HAL_GetUIDw2                                      build/stm32f4xx_hal.o
HAL_IncTick                                       build/stm32f4xx_hal.o
HAL_Init                                          build/stm32f4xx_hal.o
                                                  build/main.o
HAL_InitTick                                      build/stm32f4xx_hal.o
                                                  build/stm32f4xx_hal_rcc_ex.o
                                                  build/stm32f4xx_hal_rcc.o
HAL_MPU_ConfigRegion                              build/stm32f4xx_hal_cortex.o
HAL_MPU_Disable                                   build/stm32f4xx_hal_cortex.o
HAL_MPU_DisableRegion                             build/stm32f4xx_hal_cortex.o
HAL_MPU_Enable                                    build/stm32f4xx_hal_cortex.o
HAL_MPU_EnableRegion                              build/stm32f4xx_hal_cortex.o
HAL_MspDeInit                                     build/stm32f4xx_hal.o
HAL_MspInit                                       build/stm32f4xx_hal_msp.o
HAL_NVIC_ClearPendingIRQ                          build/stm32f4xx_hal_cortex.o
HAL_NVIC_DisableIRQ                               build/stm32f4xx_hal_cortex.o
HAL_NVIC_EnableIRQ                                build/stm32f4xx_hal_cortex.o
                                                  build/main.o
HAL_NVIC_GetActive                                build/stm32f4xx_hal_cortex.o
HAL_NVIC_GetPendingIRQ                            build/stm32f4xx_hal_cortex.o
HAL_NVIC_GetPriority                              build/stm32f4xx_hal_cortex.o
HAL_NVIC_GetPriorityGrouping                      build/stm32f4xx_hal_cortex.o
HAL_NVIC_SetPendingIRQ                            build/stm32f4xx_hal_cortex.o
HAL_NVIC_SetPriority                              build/stm32f4xx_hal_cortex.o
                                                  build/stm32f4xx_hal.o
                                                  build/main.o
HAL_NVIC_SetPriorityGrouping                      build/stm32f4xx_hal_cortex.o
                                                  build/stm32f4xx_hal.o
HAL_NVIC_SystemReset                              build/stm32f4xx_hal_cortex.o
HAL_PWREx_ControlVoltageScaling                   build/stm32f4xx_hal_pwr_ex.o
HAL_PWREx_DisableBkUpReg                          build/stm32f4xx_hal_pwr_ex.o
HAL_PWREx_DisableFlashPowerDown                   build/stm32f4xx_hal_pwr_ex.o
HAL_PWREx_EnableBkUpReg                           build/stm32f4xx_hal_pwr_ex.o
HAL_PWREx_EnableFlashPowerDown                    build/stm32f4xx_hal_pwr_ex.o
HAL_PWREx_GetVoltageRange                         build/stm32f4xx_hal_pwr_ex.o
HAL_PWR_ConfigPVD                                 build/stm32f4xx_hal_pwr.o
HAL_PWR_DeInit                                    build/stm32f4xx_hal_pwr.o
HAL_PWR_DisableBkUpAccess                         build/stm32f4xx_hal_pwr.o
HAL_PWR_DisablePVD                                build/stm32f4xx_hal_pwr.o
HAL_PWR_DisableSEVOnPend                          build/stm32f4xx_hal_pwr.o
HAL_PWR_DisableSleepOnExit                        build/stm32f4xx_hal_pwr.o
HAL_PWR_DisableWakeUpPin                          build/stm32f4xx_hal_pwr.o
HAL_PWR_EnableBkUpAccess                          build/stm32f4xx_hal_pwr.o
HAL_PWR_EnablePVD                                 build/stm32f4xx_hal_pwr.o
HAL_PWR_EnableSEVOnPend                           build/stm32f4xx_hal_pwr.o
HAL_PWR_EnableSleepOnExit                         build/stm32f4xx_hal_pwr.o
HAL_PWR_EnableWakeUpPin                           build/stm32f4xx_hal_pwr.o
HAL_PWR_EnterSLEEPMode                            build/stm32f4xx_hal_pwr.o
HAL_PWR_EnterSTANDBYMode                          build/stm32f4xx_hal_pwr.o
HAL_PWR_EnterSTOPMode                             build/stm32f4xx_hal_pwr.o
HAL_PWR_PVDCallback                               build/stm32f4xx_hal_pwr.o
HAL_PWR_PVD_IRQHandler                            build/stm32f4xx_hal_pwr.o
HAL_RCCEx_DisablePLLI2S                           build/stm32f4xx_hal_rcc_ex.o
HAL_RCCEx_EnablePLLI2S                            build/stm32f4xx_hal_rcc_ex.o
HAL_RCCEx_GetPeriphCLKConfig                      build/stm32f4xx_hal_rcc_ex.o
HAL_RCCEx_GetPeriphCLKFreq                        build/stm32f4xx_hal_rcc_ex.o
HAL_RCCEx_PeriphCLKConfig                         build/stm32f4xx_hal_rcc_ex.o
HAL_RCC_CSSCallback                               build/stm32f4xx_hal_rcc.o
HAL_RCC_ClockConfig                               build/stm32f4xx_hal_rcc.o
                                                  build/main.o
HAL_RCC_DeInit                                    build/stm32f4xx_hal_rcc_ex.o
                                                  build/stm32f4xx_hal_rcc.o
HAL_RCC_DisableCSS                                build/stm32f4xx_hal_rcc.o
HAL_RCC_EnableCSS                                 build/stm32f4xx_hal_rcc.o
HAL_RCC_GetClockConfig                            build/stm32f4xx_hal_rcc.o
HAL_RCC_GetHCLKFreq                               build/stm32f4xx_hal_rcc.o
HAL_RCC_GetOscConfig                              build/stm32f4xx_hal_rcc.o
HAL_RCC_GetPCLK1Freq                              build/stm32f4xx_hal_rcc.o
HAL_RCC_GetPCLK2Freq                              build/stm32f4xx_hal_rcc.o
HAL_RCC_GetSysClockFreq                           build/stm32f4xx_hal_rcc.o
HAL_RCC_MCOConfig                                 build/stm32f4xx_hal_rcc.o
HAL_RCC_NMI_IRQHandler                            build/stm32f4xx_hal_rcc.o
HAL_RCC_OscConfig                                 build/stm32f4xx_hal_rcc.o
                                                  build/main.o
HAL_ResumeTick                                    build/stm32f4xx_hal.o
HAL_SYSTICK_CLKSourceConfig                       build/stm32f4xx_hal_cortex.o
HAL_SYSTICK_Callback                              build/stm32f4xx_hal_cortex.o
HAL_SYSTICK_Config                                build/stm32f4xx_hal_cortex.o
                                                  build/stm32f4xx_hal.o
HAL_SYSTICK_IRQHandler                            build/stm32f4xx_hal_cortex.o
HAL_SetTickFreq                                   build/stm32f4xx_hal.o
HAL_SuspendTick                                   build/stm32f4xx_hal.o
HAL_TIMEx_BreakCallback                           build/stm32f4xx_hal_tim_ex.o
                                                  build/stm32f4xx_hal_tim.o
HAL_TIMEx_CommutCallback                          build/stm32f4xx_hal_tim_ex.o
                                                  build/stm32f4xx_hal_tim.o
HAL_TIMEx_CommutHalfCpltCallback                  build/stm32f4xx_hal_tim_ex.o
HAL_TIMEx_ConfigBreakDeadTime                     build/stm32f4xx_hal_tim_ex.o
HAL_TIMEx_ConfigCommutEvent                       build/stm32f4xx_hal_tim_ex.o
HAL_TIMEx_ConfigCommutEvent_DMA                   build/stm32f4xx_hal_tim_ex.o
HAL_TIMEx_ConfigCommutEvent_IT                    build/stm32f4xx_hal_tim_ex.o
HAL_TIMEx_GetChannelNState                        build/stm32f4xx_hal_tim_ex.o
HAL_TIMEx_HallSensor_DeInit                       build/stm32f4xx_hal_tim_ex.o
HAL_TIMEx_HallSensor_GetState                     build/stm32f4xx_hal_tim_ex.o
HAL_TIMEx_HallSensor_Init                         build/stm32f4xx_hal_tim_ex.o
HAL_TIMEx_HallSensor_MspDeInit                    build/stm32f4xx_hal_tim_ex.o
HAL_TIMEx_HallSensor_MspInit                      build/stm32f4xx_hal_tim_ex.o
HAL_TIMEx_HallSensor_Start                        build/stm32f4xx_hal_tim_ex.o
HAL_TIMEx_HallSensor_Start_DMA                    build/stm32f4xx_hal_tim_ex.o
HAL_TIMEx_HallSensor_Start_IT                     build/stm32f4xx_hal_tim_ex.o
HAL_TIMEx_HallSensor_Stop                         build/stm32f4xx_hal_tim_ex.o
HAL_TIMEx_HallSensor_Stop_DMA                     build/stm32f4xx_hal_tim_ex.o
HAL_TIMEx_HallSensor_Stop_IT                      build/stm32f4xx_hal_tim_ex.o
HAL_TIMEx_MasterConfigSynchronization             build/stm32f4xx_hal_tim_ex.o
                                                  build/main.o
HAL_TIMEx_OCN_Start                               build/stm32f4xx_hal_tim_ex.o
HAL_TIMEx_OCN_Start_DMA                           build/stm32f4xx_hal_tim_ex.o
HAL_TIMEx_OCN_Start_IT                            build/stm32f4xx_hal_tim_ex.o
HAL_TIMEx_OCN_Stop                                build/stm32f4xx_hal_tim_ex.o
HAL_TIMEx_OCN_Stop_DMA                            build/stm32f4xx_hal_tim_ex.o
HAL_TIMEx_OCN_Stop_IT                             build/stm32f4xx_hal_tim_ex.o
HAL_TIMEx_OnePulseN_Start                         build/stm32f4xx_hal_tim_ex.o
HAL_TIMEx_OnePulseN_Start_IT                      build/stm32f4xx_hal_tim_ex.o
HAL_TIMEx_OnePulseN_Stop                          build/stm32f4xx_hal_tim_ex.o
HAL_TIMEx_OnePulseN_Stop_IT                       build/stm32f4xx_hal_tim_ex.o
HAL_TIMEx_PWMN_Start                              build/stm32f4xx_hal_tim_ex.o
HAL_TIMEx_PWMN_Start_DMA                          build/stm32f4xx_hal_tim_ex.o
HAL_TIMEx_PWMN_Start_IT                           build/stm32f4xx_hal_tim_ex.o
HAL_TIMEx_PWMN_Stop                               build/stm32f4xx_hal_tim_ex.o
HAL_TIMEx_PWMN_Stop_DMA                           build/stm32f4xx_hal_tim_ex.o
HAL_TIMEx_PWMN_Stop_IT                            build/stm32f4xx_hal_tim_ex.o
HAL_TIMEx_RemapConfig                             build/stm32f4xx_hal_tim_ex.o
HAL_TIM_Base_DeInit                               build/stm32f4xx_hal_tim.o
HAL_TIM_Base_GetState                             build/stm32f4xx_hal_tim.o
HAL_TIM_Base_Init                                 build/stm32f4xx_hal_tim.o
                                                  build/main.o
HAL_TIM_Base_MspDeInit                            build/stm32f4xx_hal_tim.o
HAL_TIM_Base_MspInit                              build/stm32f4xx_hal_tim.o
HAL_TIM_Base_Start                                build/stm32f4xx_hal_tim.o
HAL_TIM_Base_Start_DMA                            build/stm32f4xx_hal_tim.o
HAL_TIM_Base_Start_IT                             build/stm32f4xx_hal_tim.o
                                                  build/main.o
HAL_TIM_Base_Stop                                 build/stm32f4xx_hal_tim.o
HAL_TIM_Base_Stop_DMA                             build/stm32f4xx_hal_tim.o
HAL_TIM_Base_Stop_IT                              build/stm32f4xx_hal_tim.o
HAL_TIM_ConfigClockSource                         build/stm32f4xx_hal_tim.o
HAL_TIM_ConfigOCrefClear                          build/stm32f4xx_hal_tim.o
HAL_TIM_ConfigTI1Input                            build/stm32f4xx_hal_tim.o
HAL_TIM_DMABurstState                             build/stm32f4xx_hal_tim.o
HAL_TIM_DMABurst_MultiReadStart                   build/stm32f4xx_hal_tim.o
HAL_TIM_DMABurst_MultiWriteStart                  build/stm32f4xx_hal_tim.o
HAL_TIM_DMABurst_ReadStart                        build/stm32f4xx_hal_tim.o
HAL_TIM_DMABurst_ReadStop                         build/stm32f4xx_hal_tim.o
HAL_TIM_DMABurst_WriteStart                       build/stm32f4xx_hal_tim.o
HAL_TIM_DMABurst_WriteStop                        build/stm32f4xx_hal_tim.o
HAL_TIM_Encoder_DeInit                            build/stm32f4xx_hal_tim.o
HAL_TIM_Encoder_GetState                          build/stm32f4xx_hal_tim.o
HAL_TIM_Encoder_Init                              build/stm32f4xx_hal_tim.o
HAL_TIM_Encoder_MspDeInit                         build/stm32f4xx_hal_tim.o
HAL_TIM_Encoder_MspInit                           build/stm32f4xx_hal_tim.o
HAL_TIM_Encoder_Start                             build/stm32f4xx_hal_tim.o
HAL_TIM_Encoder_Start_DMA                         build/stm32f4xx_hal_tim.o
HAL_TIM_Encoder_Start_IT                          build/stm32f4xx_hal_tim.o
HAL_TIM_Encoder_Stop                              build/stm32f4xx_hal_tim.o
HAL_TIM_Encoder_Stop_DMA                          build/stm32f4xx_hal_tim.o
HAL_TIM_Encoder_Stop_IT                           build/stm32f4xx_hal_tim.o
HAL_TIM_ErrorCallback                             build/stm32f4xx_hal_tim.o
                                                  build/stm32f4xx_hal_tim_ex.o
HAL_TIM_GenerateEvent                             build/stm32f4xx_hal_tim.o
HAL_TIM_GetActiveChannel                          build/stm32f4xx_hal_tim.o
HAL_TIM_GetChannelState                           build/stm32f4xx_hal_tim.o
HAL_TIM_IC_CaptureCallback                        build/stm32f4xx_hal_tim.o
HAL_TIM_IC_CaptureHalfCpltCallback                build/stm32f4xx_hal_tim.o
HAL_TIM_IC_ConfigChannel                          build/stm32f4xx_hal_tim.o
HAL_TIM_IC_DeInit                                 build/stm32f4xx_hal_tim.o
HAL_TIM_IC_GetState                               build/stm32f4xx_hal_tim.o
HAL_TIM_IC_Init                                   build/stm32f4xx_hal_tim.o
HAL_TIM_IC_MspDeInit                              build/stm32f4xx_hal_tim.o
HAL_TIM_IC_MspInit                                build/stm32f4xx_hal_tim.o
HAL_TIM_IC_Start                                  build/stm32f4xx_hal_tim.o
HAL_TIM_IC_Start_DMA                              build/stm32f4xx_hal_tim.o
HAL_TIM_IC_Start_IT                               build/stm32f4xx_hal_tim.o
HAL_TIM_IC_Stop                                   build/stm32f4xx_hal_tim.o
HAL_TIM_IC_Stop_DMA                               build/stm32f4xx_hal_tim.o
HAL_TIM_IC_Stop_IT                                build/stm32f4xx_hal_tim.o
HAL_TIM_IRQHandler                                build/stm32f4xx_hal_tim.o
                                                  build/main.o
HAL_TIM_OC_ConfigChannel                          build/stm32f4xx_hal_tim.o
HAL_TIM_OC_DeInit                                 build/stm32f4xx_hal_tim.o
HAL_TIM_OC_DelayElapsedCallback                   build/stm32f4xx_hal_tim.o
HAL_TIM_OC_GetState                               build/stm32f4xx_hal_tim.o
HAL_TIM_OC_Init                                   build/stm32f4xx_hal_tim.o
HAL_TIM_OC_MspDeInit                              build/stm32f4xx_hal_tim.o
HAL_TIM_OC_MspInit                                build/stm32f4xx_hal_tim.o
HAL_TIM_OC_Start                                  build/stm32f4xx_hal_tim.o
HAL_TIM_OC_Start_DMA                              build/stm32f4xx_hal_tim.o
HAL_TIM_OC_Start_IT                               build/stm32f4xx_hal_tim.o
HAL_TIM_OC_Stop                                   build/stm32f4xx_hal_tim.o
HAL_TIM_OC_Stop_DMA                               build/stm32f4xx_hal_tim.o
HAL_TIM_OC_Stop_IT                                build/stm32f4xx_hal_tim.o
HAL_TIM_OnePulse_ConfigChannel                    build/stm32f4xx_hal_tim.o
HAL_TIM_OnePulse_DeInit                           build/stm32f4xx_hal_tim.o
HAL_TIM_OnePulse_GetState                         build/stm32f4xx_hal_tim.o
HAL_TIM_OnePulse_Init                             build/stm32f4xx_hal_tim.o
HAL_TIM_OnePulse_MspDeInit                        build/stm32f4xx_hal_tim.o
HAL_TIM_OnePulse_MspInit                          build/stm32f4xx_hal_tim.o
HAL_TIM_OnePulse_Start                            build/stm32f4xx_hal_tim.o
HAL_TIM_OnePulse_Start_IT                         build/stm32f4xx_hal_tim.o
HAL_TIM_OnePulse_Stop                             build/stm32f4xx_hal_tim.o
HAL_TIM_OnePulse_Stop_IT                          build/stm32f4xx_hal_tim.o
HAL_TIM_PWM_ConfigChannel                         build/stm32f4xx_hal_tim.o
HAL_TIM_PWM_DeInit                                build/stm32f4xx_hal_tim.o
HAL_TIM_PWM_GetState                              build/stm32f4xx_hal_tim.o
HAL_TIM_PWM_Init                                  build/stm32f4xx_hal_tim.o
HAL_TIM_PWM_MspDeInit                             build/stm32f4xx_hal_tim.o
HAL_TIM_PWM_MspInit                               build/stm32f4xx_hal_tim.o
HAL_TIM_PWM_PulseFinishedCallback                 build/stm32f4xx_hal_tim.o
                                                  build/stm32f4xx_hal_tim_ex.o
HAL_TIM_PWM_PulseFinishedHalfCpltCallback         build/stm32f4xx_hal_tim.o
HAL_TIM_PWM_Start                                 build/stm32f4xx_hal_tim.o
HAL_TIM_PWM_Start_DMA                             build/stm32f4xx_hal_tim.o
HAL_TIM_PWM_Start_IT                              build/stm32f4xx_hal_tim.o
HAL_TIM_PWM_Stop                                  build/stm32f4xx_hal_tim.o
HAL_TIM_PWM_Stop_DMA                              build/stm32f4xx_hal_tim.o
HAL_TIM_PWM_Stop_IT                               build/stm32f4xx_hal_tim.o
HAL_TIM_PeriodElapsedCallback                     build/main.o
HAL_TIM_PeriodElapsedHalfCpltCallback             build/stm32f4xx_hal_tim.o
HAL_TIM_ReadCapturedValue                         build/stm32f4xx_hal_tim.o
HAL_TIM_SlaveConfigSynchro                        build/stm32f4xx_hal_tim.o
HAL_TIM_SlaveConfigSynchro_IT                     build/stm32f4xx_hal_tim.o
HAL_TIM_TriggerCallback                           build/stm32f4xx_hal_tim.o
HAL_TIM_TriggerHalfCpltCallback                   build/stm32f4xx_hal_tim.o
HASH_RNG_IRQHandler                               build/startup_stm32f407xx.o
HardFault_Handler                                 build/stm32f4xx_it.o
I2C1_ER_IRQHandler                                build/startup_stm32f407xx.o
I2C1_EV_IRQHandler                                build/startup_stm32f407xx.o
I2C2_ER_IRQHandler                                build/startup_stm32f407xx.o
I2C2_EV_IRQHandler                                build/startup_stm32f407xx.o
I2C3_ER_IRQHandler                                build/startup_stm32f407xx.o
I2C3_EV_IRQHandler                                build/startup_stm32f407xx.o
MX_TIM7_Init                                      build/main.o
MemManage_Handler                                 build/stm32f4xx_it.o
NMI_Handler                                       build/stm32f4xx_it.o
OTG_FS_IRQHandler                                 build/startup_stm32f407xx.o
OTG_FS_WKUP_IRQHandler                            build/startup_stm32f407xx.o
OTG_HS_EP1_IN_IRQHandler                          build/startup_stm32f407xx.o
OTG_HS_EP1_OUT_IRQHandler                         build/startup_stm32f407xx.o
OTG_HS_IRQHandler                                 build/startup_stm32f407xx.o
OTG_HS_WKUP_IRQHandler                            build/startup_stm32f407xx.o
PVD_IRQHandler                                    build/startup_stm32f407xx.o
PendSV_Handler                                    build/port.o
RCC_IRQHandler                                    build/startup_stm32f407xx.o
RTC_Alarm_IRQHandler                              build/startup_stm32f407xx.o
RTC_WKUP_IRQHandler                               build/startup_stm32f407xx.o
Reset_Handler                                     build/startup_stm32f407xx.o
SDIO_IRQHandler                                   build/startup_stm32f407xx.o
SPI1_IRQHandler                                   build/startup_stm32f407xx.o
SPI2_IRQHandler                                   build/startup_stm32f407xx.o
SPI3_IRQHandler                                   build/startup_stm32f407xx.o
SVC_Handler                                       build/port.o
SysTick_Handler                                   build/port.o
SystemClock_Config                                build/main.o
SystemCoreClock                                   build/system_stm32f4xx.o
                                                  build/stm32f4xx_hal.o
                                                  build/stm32f4xx_hal_dma.o
                                                  build/stm32f4xx_hal_rcc_ex.o
                                                  build/stm32f4xx_hal_rcc.o
                                                  build/port.o
SystemCoreClockUpdate                             build/system_stm32f4xx.o
SystemInit                                        build/system_stm32f4xx.o
                                                  build/startup_stm32f407xx.o
TAMP_STAMP_IRQHandler                             build/startup_stm32f407xx.o
TIM1_BRK_TIM9_IRQHandler                          build/startup_stm32f407xx.o
TIM1_CC_IRQHandler                                build/startup_stm32f407xx.o
TIM1_TRG_COM_TIM11_IRQHandler                     build/startup_stm32f407xx.o
TIM1_UP_TIM10_IRQHandler                          build/startup_stm32f407xx.o
TIM2_IRQHandler                                   build/startup_stm32f407xx.o
TIM3_IRQHandler                                   build/startup_stm32f407xx.o
TIM4_IRQHandler                                   build/startup_stm32f407xx.o
TIM5_IRQHandler                                   build/startup_stm32f407xx.o
TIM6_DAC_IRQHandler                               build/startup_stm32f407xx.o
TIM7_IRQHandler                                   build/main.o
TIM8_BRK_TIM12_IRQHandler                         build/startup_stm32f407xx.o
TIM8_CC_IRQHandler                                build/startup_stm32f407xx.o
TIM8_TRG_COM_TIM14_IRQHandler                     build/startup_stm32f407xx.o
TIM8_UP_TIM13_IRQHandler                          build/startup_stm32f407xx.o
TIMEx_DMACommutationCplt                          build/stm32f4xx_hal_tim_ex.o
                                                  build/stm32f4xx_hal_tim.o
TIMEx_DMACommutationHalfCplt                      build/stm32f4xx_hal_tim_ex.o
                                                  build/stm32f4xx_hal_tim.o
TIM_Base_SetConfig                                build/stm32f4xx_hal_tim.o
                                                  build/stm32f4xx_hal_tim_ex.o
TIM_CCxChannelCmd                                 build/stm32f4xx_hal_tim.o
                                                  build/stm32f4xx_hal_tim_ex.o
TIM_DMACaptureCplt                                build/stm32f4xx_hal_tim.o
                                                  build/stm32f4xx_hal_tim_ex.o
TIM_DMACaptureHalfCplt                            build/stm32f4xx_hal_tim.o
                                                  build/stm32f4xx_hal_tim_ex.o
TIM_DMADelayPulseHalfCplt                         build/stm32f4xx_hal_tim.o
                                                  build/stm32f4xx_hal_tim_ex.o
TIM_DMAError                                      build/stm32f4xx_hal_tim.o
                                                  build/stm32f4xx_hal_tim_ex.o
TIM_ETR_SetConfig                                 build/stm32f4xx_hal_tim.o
TIM_OC2_SetConfig                                 build/stm32f4xx_hal_tim.o
                                                  build/stm32f4xx_hal_tim_ex.o
TIM_TI1_SetConfig                                 build/stm32f4xx_hal_tim.o
                                                  build/stm32f4xx_hal_tim_ex.o
UART4_IRQHandler                                  build/startup_stm32f407xx.o
UART5_IRQHandler                                  build/startup_stm32f407xx.o
USART1_IRQHandler                                 build/startup_stm32f407xx.o
USART2_IRQHandler                                 build/startup_stm32f407xx.o
USART3_IRQHandler                                 build/startup_stm32f407xx.o
USART6_IRQHandler                                 build/startup_stm32f407xx.o
UsageFault_Handler                                build/stm32f4xx_it.o
WWDG_IRQHandler                                   build/startup_stm32f407xx.o
_ITM_deregisterTMCloneTable                       C:/ARM GNU Toolchain/bin/../lib/gcc/arm-none-eabi/13.3.1/thumb/v7e-m+fp/hard/crtbegin.o
_ITM_registerTMCloneTable                         C:/ARM GNU Toolchain/bin/../lib/gcc/arm-none-eabi/13.3.1/thumb/v7e-m+fp/hard/crtbegin.o
_Min_Stack_Size                                   build/sysmem.o
__TMC_END__                                       C:/ARM GNU Toolchain/bin/../lib/gcc/arm-none-eabi/13.3.1/thumb/v7e-m+fp/hard/crtend.o
                                                  C:/ARM GNU Toolchain/bin/../lib/gcc/arm-none-eabi/13.3.1/thumb/v7e-m+fp/hard/crtbegin.o
__aeabi_idiv0                                     C:/ARM GNU Toolchain/bin/../lib/gcc/arm-none-eabi/13.3.1/thumb/v7e-m+fp/hard\libgcc.a(_dvmd_tls.o)
__aeabi_ldiv0                                     C:/ARM GNU Toolchain/bin/../lib/gcc/arm-none-eabi/13.3.1/thumb/v7e-m+fp/hard\libgcc.a(_dvmd_tls.o)
                                                  C:/ARM GNU Toolchain/bin/../lib/gcc/arm-none-eabi/13.3.1/thumb/v7e-m+fp/hard\libgcc.a(_aeabi_uldivmod.o)
__aeabi_uldivmod                                  C:/ARM GNU Toolchain/bin/../lib/gcc/arm-none-eabi/13.3.1/thumb/v7e-m+fp/hard\libgcc.a(_aeabi_uldivmod.o)
                                                  build/stm32f4xx_hal_rcc.o
__bss_end__                                       C:/ARM GNU Toolchain/bin/../lib/gcc/arm-none-eabi/13.3.1/thumb/v7e-m+fp/hard/crt0.o
__bss_start__                                     C:/ARM GNU Toolchain/bin/../lib/gcc/arm-none-eabi/13.3.1/thumb/v7e-m+fp/hard/crt0.o
__call_exitprocs                                  C:/ARM GNU Toolchain/bin/../lib/gcc/arm-none-eabi/13.3.1/thumb/v7e-m+fp/hard\libc_nano.a(libc_a-exit.o)
__deregister_frame_info                           C:/ARM GNU Toolchain/bin/../lib/gcc/arm-none-eabi/13.3.1/thumb/v7e-m+fp/hard/crtbegin.o
__dso_handle                                      C:/ARM GNU Toolchain/bin/../lib/gcc/arm-none-eabi/13.3.1/thumb/v7e-m+fp/hard/crtbegin.o
__env                                             build/syscalls.o
__errno                                           C:/ARM GNU Toolchain/bin/../lib/gcc/arm-none-eabi/13.3.1/thumb/v7e-m+fp/hard\libc_nano.a(libc_a-errno.o)
                                                  build/sysmem.o
                                                  build/syscalls.o
__fp_lock_all                                     C:/ARM GNU Toolchain/bin/../lib/gcc/arm-none-eabi/13.3.1/thumb/v7e-m+fp/hard\libc_nano.a(libc_a-findfp.o)
__fp_unlock_all                                   C:/ARM GNU Toolchain/bin/../lib/gcc/arm-none-eabi/13.3.1/thumb/v7e-m+fp/hard\libc_nano.a(libc_a-findfp.o)
__init_array_end                                  C:/ARM GNU Toolchain/bin/../lib/gcc/arm-none-eabi/13.3.1/thumb/v7e-m+fp/hard\libc_nano.a(libc_a-init.o)
__init_array_start                                C:/ARM GNU Toolchain/bin/../lib/gcc/arm-none-eabi/13.3.1/thumb/v7e-m+fp/hard\libc_nano.a(libc_a-init.o)
__io_getchar                                      build/syscalls.o
__io_putchar                                      build/syscalls.o
__libc_fini_array                                 C:/ARM GNU Toolchain/bin/../lib/gcc/arm-none-eabi/13.3.1/thumb/v7e-m+fp/hard/crt0.o
__libc_init_array                                 C:/ARM GNU Toolchain/bin/../lib/gcc/arm-none-eabi/13.3.1/thumb/v7e-m+fp/hard\libc_nano.a(libc_a-init.o)
                                                  build/startup_stm32f407xx.o
                                                  C:/ARM GNU Toolchain/bin/../lib/gcc/arm-none-eabi/13.3.1/thumb/v7e-m+fp/hard/crt0.o
__lock___arc4random_mutex                         C:/ARM GNU Toolchain/bin/../lib/gcc/arm-none-eabi/13.3.1/thumb/v7e-m+fp/hard\libc_nano.a(libc_a-lock.o)
__lock___at_quick_exit_mutex                      C:/ARM GNU Toolchain/bin/../lib/gcc/arm-none-eabi/13.3.1/thumb/v7e-m+fp/hard\libc_nano.a(libc_a-lock.o)
__lock___atexit_recursive_mutex                   C:/ARM GNU Toolchain/bin/../lib/gcc/arm-none-eabi/13.3.1/thumb/v7e-m+fp/hard\libc_nano.a(libc_a-lock.o)
__lock___dd_hash_mutex                            C:/ARM GNU Toolchain/bin/../lib/gcc/arm-none-eabi/13.3.1/thumb/v7e-m+fp/hard\libc_nano.a(libc_a-lock.o)
__lock___env_recursive_mutex                      C:/ARM GNU Toolchain/bin/../lib/gcc/arm-none-eabi/13.3.1/thumb/v7e-m+fp/hard\libc_nano.a(libc_a-lock.o)
__lock___malloc_recursive_mutex                   C:/ARM GNU Toolchain/bin/../lib/gcc/arm-none-eabi/13.3.1/thumb/v7e-m+fp/hard\libc_nano.a(libc_a-lock.o)
                                                  C:/ARM GNU Toolchain/bin/../lib/gcc/arm-none-eabi/13.3.1/thumb/v7e-m+fp/hard\libc_nano.a(libc_a-mlock.o)
__lock___sfp_recursive_mutex                      C:/ARM GNU Toolchain/bin/../lib/gcc/arm-none-eabi/13.3.1/thumb/v7e-m+fp/hard\libc_nano.a(libc_a-lock.o)
                                                  C:/ARM GNU Toolchain/bin/../lib/gcc/arm-none-eabi/13.3.1/thumb/v7e-m+fp/hard\libc_nano.a(libc_a-findfp.o)
__lock___tz_mutex                                 C:/ARM GNU Toolchain/bin/../lib/gcc/arm-none-eabi/13.3.1/thumb/v7e-m+fp/hard\libc_nano.a(libc_a-lock.o)
__malloc_free_list                                C:/ARM GNU Toolchain/bin/../lib/gcc/arm-none-eabi/13.3.1/thumb/v7e-m+fp/hard\libc_nano.a(libc_a-mallocr.o)
                                                  C:/ARM GNU Toolchain/bin/../lib/gcc/arm-none-eabi/13.3.1/thumb/v7e-m+fp/hard\libc_nano.a(libc_a-freer.o)
__malloc_lock                                     C:/ARM GNU Toolchain/bin/../lib/gcc/arm-none-eabi/13.3.1/thumb/v7e-m+fp/hard\libc_nano.a(libc_a-mlock.o)
                                                  C:/ARM GNU Toolchain/bin/../lib/gcc/arm-none-eabi/13.3.1/thumb/v7e-m+fp/hard\libc_nano.a(libc_a-mallocr.o)
                                                  C:/ARM GNU Toolchain/bin/../lib/gcc/arm-none-eabi/13.3.1/thumb/v7e-m+fp/hard\libc_nano.a(libc_a-freer.o)
__malloc_sbrk_start                               C:/ARM GNU Toolchain/bin/../lib/gcc/arm-none-eabi/13.3.1/thumb/v7e-m+fp/hard\libc_nano.a(libc_a-mallocr.o)
__malloc_unlock                                   C:/ARM GNU Toolchain/bin/../lib/gcc/arm-none-eabi/13.3.1/thumb/v7e-m+fp/hard\libc_nano.a(libc_a-mlock.o)
                                                  C:/ARM GNU Toolchain/bin/../lib/gcc/arm-none-eabi/13.3.1/thumb/v7e-m+fp/hard\libc_nano.a(libc_a-mallocr.o)
                                                  C:/ARM GNU Toolchain/bin/../lib/gcc/arm-none-eabi/13.3.1/thumb/v7e-m+fp/hard\libc_nano.a(libc_a-freer.o)
__preinit_array_end                               C:/ARM GNU Toolchain/bin/../lib/gcc/arm-none-eabi/13.3.1/thumb/v7e-m+fp/hard\libc_nano.a(libc_a-init.o)
__preinit_array_start                             C:/ARM GNU Toolchain/bin/../lib/gcc/arm-none-eabi/13.3.1/thumb/v7e-m+fp/hard\libc_nano.a(libc_a-init.o)
__register_frame_info                             C:/ARM GNU Toolchain/bin/../lib/gcc/arm-none-eabi/13.3.1/thumb/v7e-m+fp/hard/crtbegin.o
__retarget_lock_acquire                           C:/ARM GNU Toolchain/bin/../lib/gcc/arm-none-eabi/13.3.1/thumb/v7e-m+fp/hard\libc_nano.a(libc_a-lock.o)
__retarget_lock_acquire_recursive                 C:/ARM GNU Toolchain/bin/../lib/gcc/arm-none-eabi/13.3.1/thumb/v7e-m+fp/hard\libc_nano.a(libc_a-lock.o)
                                                  C:/ARM GNU Toolchain/bin/../lib/gcc/arm-none-eabi/13.3.1/thumb/v7e-m+fp/hard\libc_nano.a(libc_a-fflush.o)
                                                  C:/ARM GNU Toolchain/bin/../lib/gcc/arm-none-eabi/13.3.1/thumb/v7e-m+fp/hard\libc_nano.a(libc_a-mlock.o)
                                                  C:/ARM GNU Toolchain/bin/../lib/gcc/arm-none-eabi/13.3.1/thumb/v7e-m+fp/hard\libc_nano.a(libc_a-findfp.o)
__retarget_lock_close                             C:/ARM GNU Toolchain/bin/../lib/gcc/arm-none-eabi/13.3.1/thumb/v7e-m+fp/hard\libc_nano.a(libc_a-lock.o)
__retarget_lock_close_recursive                   C:/ARM GNU Toolchain/bin/../lib/gcc/arm-none-eabi/13.3.1/thumb/v7e-m+fp/hard\libc_nano.a(libc_a-lock.o)
__retarget_lock_init                              C:/ARM GNU Toolchain/bin/../lib/gcc/arm-none-eabi/13.3.1/thumb/v7e-m+fp/hard\libc_nano.a(libc_a-lock.o)
__retarget_lock_init_recursive                    C:/ARM GNU Toolchain/bin/../lib/gcc/arm-none-eabi/13.3.1/thumb/v7e-m+fp/hard\libc_nano.a(libc_a-lock.o)
                                                  C:/ARM GNU Toolchain/bin/../lib/gcc/arm-none-eabi/13.3.1/thumb/v7e-m+fp/hard\libc_nano.a(libc_a-findfp.o)
__retarget_lock_release                           C:/ARM GNU Toolchain/bin/../lib/gcc/arm-none-eabi/13.3.1/thumb/v7e-m+fp/hard\libc_nano.a(libc_a-lock.o)
__retarget_lock_release_recursive                 C:/ARM GNU Toolchain/bin/../lib/gcc/arm-none-eabi/13.3.1/thumb/v7e-m+fp/hard\libc_nano.a(libc_a-lock.o)
                                                  C:/ARM GNU Toolchain/bin/../lib/gcc/arm-none-eabi/13.3.1/thumb/v7e-m+fp/hard\libc_nano.a(libc_a-fflush.o)
                                                  C:/ARM GNU Toolchain/bin/../lib/gcc/arm-none-eabi/13.3.1/thumb/v7e-m+fp/hard\libc_nano.a(libc_a-mlock.o)
                                                  C:/ARM GNU Toolchain/bin/../lib/gcc/arm-none-eabi/13.3.1/thumb/v7e-m+fp/hard\libc_nano.a(libc_a-findfp.o)
__retarget_lock_try_acquire                       C:/ARM GNU Toolchain/bin/../lib/gcc/arm-none-eabi/13.3.1/thumb/v7e-m+fp/hard\libc_nano.a(libc_a-lock.o)
__retarget_lock_try_acquire_recursive             C:/ARM GNU Toolchain/bin/../lib/gcc/arm-none-eabi/13.3.1/thumb/v7e-m+fp/hard\libc_nano.a(libc_a-lock.o)
__sclose                                          C:/ARM GNU Toolchain/bin/../lib/gcc/arm-none-eabi/13.3.1/thumb/v7e-m+fp/hard\libc_nano.a(libc_a-stdio.o)
                                                  C:/ARM GNU Toolchain/bin/../lib/gcc/arm-none-eabi/13.3.1/thumb/v7e-m+fp/hard\libc_nano.a(libc_a-findfp.o)